\BOOKMARK [1][-]{section.1}{\376\377\000O\000u\000t\000l\000i\000n\000e}{}% 1
\BOOKMARK [1][-]{section.2}{\376\377\000R\000e\000l\000a\000t\000e\000d\000\040\000w\000o\000r\000k\000s}{}% 2
\BOOKMARK [0][-]{part.1}{\376\377\000F\000o\000u\000n\000d\000a\000t\000i\000o\000n\000s}{}% 3
\BOOKMARK [1][-]{section.3}{\376\377\000T\000h\000e\000o\000r\000e\000t\000i\000c\000a\000l\000\040\000f\000o\000u\000n\000d\000a\000t\000i\000o\000n}{part.1}% 4
\BOOKMARK [2][-]{subsection.3.1}{\376\377\000C\000l\000a\000s\000s\000i\000c\000a\000l\000\040\000t\000h\000e\000o\000r\000y\000\040\000o\000f\000\040\000l\000e\000a\000r\000n\000i\000n\000g}{section.3}% 5
\BOOKMARK [2][-]{subsection.3.2}{\376\377\000P\000h\000e\000n\000o\000m\000e\000n\000o\000l\000o\000g\000i\000c\000a\000l\000\040\000a\000b\000e\000r\000r\000a\000t\000i\000o\000n}{section.3}% 6
\BOOKMARK [2][-]{subsection.3.3}{\376\377\000P\000A\000C\000-\000l\000e\000a\000r\000n\000i\000n\000g}{section.3}% 7
\BOOKMARK [2][-]{subsection.3.4}{\376\377\000E\000m\000p\000i\000r\000i\000c\000a\000l\000\040\000a\000n\000d\000\040\000s\000t\000r\000u\000c\000t\000u\000r\000a\000l\000\040\000a\000l\000g\000o\000r\000i\000t\000h\000m\000s}{section.3}% 8
\BOOKMARK [2][-]{subsection.3.5}{\376\377\000T\000h\000e\000\040\000P\000A\000C\000-\000E\000R\000M\000\040\000n\000o\000t\000i\000o\000n}{section.3}% 9
\BOOKMARK [2][-]{subsection.3.6}{\376\377\000N\000o\000i\000s\000e\000,\000\040\0001\0000\000.\0005\0005\0005\0005\000/\0002\0003\0007\0001\0002\0003\0008}{section.3}% 10
\BOOKMARK [0][-]{part.2}{\376\377\000P\000r\000o\000b\000l\000e\000m\000s}{}% 11
\BOOKMARK [1][-]{section.4}{\376\377\000P\000r\000o\000b\000l\000e\000m\000\040\000s\000t\000a\000t\000e\000m\000e\000n\000t\000s}{part.2}% 12
\BOOKMARK [2][-]{subsection.4.1}{\376\377\000B\000i\000a\000s\000-\000v\000a\000r\000i\000a\000n\000c\000e\000\040\000t\000r\000a\000d\000e\000o\000f\000f}{section.4}% 13
\BOOKMARK [3][-]{subsubsection.4.1.1}{\376\377\000P\000r\000e\000c\000u\000r\000s\000o\000r\000\040\000\050\0006\0007\0009\0007\0000\0008\0007\000\051}{subsection.4.1}% 14
\BOOKMARK [3][-]{subsubsection.4.1.2}{\376\377\000E\000x\000p\000a\000n\000s\000i\000o\000n\000\040\000a\000n\000d\000\040\000v\000a\000r\000i\000a\000t\000i\000o\000n\000s}{subsection.4.1}% 15
\BOOKMARK [3][-]{subsubsection.4.1.3}{\376\377\000G\000e\000n\000e\000r\000a\000l\000i\000z\000e\000d\000\040\000d\000e\000c\000o\000m\000p\000o\000s\000i\000t\000i\000o\000n}{subsection.4.1}% 16
\BOOKMARK [3][-]{subsubsection.4.1.4}{\376\377\000B\000i\000a\000s\000-\000v\000a\000r\000i\000a\000n\000c\000e\000\040\000a\000l\000g\000o\000r\000i\000t\000h\000m}{subsection.4.1}% 17
\BOOKMARK [3][-]{subsubsection.4.1.5}{\376\377\000F\000u\000n\000c\000t\000i\000o\000n\000a\000l\000\040\000a\000p\000p\000r\000o\000x\000i\000m\000a\000t\000i\000o\000n\000\040\000a\000l\000g\000o\000r\000i\000t\000h\000m}{subsection.4.1}% 18
\BOOKMARK [3][-]{subsubsection.4.1.6}{\376\377\000A\000p\000p\000r\000o\000x\000i\000m\000a\000t\000i\000o\000n\000-\000e\000s\000t\000i\000m\000a\000t\000i\000o\000n\000\040\000t\000r\000a\000d\000e\000o\000f\000f}{subsection.4.1}% 19
\BOOKMARK [2][-]{subsection.4.2}{\376\377\000D\000o\000u\000b\000l\000e\000\040\000d\000e\000s\000c\000e\000n\000t}{section.4}% 20
\BOOKMARK [0][-]{part.3}{\376\377\000C\000o\000n\000c\000u\000r\000r\000e\000n\000t\000\040\000a\000n\000a\000l\000y\000s\000i\000s}{}% 21
\BOOKMARK [1][-]{section.5}{\376\377\000C\000u\000r\000r\000e\000n\000t\000\040\000r\000e\000s\000e\000a\000r\000c\000h\000e\000s}{part.3}% 22
\BOOKMARK [2][-]{subsection.5.1}{\376\377\000D\000i\000s\000c\000o\000v\000e\000r\000y\000\040\000o\000f\000\040\000d\000o\000u\000b\000l\000e\000\040\000d\000e\000s\000c\000e\000n\000t}{section.5}% 23
\BOOKMARK [2][-]{subsection.5.2}{\376\377\000T\000h\000e\000o\000r\000e\000t\000i\000c\000a\000l\000\040\000a\000t\000t\000a\000c\000k\000s}{section.5}% 24
\BOOKMARK [2][-]{subsection.5.3}{\376\377\000H\000i\000g\000h\000-\000d\000i\000m\000e\000n\000s\000i\000o\000n\000a\000l\000\040\000r\000i\000d\000g\000e\000l\000e\000s\000s\000\040\000i\000n\000t\000e\000r\000p\000o\000l\000a\000t\000i\000o\000n\000\040\000-\000\040\000h\000a\000s\000t\000i\000e\0002\0000\0001\0009\000s\000u\000r\000p\000r\000i\000s\000e\000s}{section.5}% 25
\BOOKMARK [2][-]{subsection.5.4}{\376\377\000S\000a\000m\000p\000l\000e\000-\000w\000i\000s\000e\000\040\000d\000o\000u\000b\000l\000e\000\040\000d\000e\000s\000c\000e\000n\000t\000\040\000-\000\040\000n\000a\000k\000k\000i\000r\000a\000n\0002\0000\0001\0009\000m\000o\000r\000e\000d\000a\000t\000a}{section.5}% 26
\BOOKMARK [2][-]{subsection.5.5}{\376\377\000M\000u\000l\000t\000i\000s\000c\000a\000l\000e\000\040\000f\000e\000a\000t\000u\000r\000e\000\040\000l\000e\000a\000r\000n\000i\000n\000g\000\040\000d\000y\000n\000a\000m\000i\000c\000s\000\040\000-\000\040\000p\000e\000z\000e\000s\000h\000k\000i\0002\0000\0002\0001\000m\000u\000l\000t\000i\000s\000c\000a\000l\000e\000f\000e\000a\000t\000u\000r\000e\000l\000e\000a\000r\000n\000i\000n\000g\000d\000y\000n\000a\000m\000i\000c\000s}{section.5}% 27
\BOOKMARK [2][-]{subsection.5.6}{\376\377\000R\000e\000i\000n\000f\000o\000r\000c\000e\000m\000e\000n\000t\000\040\000l\000e\000a\000r\000n\000i\000n\000g\000\040\000a\000n\000d\000\040\000d\000o\000u\000b\000l\000e\000\040\000d\000e\000s\000c\000e\000n\000t\000\040\000-\000\040\000b\000r\000e\000l\000l\000m\000a\000n\000n\0002\0000\0002\0004\000o\000n}{section.5}% 28
\BOOKMARK [2][-]{subsection.5.7}{\376\377\000O\000u\000t\000-\000o\000f\000-\000D\000i\000s\000t\000r\000i\000b\000u\000t\000i\000o\000n\000\040\000D\000e\000t\000e\000c\000t\000i\000o\000n\000\040\000-\000\040\000a\000m\000m\000a\000r\0002\0000\0002\0005\000d\000o\000u\000b\000l\000e\000d\000e\000s\000c\000e\000n\000t\000m\000e\000e\000t\000s\000o\000u\000t\000o\000f\000d\000i\000s\000t\000r\000i\000b\000u\000t\000i\000o\000n}{section.5}% 29
\BOOKMARK [2][-]{subsection.5.8}{\376\377\000G\000a\000u\000s\000s\000i\000a\000n\000\040\000p\000r\000o\000c\000e\000s\000s\000e\000s\000\040\000a\000n\000d\000\040\000n\000e\000u\000r\000a\000l\000\040\000n\000e\000t\000w\000o\000r\000k\000\040\000-\000\040\000h\000a\000r\000z\000l\000i\0002\0000\0002\0003\000d\000o\000u\000b\000l\000e\000d\000e\000s\000c\000e\000n\000t\000c\000u\000r\000v\000e\000s\000n\000e\000u\000r\000a\000l\000n\000e\000t\000w\000o\000r\000k\000s}{section.5}% 30
\BOOKMARK [2][-]{subsection.5.9}{\376\377\000D\000o\000u\000b\000l\000e\000\040\000d\000e\000s\000c\000e\000n\000t\000\040\000o\000n\000\040\000G\000N\000N\000\040\000-\000\040\000s\000h\000i\0002\0000\0002\0004\000h\000o\000m\000o\000p\000h\000i\000l\000y\000m\000o\000d\000u\000l\000a\000t\000e\000s\000d\000o\000u\000b\000l\000e\000d\000e\000s\000c\000e\000n\000t}{section.5}% 31
\BOOKMARK [2][-]{subsection.5.10}{\376\377\000W\000e\000a\000k\000\040\000f\000e\000a\000t\000u\000r\000e\000\040\000d\000o\000u\000b\000l\000e\000\040\000d\000e\000s\000c\000e\000n\000t\000\040\000-\000\040\000B\000e\000l\000k\000i\000n\0002\0000\0002\0000}{section.5}% 32
\BOOKMARK [2][-]{subsection.5.11}{\376\377\000G\000r\000o\000k\000k\000i\000n\000g\000,\000\040\000E\000m\000e\000r\000g\000e\000n\000c\000e\000,\000\040\000a\000n\000d\000\040\000D\000o\000u\000b\000l\000e\000\040\000D\000e\000s\000c\000e\000n\000t\000\040\000-\000\040\000\040\000h\000u\000a\000n\000g\0002\0000\0002\0005\000s\000a\000m\000p\000l\000e\000c\000o\000m\000p\000l\000e\000x\000i\000t\000y\000r\000e\000p\000r\000e\000s\000e\000n\000t\000a\000t\000i\000o\000n\000a\000b\000i\000l\000i\000t\000y}{section.5}% 33
\BOOKMARK [2][-]{subsection.5.12}{\376\377\000V\000a\000r\000i\000a\000t\000i\000o\000n\000s\000\040\000o\000n\000\040\000a\000n\000a\000l\000y\000s\000i\000s}{section.5}% 34
\BOOKMARK [3][-]{subsubsection.5.12.1}{\376\377\000D\000r\000o\000p\000o\000u\000t\000\040\000a\000n\000d\000\040\000d\000o\000u\000b\000l\000e\000\040\000d\000e\000s\000c\000e\000n\000t\000\040\000-\000\040\000Y\000a\000n\000g\0002\0000\0002\0004}{subsection.5.12}% 35
\BOOKMARK [1][-]{section.6}{\376\377\000P\000r\000o\000b\000l\000e\000m\000s}{part.3}% 36
\BOOKMARK [2][-]{section*.9}{\376\377\000P\000r\000o\000b\000l\000e\000m\000\040\0001\000.\000\040\000A\000u\000t\000h\000o\000r\000i\000t\000a\000t\000i\000v\000e\000\040\000s\000t\000a\000t\000e\000m\000e\000n\000t\000s}{section.6}% 37
\BOOKMARK [3][-]{section*.10}{\376\377\000P\000r\000o\000b\000l\000e\000m\000\040\0002\000.\000\040\000M\000o\000d\000e\000l\000\040\000c\000o\000m\000p\000l\000e\000x\000i\000t\000y}{section*.9}% 38
\BOOKMARK [3][-]{section*.11}{\376\377\000P\000r\000o\000b\000l\000e\000m\000\040\0003\000.\000\040\000M\000o\000d\000e\000l\000\040\000s\000t\000r\000u\000c\000t\000u\000r\000e}{section*.9}% 39
\BOOKMARK [3][-]{section*.12}{\376\377\000P\000r\000o\000b\000l\000e\000m\000\040\0004\000.\000\040\000T\000h\000e\000o\000r\000e\000t\000i\000c\000a\000l\000\040\000i\000n\000s\000u\000f\000f\000i\000c\000i\000e\000n\000c\000y}{section*.9}% 40
\BOOKMARK [1][-]{section.7}{\376\377\000H\000y\000p\000o\000t\000h\000e\000s\000i\000s}{part.3}% 41
\BOOKMARK [2][-]{subsubsection.7.0.1}{\376\377\000S\000t\000a\000b\000i\000l\000i\000t\000y\000\040\000o\000f\000\040\000b\000i\000a\000s\000-\000v\000a\000r\000i\000a\000n\000c\000e\000\040\000m\000e\000a\000s\000u\000r\000e}{section.7}% 42
\BOOKMARK [3][-]{subsubsection.7.0.2}{\376\377\000A\000l\000t\000e\000r\000n\000a\000t\000i\000v\000e\000\040\000m\000e\000a\000s\000u\000r\000e\000s}{subsubsection.7.0.1}% 43
\BOOKMARK [3][-]{subsubsection.7.0.3}{\376\377\000I\000n\000d\000u\000c\000t\000i\000v\000e\000\040\000b\000i\000a\000s}{subsubsection.7.0.1}% 44
\BOOKMARK [3][-]{subsubsection.7.0.4}{\376\377\000R\000a\000n\000d\000o\000m\000n\000e\000s\000s\000\040\000a\000n\000d\000\040\000p\000r\000o\000b\000a\000b\000i\000l\000i\000s\000t\000i\000c\000\040\000s\000e\000t\000t\000i\000n\000g}{subsubsection.7.0.1}% 45
\BOOKMARK [3][-]{subsubsection.7.0.5}{\376\377\000K\000n\000o\000w\000l\000e\000d\000g\000e\000\040\000m\000a\000s\000k\000i\000n\000g}{subsubsection.7.0.1}% 46
\BOOKMARK [3][-]{subsubsection.7.0.6}{\376\377\000I\000n\000t\000r\000i\000n\000s\000i\000c\000\040\000D\000a\000t\000a\000\040\000F\000a\000c\000t\000o\000r\000s}{subsubsection.7.0.1}% 47
\BOOKMARK [1][-]{section.8}{\376\377\000A\000n\000a\000l\000y\000s\000i\000s\000\040\000o\000n\000-\000c\000l\000a\000i\000m\000s}{part.3}% 48
\BOOKMARK [2][-]{subsection.8.1}{\376\377\000S\000e\000t\000t\000i\000n\000g\000:\000\040\000g\000r\000a\000d\000i\000e\000n\000t\000-\000b\000a\000s\000e\000d\000\040\000o\000p\000t\000i\000m\000i\000z\000a\000t\000i\000o\000n}{section.8}% 49
\BOOKMARK [2][-]{subsection.8.2}{\376\377\000G\000r\000a\000d\000i\000e\000n\000t\000\040\000d\000e\000s\000c\000e\000n\000t\000\040\000a\000n\000d\000\040\000t\000h\000e\000\040\000i\000m\000p\000l\000i\000c\000i\000t\000\040\000e\000n\000c\000o\000d\000i\000n\000g\000\040\000s\000t\000r\000u\000c\000t\000u\000r\000e}{section.8}% 50
\BOOKMARK [2][-]{subsection.8.3}{\376\377\000P\000r\000e\000l\000i\000m\000i\000n\000a\000r\000i\000e\000s\000\040\000o\000n\000\040\000o\000b\000s\000e\000r\000v\000a\000t\000i\000o\000n\000s\000\040\000-\000\040\000s\000c\000h\000a\000e\000f\000f\000e\000r\000d\000o\000u\000b\000l\000e\0002\0000\0002\0003}{section.8}% 51
\BOOKMARK [2][-]{subsection.8.4}{\376\377\000L\000i\000n\000e\000a\000r\000\040\000f\000u\000n\000c\000t\000i\000o\000n\000\040\000c\000l\000a\000s\000s\000\040\000h\000\050\000u\000\051\000\040\000-\000\040\000l\000a\000f\000o\000n\000u\000n\000d\000e\000r\000s\000t\000a\000n\000d\000i\000n\000g\0002\0000\0002\0004}{section.8}% 52
\BOOKMARK [3][-]{subsubsection.8.4.1}{\376\377\000E\000x\000t\000e\000n\000s\000i\000o\000n}{subsection.8.4}% 53
\BOOKMARK [1][-]{section.9}{\376\377\000T\000h\000e\000\040\000p\000o\000l\000y\000n\000o\000m\000i\000a\000l\000\040\000t\000r\000a\000n\000s\000i\000t\000i\000o\000n\000\040\000p\000r\000o\000b\000l\000e\000m}{part.3}% 54
\BOOKMARK [2][-]{subsection.9.1}{\376\377\000S\000t\000r\000u\000c\000t\000u\000r\000e}{section.9}% 55
\BOOKMARK [2][-]{subsection.9.2}{\376\377\000S\000c\000e\000n\000a\000r\000i\000o\000\040\000s\000c\000h\000e\000m\000a}{section.9}% 56
\BOOKMARK [0][-]{part.4}{\376\377\000R\000e\000f\000o\000r\000m\000a\000t\000i\000o\000n}{}% 57
\BOOKMARK [1][-]{section.10}{\376\377\000I\000n\000t\000e\000r\000p\000r\000e\000t\000i\000n\000g\000\040\000t\000h\000e\000\040\000l\000e\000a\000r\000n\000i\000n\000g\000\040\000t\000h\000e\000o\000r\000y}{part.4}% 58
\BOOKMARK [2][-]{subsection.10.1}{\376\377\000D\000o\000m\000a\000i\000n\000\040\000a\000n\000d\000\040\000p\000r\000o\000c\000e\000s\000s}{section.10}% 59
\BOOKMARK [2][-]{subsection.10.2}{\376\377\000T\000h\000e\000\040\000l\000e\000a\000r\000n\000e\000r\000'\000s\000\040\000e\000n\000c\000o\000d\000e\000d\000\040\000s\000e\000t\000t\000i\000n\000g}{section.10}% 60
\BOOKMARK [2][-]{subsection.10.3}{\376\377\000O\000v\000e\000r\000f\000i\000t\000t\000i\000n\000g\000\040\000a\000n\000d\000\040\000u\000n\000d\000e\000r\000f\000i\000t\000t\000i\000n\000g}{section.10}% 61
\BOOKMARK [1][-]{section.11}{\376\377\000S\000y\000s\000t\000e\000m\000-\000w\000i\000d\000e\000\040\000s\000t\000r\000u\000c\000t\000u\000r\000a\000l\000i\000z\000a\000t\000i\000o\000n}{part.4}% 62
\BOOKMARK [2][-]{subsection.11.1}{\376\377\000T\000h\000e\000\040\000i\000d\000e\000a\000\040\000o\000f\000\040\000n\000e\000u\000r\000a\000l\000\040\000n\000e\000t\000w\000o\000r\000k\000\040\000f\000o\000r\000m\000a\000l\000i\000s\000m}{section.11}% 63
\BOOKMARK [3][-]{subsubsection.11.1.1}{\376\377\000B\000a\000s\000i\000c\000\040\000u\000n\000d\000e\000r\000s\000t\000a\000n\000d\000i\000n\000g}{subsection.11.1}% 64
\BOOKMARK [3][-]{subsubsection.11.1.2}{\376\377\000T\000h\000e\000\040\000S\000V\000M\000\040\000g\000e\000n\000e\000r\000a\000t\000o\000r}{subsection.11.1}% 65
\BOOKMARK [1][-]{section.12}{\376\377\000C\000o\000m\000p\000l\000e\000x\000i\000t\000y\000\040\000n\000o\000t\000i\000o\000n}{part.4}% 66
\BOOKMARK [1][-]{section*.29}{\376\377\000R\000e\000f\000e\000r\000e\000n\000c\000e\000s}{part.4}% 67
\BOOKMARK [1][-]{appendix.A}{\376\377\000R\000e\000e\000v\000a\000l\000u\000a\000t\000i\000o\000n\000\040\000o\000f\000\040\000t\000h\000e\000o\000r\000e\000m\000\040\0006\0001}{part.4}% 68
\BOOKMARK [2][-]{subsection.A.1}{\376\377\000R\000e\000m\000a\000r\000k}{appendix.A}% 69
\BOOKMARK [1][-]{appendix.B}{\376\377\000O\000b\000s\000e\000r\000v\000i\000n\000g\000\040\000g\000r\000a\000d\000i\000e\000n\000t\000\040\000d\000e\000s\000c\000e\000n\000t\000\040\000d\000e\000c\000o\000m\000p\000o\000s\000i\000t\000i\000o\000n}{part.4}% 70
\BOOKMARK [1][-]{appendix.C}{\376\377\000D\000e\000t\000a\000i\000l\000s\000\040\000o\000f\000\040\000s\000u\000p\000e\000r\000v\000i\000s\000e\000d\000\040\000l\000e\000a\000r\000n\000i\000n\000g\000\040\000s\000t\000r\000u\000c\000t\000u\000r\000e}{part.4}% 71
\BOOKMARK [2][-]{section*.34}{\376\377\000P\000h\000a\000s\000e\000\040\0001\000.}{appendix.C}% 72
\BOOKMARK [2][-]{section*.35}{\376\377\000P\000h\000a\000s\000e\000\040\0002\000.}{appendix.C}% 73
\BOOKMARK [2][-]{section*.36}{\376\377\000P\000h\000a\000s\000e\000\040\0003\000.}{appendix.C}% 74
\BOOKMARK [1][-]{section*.37}{\376\377\000A\000p\000p\000e\000n\000d\000i\000x\000\040\000D\000\040\000-\000\040\000B\000i\000a\000s\000-\000v\000a\000r\000i\000a\000n\000c\000e\000\040\000d\000e\000c\000o\000m\000p\000o\000s\000i\000t\000i\000o\000n\000\040\000d\000e\000r\000i\000v\000a\000t\000i\000o\000n\000\040\000i\000n\000\040\0006\0007\0009\0007\0000\0008\0007}{part.4}% 75
\BOOKMARK [1][-]{appendix.D}{\376\377\000P\000r\000a\000c\000t\000i\000c\000a\000l\000\040\000c\000o\000n\000s\000i\000d\000e\000r\000a\000t\000i\000o\000n}{part.4}% 76
\BOOKMARK [2][-]{subsection.D.1}{\376\377\000O\000b\000s\000e\000r\000v\000a\000t\000i\000o\000n\000a\000l\000\040\000s\000p\000a\000c\000e\000\040\000p\000a\000r\000t\000i\000t\000i\000o\000n\000i\000n\000g}{appendix.D}% 77
