\BOOKMARK [1][-]{section.1}{\376\377\000F\000o\000u\000n\000d\000a\000t\000i\000o\000n\000a\000l\000\040\000w\000o\000r\000k\000s}{}% 1
\BOOKMARK [1][-]{section.2}{\376\377\000F\000o\000u\000n\000d\000a\000t\000i\000o\000n\000\040\000o\000f\000\040\000l\000e\000a\000r\000n\000i\000n\000g\000\040\000t\000h\000e\000o\000r\000y}{}% 2
\BOOKMARK [2][-]{subsection.2.1}{\376\377\000E\000m\000p\000i\000r\000i\000c\000a\000l\000\040\000a\000n\000d\000\040\000s\000t\000r\000u\000c\000t\000u\000r\000a\000l\000\040\000a\000l\000g\000o\000r\000i\000t\000h\000m\000s}{section.2}% 3
\BOOKMARK [2][-]{subsection.2.2}{\376\377\000O\000v\000e\000r\000f\000i\000t\000t\000i\000n\000g\000\040\000a\000n\000d\000\040\000u\000n\000d\000e\000r\000f\000i\000t\000t\000i\000n\000g}{section.2}% 4
\BOOKMARK [1][-]{section.3}{\376\377\000B\000i\000a\000s\000-\000v\000a\000r\000i\000a\000n\000c\000e\000\040\000t\000r\000a\000d\000e\000o\000f\000f}{}% 5
\BOOKMARK [2][-]{subsection.3.1}{\376\377\000P\000r\000e\000c\000u\000r\000s\000o\000r\000\040\000\050\0006\0007\0009\0007\0000\0008\0007\000\051}{section.3}% 6
\BOOKMARK [2][-]{subsection.3.2}{\376\377\000G\000e\000n\000e\000r\000a\000l\000i\000z\000e\000d\000\040\000d\000e\000c\000o\000m\000p\000o\000s\000i\000t\000i\000o\000n}{section.3}% 7
\BOOKMARK [1][-]{section.4}{\376\377\000D\000o\000u\000b\000l\000e\000\040\000d\000e\000s\000c\000e\000n\000t}{}% 8
\BOOKMARK [1][-]{section.5}{\376\377\000F\000o\000u\000n\000d\000a\000t\000i\000o\000n\000a\000l\000\040\000D\000e\000f\000i\000n\000i\000t\000i\000o\000n\000s\000:\000\040\000G\000r\000o\000u\000n\000d\000i\000n\000g\000\040\000P\000h\000y\000s\000i\000c\000a\000l\000\040\000C\000o\000n\000c\000e\000p\000t\000s\000\040\000i\000n\000\040\000L\000e\000a\000r\000n\000i\000n\000g\000\040\000T\000h\000e\000o\000r\000y}{}% 9
\BOOKMARK [2][-]{section*.4}{\376\377\000T\000h\000e\000o\000r\000e\000t\000i\000c\000a\000l\000\040\000R\000e\000q\000u\000i\000r\000e\000m\000e\000n\000t\000s\000\040\000a\000n\000d\000\040\000C\000u\000r\000r\000e\000n\000t\000\040\000G\000a\000p\000s\000\040\000\050\000A\000u\000t\000h\000o\000r\000'\000s\000\040\000N\000o\000t\000e\000\051}{section.5}% 10
\BOOKMARK [2][-]{subsection.5.1}{\376\377\000A\000\040\000M\000i\000n\000i\000m\000a\000l\000\040\000M\000a\000c\000h\000i\000n\000e\000\040\000L\000e\000a\000r\000n\000i\000n\000g\000\040\000S\000y\000s\000t\000e\000m\000\040\000\050\000P\000r\000e\000-\000P\000h\000y\000s\000i\000c\000s\000\040\000S\000e\000t\000t\000i\000n\000g\000\051}{section.5}% 11
\BOOKMARK [3][-]{subsubsection.5.1.1}{\376\377\000C\000o\000m\000p\000l\000e\000t\000e\000\040\000E\000n\000u\000m\000e\000r\000a\000t\000i\000o\000n\000\040\000o\000f\000\040\000S\000y\000s\000t\000e\000m\000\040\000C\000o\000m\000p\000o\000n\000e\000n\000t\000s}{subsection.5.1}% 12
\BOOKMARK [3][-]{subsubsection.5.1.2}{\376\377\000T\000h\000e\000\040\000T\000r\000a\000n\000s\000l\000a\000t\000i\000o\000n\000\040\000P\000r\000o\000t\000o\000c\000o\000l\000:\000\040\000F\000r\000o\000m\000\040\000M\000L\000\040\000t\000o\000\040\000P\000h\000y\000s\000i\000c\000s}{subsection.5.1}% 13
\BOOKMARK [2][-]{subsection.5.2}{\376\377\000S\000t\000o\000c\000h\000a\000s\000t\000i\000c\000\040\000G\000r\000a\000d\000i\000e\000n\000t\000\040\000D\000e\000s\000c\000e\000n\000t\000\040\000a\000s\000\040\000a\000\040\000P\000h\000y\000s\000i\000c\000a\000l\000\040\000P\000r\000o\000c\000e\000s\000s}{section.5}% 14
\BOOKMARK [3][-]{subsubsection.5.2.1}{\376\377\000W\000h\000y\000\040\000V\000i\000e\000w\000\040\000S\000G\000D\000\040\000a\000s\000\040\000a\000\040\000S\000t\000o\000c\000h\000a\000s\000t\000i\000c\000\040\000P\000r\000o\000c\000e\000s\000s\000?}{subsection.5.2}% 15
\BOOKMARK [3][-]{subsubsection.5.2.2}{\376\377\000T\000h\000e\000\040\000C\000o\000n\000t\000i\000n\000u\000o\000u\000s\000-\000T\000i\000m\000e\000\040\000L\000i\000m\000i\000t\000:\000\040\000L\000a\000n\000g\000e\000v\000i\000n\000\040\000D\000y\000n\000a\000m\000i\000c\000s}{subsection.5.2}% 16
\BOOKMARK [3][-]{subsubsection.5.2.3}{\376\377\000T\000h\000e\000\040\000F\000o\000k\000k\000e\000r\000-\000P\000l\000a\000n\000c\000k\000\040\000E\000q\000u\000a\000t\000i\000o\000n\000:\000\040\000F\000r\000o\000m\000\040\000T\000r\000a\000j\000e\000c\000t\000o\000r\000i\000e\000s\000\040\000t\000o\000\040\000D\000i\000s\000t\000r\000i\000b\000u\000t\000i\000o\000n\000s}{subsection.5.2}% 17
\BOOKMARK [2][-]{subsection.5.3}{\376\377\000T\000h\000e\000\040\000H\000e\000s\000s\000i\000a\000n\000\040\000M\000a\000t\000r\000i\000x\000:\000\040\000Q\000u\000a\000n\000t\000i\000f\000y\000i\000n\000g\000\040\000L\000o\000c\000a\000l\000\040\000C\000u\000r\000v\000a\000t\000u\000r\000e}{section.5}% 18
\BOOKMARK [3][-]{subsubsection.5.3.1}{\376\377\000D\000e\000f\000i\000n\000i\000t\000i\000o\000n\000\040\000a\000n\000d\000\040\000G\000e\000o\000m\000e\000t\000r\000i\000c\000\040\000M\000e\000a\000n\000i\000n\000g}{subsection.5.3}% 19
\BOOKMARK [2][-]{subsection.5.4}{\376\377\000E\000q\000u\000i\000l\000i\000b\000r\000i\000u\000m\000:\000\040\000W\000h\000a\000t\000\040\000D\000o\000e\000s\000\040\000I\000t\000\040\000M\000e\000a\000n\000\040\000i\000n\000\040\000L\000e\000a\000r\000n\000i\000n\000g\000?}{section.5}% 20
\BOOKMARK [3][-]{subsubsection.5.4.1}{\376\377\000E\000q\000u\000i\000l\000i\000b\000r\000i\000u\000m\000\040\000i\000n\000\040\000S\000t\000a\000t\000i\000s\000t\000i\000c\000a\000l\000\040\000P\000h\000y\000s\000i\000c\000s\000:\000\040\000T\000h\000e\000\040\000R\000e\000f\000e\000r\000e\000n\000c\000e\000\040\000P\000o\000i\000n\000t}{subsection.5.4}% 21
\BOOKMARK [3][-]{subsubsection.5.4.2}{\376\377\000T\000r\000a\000n\000s\000l\000a\000t\000i\000n\000g\000\040\000t\000o\000\040\000M\000a\000c\000h\000i\000n\000e\000\040\000L\000e\000a\000r\000n\000i\000n\000g\000:\000\040\000T\000h\000e\000\040\000I\000s\000o\000m\000o\000r\000p\000h\000i\000s\000m}{subsection.5.4}% 22
\BOOKMARK [3][-]{subsubsection.5.4.3}{\376\377\000T\000h\000e\000\040\000C\000r\000i\000t\000i\000c\000a\000l\000\040\000Q\000u\000e\000s\000t\000i\000o\000n\000:\000\040\000I\000s\000\040\000S\000G\000D\000\040\000A\000c\000t\000u\000a\000l\000l\000y\000\040\000a\000t\000\040\000E\000q\000u\000i\000l\000i\000b\000r\000i\000u\000m\000?}{subsection.5.4}% 23
\BOOKMARK [2][-]{subsection.5.5}{\376\377\000T\000h\000e\000\040\000R\000e\000p\000l\000i\000c\000a\000\040\000M\000e\000t\000h\000o\000d\000:\000\040\000C\000o\000m\000p\000u\000t\000i\000n\000g\000\040\000A\000v\000e\000r\000a\000g\000e\000s\000\040\000O\000v\000e\000r\000\040\000D\000i\000s\000o\000r\000d\000e\000r}{section.5}% 24
\BOOKMARK [3][-]{subsubsection.5.5.1}{\376\377\000T\000h\000e\000\040\000P\000r\000o\000b\000l\000e\000m\000:\000\040\000A\000v\000e\000r\000a\000g\000i\000n\000g\000\040\000O\000v\000e\000r\000\040\000R\000a\000n\000d\000o\000m\000\040\000D\000a\000t\000a}{subsection.5.5}% 25
\BOOKMARK [3][-]{subsubsection.5.5.2}{\376\377\000T\000h\000e\000\040\000R\000e\000p\000l\000i\000c\000a\000\040\000T\000r\000i\000c\000k}{subsection.5.5}% 26
\BOOKMARK [3][-]{subsubsection.5.5.3}{\376\377\000T\000h\000e\000\040\000S\000p\000i\000n\000\040\000G\000l\000a\000s\000s\040\024\000N\000e\000u\000r\000a\000l\000\040\000N\000e\000t\000w\000o\000r\000k\000\040\000I\000s\000o\000m\000o\000r\000p\000h\000i\000s\000m}{subsection.5.5}% 27
\BOOKMARK [2][-]{subsection.5.6}{\376\377\000T\000h\000e\000\040\000J\000a\000m\000m\000i\000n\000g\000\040\000T\000r\000a\000n\000s\000i\000t\000i\000o\000n\000:\000\040\000A\000\040\000G\000e\000o\000m\000e\000t\000r\000i\000c\000\040\000P\000e\000r\000s\000p\000e\000c\000t\000i\000v\000e\000\040\000o\000n\000\040\000I\000n\000t\000e\000r\000p\000o\000l\000a\000t\000i\000o\000n}{section.5}% 28
\BOOKMARK [2][-]{subsection.5.7}{\376\377\000S\000u\000m\000m\000a\000r\000y\000:\000\040\000T\000h\000e\000\040\000C\000o\000n\000c\000e\000p\000t\000u\000a\000l\000\040\000F\000o\000u\000n\000d\000a\000t\000i\000o\000n}{section.5}% 29
\BOOKMARK [2][-]{subsection.5.8}{\376\377\000R\000e\000s\000e\000a\000r\000c\000h\000\040\000F\000r\000i\000c\000t\000i\000o\000n\000\040\000P\000o\000i\000n\000t\000s\000:\000\040\000W\000h\000e\000r\000e\000\040\000T\000h\000e\000o\000r\000y\000\040\000M\000e\000e\000t\000s\000\040\000I\000t\000s\000\040\000L\000i\000m\000i\000t\000s}{section.5}% 30
\BOOKMARK [3][-]{subsubsection.5.8.1}{\376\377\000F\000r\000i\000c\000t\000i\000o\000n\000\040\000P\000o\000i\000n\000t\000\040\0001\000:\000\040\000T\000h\000e\000\040\000L\000a\000n\000g\000e\000v\000i\000n\000\040\000A\000p\000p\000r\000o\000x\000i\000m\000a\000t\000i\000o\000n\000\040\000B\000r\000e\000a\000k\000s\000\040\000D\000o\000w\000n}{subsection.5.8}% 31
\BOOKMARK [3][-]{subsubsection.5.8.2}{\376\377\000F\000r\000i\000c\000t\000i\000o\000n\000\040\000P\000o\000i\000n\000t\000\040\0002\000:\000\040\000T\000h\000e\000\040\000R\000e\000p\000l\000i\000c\000a\000\040\000T\000r\000i\000c\000k\000'\000s\000\040\000M\000a\000t\000h\000e\000m\000a\000t\000i\000c\000a\000l\000\040\000F\000r\000a\000g\000i\000l\000i\000t\000y}{subsection.5.8}% 32
\BOOKMARK [3][-]{subsubsection.5.8.3}{\376\377\000F\000r\000i\000c\000t\000i\000o\000n\000\040\000P\000o\000i\000n\000t\000\040\0003\000:\000\040\000T\000h\000e\000\040\000T\000e\000m\000p\000e\000r\000a\000t\000u\000r\000e\000\040\000A\000n\000a\000l\000o\000g\000y\000'\000s\000\040\000L\000i\000m\000i\000t\000s}{subsection.5.8}% 33
\BOOKMARK [3][-]{subsubsection.5.8.4}{\376\377\000F\000r\000i\000c\000t\000i\000o\000n\000\040\000P\000o\000i\000n\000t\000\040\0004\000:\000\040\000T\000h\000e\000\040\000G\000a\000p\000\040\000B\000e\000t\000w\000e\000e\000n\000\040\000L\000i\000n\000e\000a\000r\000\040\000a\000n\000d\000\040\000N\000o\000n\000l\000i\000n\000e\000a\000r}{subsection.5.8}% 34
\BOOKMARK [3][-]{subsubsection.5.8.5}{\376\377\000F\000r\000i\000c\000t\000i\000o\000n\000\040\000P\000o\000i\000n\000t\000\040\0005\000:\000\040\000O\000b\000s\000e\000r\000v\000a\000t\000i\000o\000n\000a\000l\000\040\000v\000s\000.\000\040\000C\000a\000u\000s\000a\000l\000\040\000C\000l\000a\000i\000m\000s}{subsection.5.8}% 35
\BOOKMARK [1][-]{section.6}{\376\377\000C\000l\000a\000s\000s\000i\000c\000a\000l\000\040\000E\000x\000p\000l\000a\000n\000a\000t\000i\000o\000n\000s\000:\000\040\000T\000h\000e\000\040\000E\000q\000u\000i\000l\000i\000b\000r\000i\000u\000m\000\040\000R\000e\000g\000i\000m\000e}{}% 36
\BOOKMARK [2][-]{subsection.6.1}{\376\377\000R\000a\000n\000d\000o\000m\000\040\000M\000a\000t\000r\000i\000x\000\040\000T\000h\000e\000o\000r\000y\000\040\000a\000n\000d\000\040\000L\000i\000n\000e\000a\000r\000\040\000M\000o\000d\000e\000l\000s}{section.6}% 37
\BOOKMARK [2][-]{subsection.6.2}{\376\377\000R\000e\000p\000l\000i\000c\000a\000\040\000T\000h\000e\000o\000r\000y\000\040\000a\000n\000d\000\040\000R\000a\000n\000d\000o\000m\000\040\000F\000e\000a\000t\000u\000r\000e\000s}{section.6}% 38
\BOOKMARK [3][-]{subsubsection.6.2.1}{\376\377\000T\000h\000e\000\040\000R\000e\000p\000l\000i\000c\000a\000\040\000C\000a\000l\000c\000u\000l\000a\000t\000i\000o\000n\000:\000\040\000S\000t\000e\000p\000-\000b\000y\000-\000S\000t\000e\000p\000\040\000\050\000E\000x\000p\000a\000n\000d\000e\000d\000\051}{subsection.6.2}% 39
\BOOKMARK [3][-]{subsubsection.6.2.2}{\376\377\000W\000h\000a\000t\000\040\000R\000e\000p\000l\000i\000c\000a\000\040\000T\000h\000e\000o\000r\000y\000\040\000A\000c\000h\000i\000e\000v\000e\000s\000\040\000a\000n\000d\000\040\000W\000h\000a\000t\000\040\000I\000t\000\040\000M\000i\000s\000s\000e\000s}{subsection.6.2}% 40
\BOOKMARK [1][-]{section.7}{\376\377\000T\000h\000e\000\040\000G\000a\000p\000:\000\040\000F\000r\000o\000m\000\040\000S\000t\000a\000t\000i\000c\000\040\000t\000o\000\040\000D\000y\000n\000a\000m\000i\000c}{}% 41
\BOOKMARK [2][-]{subsection.7.1}{\376\377\000C\000o\000n\000c\000e\000p\000t\000u\000a\000l\000\040\000B\000r\000i\000d\000g\000e\000s\000:\000\040\000M\000a\000k\000i\000n\000g\000\040\000I\000m\000p\000l\000i\000c\000i\000t\000\040\000C\000o\000n\000n\000e\000c\000t\000i\000o\000n\000s\000\040\000E\000x\000p\000l\000i\000c\000i\000t}{section.7}% 42
\BOOKMARK [3][-]{subsubsection.7.1.1}{\376\377\000B\000r\000i\000d\000g\000e\000\040\0001\000:\000\040\000L\000o\000s\000s\000\040\000L\000a\000n\000d\000s\000c\000a\000p\000e\000\040\000\040\000P\000h\000y\000s\000i\000c\000a\000l\000\040\000E\000n\000e\000r\000g\000y}{subsection.7.1}% 43
\BOOKMARK [3][-]{subsubsection.7.1.2}{\376\377\000B\000r\000i\000d\000g\000e\000\040\0002\000:\000\040\000D\000a\000t\000a\000s\000e\000t\000\040\000R\000a\000n\000d\000o\000m\000n\000e\000s\000s\000\040\000\040\000Q\000u\000e\000n\000c\000h\000e\000d\000\040\000D\000i\000s\000o\000r\000d\000e\000r}{subsection.7.1}% 44
\BOOKMARK [3][-]{subsubsection.7.1.3}{\376\377\000B\000r\000i\000d\000g\000e\000\040\0003\000:\000\040\000S\000G\000D\000\040\000N\000o\000i\000s\000e\000\040\000\040\000T\000h\000e\000r\000m\000a\000l\000\040\000F\000l\000u\000c\000t\000u\000a\000t\000i\000o\000n\000s}{subsection.7.1}% 45
\BOOKMARK [3][-]{subsubsection.7.1.4}{\376\377\000B\000r\000i\000d\000g\000e\000\040\0004\000:\000\040\000I\000n\000t\000e\000r\000p\000o\000l\000a\000t\000i\000o\000n\000\040\000T\000h\000r\000e\000s\000h\000o\000l\000d\000\040\000\040\000J\000a\000m\000m\000i\000n\000g\000\040\000T\000r\000a\000n\000s\000i\000t\000i\000o\000n}{subsection.7.1}% 46
\BOOKMARK [3][-]{subsubsection.7.1.5}{\376\377\000B\000r\000i\000d\000g\000e\000\040\0005\000:\000\040\000F\000l\000a\000t\000\040\000M\000i\000n\000i\000m\000a\000\040\000\040\000G\000o\000o\000d\000\040\000G\000e\000n\000e\000r\000a\000l\000i\000z\000a\000t\000i\000o\000n}{subsection.7.1}% 47
\BOOKMARK [2][-]{subsection.7.2}{\376\377\000T\000h\000e\000\040\000S\000t\000a\000t\000i\000c\000-\000D\000y\000n\000a\000m\000i\000c\000\040\000G\000a\000p\000:\000\040\000A\000\040\000P\000r\000e\000c\000i\000s\000e\000\040\000S\000t\000a\000t\000e\000m\000e\000n\000t}{section.7}% 48
\BOOKMARK [1][-]{section.8}{\376\377\000A\000\040\000N\000o\000n\000-\000E\000q\000u\000i\000l\000i\000b\000r\000i\000u\000m\000\040\000S\000t\000a\000t\000i\000s\000t\000i\000c\000a\000l\000\040\000P\000h\000y\000s\000i\000c\000s\000\040\000F\000r\000a\000m\000e\000w\000o\000r\000k}{}% 49
\BOOKMARK [2][-]{subsection.8.1}{\376\377\000M\000o\000d\000e\000l\000i\000n\000g\000\040\000S\000G\000D\000\040\000D\000y\000n\000a\000m\000i\000c\000s\000:\000\040\000T\000h\000e\000\040\000L\000a\000n\000g\000e\000v\000i\000n\000\040\000A\000p\000p\000r\000o\000x\000i\000m\000a\000t\000i\000o\000n}{section.8}% 50
\BOOKMARK [2][-]{subsection.8.2}{\376\377\000T\000h\000e\000\040\000J\000a\000m\000m\000i\000n\000g\000\040\000T\000r\000a\000n\000s\000i\000t\000i\000o\000n\000\040\000L\000a\000n\000d\000s\000c\000a\000p\000e}{section.8}% 51
\BOOKMARK [2][-]{subsection.8.3}{\376\377\000S\000y\000n\000t\000h\000e\000s\000i\000s\000:\000\040\000T\000h\000e\000\040\000T\000h\000r\000e\000e\000\040\000P\000h\000a\000s\000e\000s\000\040\000o\000f\000\040\000D\000o\000u\000b\000l\000e\000\040\000D\000e\000s\000c\000e\000n\000t}{section.8}% 52
\BOOKMARK [1][-]{section.9}{\376\377\000N\000o\000n\000-\000E\000q\000u\000i\000l\000i\000b\000r\000i\000u\000m\000\040\000S\000t\000a\000t\000i\000s\000t\000i\000c\000a\000l\000\040\000P\000h\000y\000s\000i\000c\000s\000\040\000F\000r\000a\000m\000e\000w\000o\000r\000k\000\040\000f\000o\000r\000\040\000D\000e\000e\000p\000\040\000L\000e\000a\000r\000n\000i\000n\000g\000\040\000D\000y\000n\000a\000m\000i\000c\000s}{}% 53
\BOOKMARK [2][-]{section*.21}{\376\377\000M\000o\000t\000i\000v\000a\000t\000i\000o\000n\000:\000\040\000W\000h\000y\000\040\000N\000o\000n\000-\000E\000q\000u\000i\000l\000i\000b\000r\000i\000u\000m\000?}{section.9}% 54
\BOOKMARK [2][-]{subsection.9.1}{\376\377\000O\000v\000e\000r\000v\000i\000e\000w\000\040\000a\000n\000d\000\040\000C\000o\000n\000n\000e\000c\000t\000i\000o\000n\000\040\000t\000o\000\040\000P\000r\000i\000o\000r\000\040\000S\000e\000c\000t\000i\000o\000n\000s}{section.9}% 55
\BOOKMARK [2][-]{subsection.9.2}{\376\377\000T\000h\000e\000\040\000F\000a\000i\000l\000u\000r\000e\000\040\000o\000f\000\040\000E\000q\000u\000i\000l\000i\000b\000r\000i\000u\000m\000\040\000A\000s\000s\000u\000m\000p\000t\000i\000o\000n\000s}{section.9}% 56
\BOOKMARK [2][-]{subsection.9.3}{\376\377\000A\000n\000i\000s\000o\000t\000r\000o\000p\000i\000c\000\040\000S\000G\000D\000\040\000N\000o\000i\000s\000e\000\040\000a\000s\000\040\000t\000h\000e\000\040\000D\000r\000i\000v\000i\000n\000g\000\040\000F\000o\000r\000c\000e}{section.9}% 57
\BOOKMARK [2][-]{subsection.9.4}{\376\377\000E\000n\000t\000r\000o\000p\000i\000c\000\040\000S\000e\000l\000e\000c\000t\000i\000o\000n\000:\000\040\000T\000h\000e\000\040\000`\000`\000S\000u\000r\000v\000i\000v\000a\000l\000\040\000o\000f\000\040\000t\000h\000e\000\040\000F\000l\000a\000t\000t\000e\000s\000t\000'\000'}{section.9}% 58
\BOOKMARK [3][-]{subsubsection.9.4.1}{\376\377\000D\000y\000n\000a\000m\000i\000c\000a\000l\000\040\000E\000n\000t\000r\000o\000p\000y\000\040\000v\000s\000.\000\040\000T\000h\000e\000r\000m\000o\000d\000y\000n\000a\000m\000i\000c\000\040\000E\000n\000t\000r\000o\000p\000y}{subsection.9.4}% 59
\BOOKMARK [3][-]{subsubsection.9.4.2}{\376\377\000T\000h\000e\000\040\000S\000e\000l\000e\000c\000t\000i\000o\000n\000\040\000M\000e\000c\000h\000a\000n\000i\000s\000m}{subsection.9.4}% 60
\BOOKMARK [2][-]{subsection.9.5}{\376\377\000D\000y\000n\000a\000m\000i\000c\000s\000\040\000o\000f\000\040\000O\000r\000d\000e\000r\000\040\000P\000a\000r\000a\000m\000e\000t\000e\000r\000s\000:\000\040\000A\000\040\000T\000o\000y\000\040\000M\000o\000d\000e\000l\000\040\000E\000x\000e\000c\000u\000t\000i\000o\000n}{section.9}% 61
\BOOKMARK [3][-]{subsubsection.9.5.1}{\376\377\000S\000y\000s\000t\000e\000m\000\040\000D\000e\000f\000i\000n\000i\000t\000i\000o\000n\000\040\000a\000n\000d\000\040\000E\000n\000e\000r\000g\000y\000\040\000L\000a\000n\000d\000s\000c\000a\000p\000e}{subsection.9.5}% 62
\BOOKMARK [3][-]{subsubsection.9.5.2}{\376\377\000D\000e\000r\000i\000v\000a\000t\000i\000o\000n\000\040\000o\000f\000\040\000t\000h\000e\000\040\000G\000r\000a\000d\000i\000e\000n\000t\000\040\000\050\000T\000h\000e\000\040\000D\000r\000i\000f\000t\000\040\000T\000e\000r\000m\000\051}{subsection.9.5}% 63
\BOOKMARK [3][-]{subsubsection.9.5.3}{\376\377\000T\000h\000e\000\040\000N\000o\000i\000s\000e\000\040\000C\000o\000v\000a\000r\000i\000a\000n\000c\000e\000\040\000S\000t\000r\000u\000c\000t\000u\000r\000e\000\040\000\050\000T\000h\000e\000\040\000D\000i\000f\000f\000u\000s\000i\000o\000n\000\040\000T\000e\000r\000m\000\051}{subsection.9.5}% 64
\BOOKMARK [3][-]{subsubsection.9.5.4}{\376\377\000T\000h\000e\000\040\000H\000e\000s\000s\000i\000a\000n\000\040\000G\000e\000o\000m\000e\000t\000r\000y\000\040\000\050\000T\000h\000e\000\040\000C\000u\000r\000v\000a\000t\000u\000r\000e\000\051}{subsection.9.5}% 65
\BOOKMARK [3][-]{subsubsection.9.5.5}{\376\377\000A\000n\000a\000l\000y\000t\000i\000c\000a\000l\000\040\000C\000o\000n\000f\000i\000r\000m\000a\000t\000i\000o\000n\000\040\000o\000f\000\040\000C\000u\000r\000v\000a\000t\000u\000r\000e\000-\000N\000o\000i\000s\000e\000\040\000C\000o\000u\000p\000l\000i\000n\000g}{subsection.9.5}% 66
\BOOKMARK [3][-]{subsubsection.9.5.6}{\376\377\000C\000r\000i\000t\000i\000c\000a\000l\000\040\000D\000i\000v\000e\000r\000g\000e\000n\000c\000e\000\040\000a\000t\000\040\000t\000h\000e\000\040\000I\000n\000t\000e\000r\000p\000o\000l\000a\000t\000i\000o\000n\000\040\000T\000h\000r\000e\000s\000h\000o\000l\000d}{subsection.9.5}% 67
\BOOKMARK [3][-]{subsubsection.9.5.7}{\376\377\000P\000r\000e\000d\000i\000c\000t\000e\000d\000\040\000P\000h\000a\000s\000e\000\040\000S\000t\000r\000u\000c\000t\000u\000r\000e}{subsection.9.5}% 68
\BOOKMARK [3][-]{subsubsection.9.5.8}{\376\377\000P\000r\000o\000p\000o\000s\000e\000d\000\040\000O\000b\000s\000e\000r\000v\000a\000b\000l\000e\000s\000\040\000f\000o\000r\000\040\000E\000x\000p\000e\000r\000i\000m\000e\000n\000t\000a\000l\000\040\000V\000e\000r\000i\000f\000i\000c\000a\000t\000i\000o\000n}{subsection.9.5}% 69
\BOOKMARK [3][-]{subsubsection.9.5.9}{\376\377\000C\000r\000i\000t\000i\000c\000a\000l\000\040\000S\000e\000l\000f\000-\000A\000s\000s\000e\000s\000s\000m\000e\000n\000t\000:\000\040\000W\000h\000a\000t\000\040\000t\000h\000e\000\040\000T\000o\000y\000\040\000M\000o\000d\000e\000l\000\040\000D\000o\000e\000s\000\040\000N\000O\000T\000\040\000C\000a\000p\000t\000u\000r\000e}{subsection.9.5}% 70
\BOOKMARK [2][-]{subsection.9.6}{\376\377\000C\000u\000r\000r\000e\000n\000t\000\040\000O\000b\000s\000t\000a\000c\000l\000e\000s\000\040\000a\000n\000d\000\040\000O\000p\000e\000n\000\040\000P\000r\000o\000b\000l\000e\000m\000s}{section.9}% 71
\BOOKMARK [3][-]{subsubsection.9.6.1}{\376\377\000T\000h\000e\000\040\000F\000o\000k\000k\000e\000r\000-\000P\000l\000a\000n\000c\000k\000\040\000S\000t\000a\000b\000i\000l\000i\000t\000y\000\040\000P\000r\000o\000b\000l\000e\000m}{subsection.9.6}% 72
\BOOKMARK [3][-]{subsubsection.9.6.2}{\376\377\000M\000o\000d\000e\000\040\000C\000o\000u\000p\000l\000i\000n\000g\000\040\000a\000n\000d\000\040\000B\000a\000s\000i\000s\000\040\000R\000o\000t\000a\000t\000i\000o\000n}{subsection.9.6}% 73
\BOOKMARK [3][-]{subsubsection.9.6.3}{\376\377\000F\000i\000n\000i\000t\000e\000-\000S\000i\000z\000e\000\040\000E\000f\000f\000e\000c\000t\000s\000\040\000a\000n\000d\000\040\000S\000c\000a\000l\000i\000n\000g}{subsection.9.6}% 74
\BOOKMARK [3][-]{subsubsection.9.6.4}{\376\377\000E\000x\000t\000e\000n\000s\000i\000o\000n\000\040\000t\000o\000\040\000D\000e\000e\000p\000\040\000N\000o\000n\000l\000i\000n\000e\000a\000r\000\040\000N\000e\000t\000w\000o\000r\000k\000s}{subsection.9.6}% 75
\BOOKMARK [3][-]{subsubsection.9.6.5}{\376\377\000T\000h\000e\000\040\000R\000o\000l\000e\000\040\000o\000f\000\040\000R\000e\000g\000u\000l\000a\000r\000i\000z\000a\000t\000i\000o\000n}{subsection.9.6}% 76
\BOOKMARK [3][-]{subsubsection.9.6.6}{\376\377\000C\000o\000n\000n\000e\000c\000t\000i\000o\000n\000\040\000t\000o\000\040\000I\000n\000f\000o\000r\000m\000a\000t\000i\000o\000n\000\040\000T\000h\000e\000o\000r\000y}{subsection.9.6}% 77
\BOOKMARK [2][-]{subsection.9.7}{\376\377\000E\000x\000p\000e\000r\000i\000m\000e\000n\000t\000a\000l\000\040\000A\000g\000e\000n\000d\000a\000\040\000f\000o\000r\000\040\000V\000e\000r\000i\000f\000i\000c\000a\000t\000i\000o\000n}{section.9}% 78
\BOOKMARK [3][-]{subsubsection.9.7.1}{\376\377\000E\000x\000p\000e\000r\000i\000m\000e\000n\000t\000\040\0001\000:\000\040\000T\000o\000y\000\040\000M\000o\000d\000e\000l\000\040\000V\000a\000l\000i\000d\000a\000t\000i\000o\000n}{subsection.9.7}% 79
\BOOKMARK [3][-]{subsubsection.9.7.2}{\376\377\000E\000x\000p\000e\000r\000i\000m\000e\000n\000t\000\040\0002\000:\000\040\000E\000s\000c\000a\000p\000e\000\040\000T\000i\000m\000e\000\040\000M\000e\000a\000s\000u\000r\000e\000m\000e\000n\000t}{subsection.9.7}% 80
\BOOKMARK [3][-]{subsubsection.9.7.3}{\376\377\000E\000x\000p\000e\000r\000i\000m\000e\000n\000t\000\040\0003\000:\000\040\000B\000a\000t\000c\000h\000\040\000S\000i\000z\000e\000\040\000D\000e\000p\000e\000n\000d\000e\000n\000c\000e}{subsection.9.7}% 81
\BOOKMARK [3][-]{subsubsection.9.7.4}{\376\377\000E\000x\000p\000e\000r\000i\000m\000e\000n\000t\000\040\0004\000:\000\040\000E\000x\000t\000e\000n\000s\000i\000o\000n\000\040\000t\000o\000\040\000N\000o\000n\000l\000i\000n\000e\000a\000r\000\040\000N\000e\000t\000w\000o\000r\000k\000s}{subsection.9.7}% 82
\BOOKMARK [2][-]{section*.35}{\376\377\000A\000u\000t\000h\000o\000r\000'\000s\000\040\000N\000o\000t\000e\000s\000:\000\040\000R\000e\000s\000e\000a\000r\000c\000h\000\040\000T\000r\000a\000j\000e\000c\000t\000o\000r\000y\000\040\000a\000n\000d\000\040\000P\000i\000c\000k\000u\000p\000\040\000P\000o\000i\000n\000t\000s}{section.9}% 83
\BOOKMARK [2][-]{subsection.9.8}{\376\377\000P\000h\000i\000l\000o\000s\000o\000p\000h\000i\000c\000a\000l\000\040\000R\000e\000f\000l\000e\000c\000t\000i\000o\000n\000s\000:\000\040\000T\000h\000e\000\040\000E\000p\000i\000s\000t\000e\000m\000o\000l\000o\000g\000i\000c\000a\000l\000\040\000S\000h\000i\000f\000t}{section.9}% 84
\BOOKMARK [3][-]{subsubsection.9.8.1}{\376\377\000F\000r\000o\000m\000\040\000`\000`\000W\000h\000a\000t\000'\000'\000\040\000t\000o\000\040\000`\000`\000H\000o\000w\000'\000'\000:\000\040\000T\000h\000e\000\040\000D\000y\000n\000a\000m\000i\000c\000a\000l\000\040\000T\000u\000r\000n}{subsection.9.8}% 85
\BOOKMARK [3][-]{subsubsection.9.8.2}{\376\377\000T\000h\000e\000\040\000`\000`\000U\000n\000r\000e\000a\000s\000o\000n\000a\000b\000l\000e\000\040\000E\000f\000f\000e\000c\000t\000i\000v\000e\000n\000e\000s\000s\000'\000'\000\040\000o\000f\000\040\000S\000G\000D\000\040\000N\000o\000i\000s\000e}{subsection.9.8}% 86
\BOOKMARK [3][-]{subsubsection.9.8.3}{\376\377\000I\000m\000p\000l\000i\000c\000a\000t\000i\000o\000n\000s\000\040\000f\000o\000r\000\040\000T\000h\000e\000o\000r\000y\000\040\000a\000n\000d\000\040\000P\000r\000a\000c\000t\000i\000c\000e}{subsection.9.8}% 87
\BOOKMARK [3][-]{subsubsection.9.8.4}{\376\377\000W\000h\000a\000t\000\040\000T\000h\000i\000s\000\040\000C\000h\000a\000p\000t\000e\000r\000\040\000D\000o\000e\000s\000\040\000N\000o\000t\000\040\000C\000l\000a\000i\000m}{subsection.9.8}% 88
\BOOKMARK [3][-]{subsubsection.9.8.5}{\376\377\000A\000\040\000N\000o\000t\000e\000\040\000o\000n\000\040\000I\000n\000t\000e\000r\000d\000i\000s\000c\000i\000p\000l\000i\000n\000a\000r\000i\000t\000y}{subsection.9.8}% 89
\BOOKMARK [2][-]{subsection.9.9}{\376\377\000C\000o\000m\000p\000r\000e\000h\000e\000n\000s\000i\000v\000e\000\040\000R\000e\000s\000e\000a\000r\000c\000h\000\040\000F\000r\000i\000c\000t\000i\000o\000n\000\040\000L\000o\000g}{section.9}% 90
\BOOKMARK [3][-]{subsubsection.9.9.1}{\376\377\000C\000a\000t\000e\000g\000o\000r\000y\000\040\000A\000:\000\040\000M\000a\000t\000h\000e\000m\000a\000t\000i\000c\000a\000l\000\040\000R\000i\000g\000o\000r\000\040\000G\000a\000p\000s}{subsection.9.9}% 91
\BOOKMARK [3][-]{subsubsection.9.9.2}{\376\377\000C\000a\000t\000e\000g\000o\000r\000y\000\040\000B\000:\000\040\000P\000h\000y\000s\000i\000c\000a\000l\000\040\000A\000n\000a\000l\000o\000g\000y\000\040\000L\000i\000m\000i\000t\000a\000t\000i\000o\000n\000s}{subsection.9.9}% 92
\BOOKMARK [3][-]{subsubsection.9.9.3}{\376\377\000C\000a\000t\000e\000g\000o\000r\000y\000\040\000C\000:\000\040\000E\000m\000p\000i\000r\000i\000c\000a\000l\000\040\000I\000n\000s\000t\000a\000b\000i\000l\000i\000t\000i\000e\000s}{subsection.9.9}% 93
\BOOKMARK [3][-]{subsubsection.9.9.4}{\376\377\000C\000a\000t\000e\000g\000o\000r\000y\000\040\000D\000:\000\040\000C\000o\000n\000c\000e\000p\000t\000u\000a\000l\000\040\000G\000a\000p\000s}{subsection.9.9}% 94
\BOOKMARK [3][-]{subsubsection.9.9.5}{\376\377\000C\000a\000t\000e\000g\000o\000r\000y\000\040\000E\000:\000\040\000C\000o\000n\000n\000e\000c\000t\000i\000o\000n\000s\000\040\000t\000o\000\040\000O\000t\000h\000e\000r\000\040\000T\000h\000e\000o\000r\000i\000e\000s}{subsection.9.9}% 95
\BOOKMARK [2][-]{subsection.9.10}{\376\377\000R\000e\000s\000e\000a\000r\000c\000h\000\040\000R\000o\000a\000d\000m\000a\000p\000:\000\040\000F\000r\000o\000m\000\040\000D\000r\000a\000f\000t\000\040\000t\000o\000\040\000P\000u\000b\000l\000i\000c\000a\000t\000i\000o\000n}{section.9}% 96
\BOOKMARK [3][-]{subsubsection.9.10.1}{\376\377\000P\000h\000a\000s\000e\000\040\0001\000:\000\040\000F\000o\000u\000n\000d\000a\000t\000i\000o\000n\000\040\000S\000o\000l\000i\000d\000i\000f\000i\000c\000a\000t\000i\000o\000n\000\040\000\050\000W\000e\000e\000k\000s\000\040\0001\040\023\0002\000\051}{subsection.9.10}% 97
\BOOKMARK [3][-]{subsubsection.9.10.2}{\376\377\000P\000h\000a\000s\000e\000\040\0002\000:\000\040\000C\000o\000r\000e\000\040\000E\000x\000p\000e\000r\000i\000m\000e\000n\000t\000s\000\040\000\050\000W\000e\000e\000k\000s\000\040\0003\040\023\0005\000\051}{subsection.9.10}% 98
\BOOKMARK [3][-]{subsubsection.9.10.3}{\376\377\000P\000h\000a\000s\000e\000\040\0003\000:\000\040\000E\000x\000t\000e\000n\000s\000i\000o\000n\000\040\000a\000n\000d\000\040\000V\000a\000l\000i\000d\000a\000t\000i\000o\000n\000\040\000\050\000W\000e\000e\000k\000s\000\040\0006\040\023\0008\000\051}{subsection.9.10}% 99
\BOOKMARK [3][-]{subsubsection.9.10.4}{\376\377\000P\000h\000a\000s\000e\000\040\0004\000:\000\040\000W\000r\000i\000t\000i\000n\000g\000\040\000a\000n\000d\000\040\000R\000e\000f\000i\000n\000e\000m\000e\000n\000t\000\040\000\050\000W\000e\000e\000k\000s\000\040\0009\040\023\0001\0002\000\051}{subsection.9.10}% 100
\BOOKMARK [3][-]{subsubsection.9.10.5}{\376\377\000S\000u\000c\000c\000e\000s\000s\000\040\000C\000r\000i\000t\000e\000r\000i\000a}{subsection.9.10}% 101
\BOOKMARK [2][-]{section*.39}{\376\377\000C\000l\000o\000s\000i\000n\000g\000\040\000R\000e\000f\000l\000e\000c\000t\000i\000o\000n\000:\000\040\000T\000h\000e\000\040\000I\000n\000v\000i\000t\000a\000t\000i\000o\000n}{section.9}% 102
\BOOKMARK [2][-]{section*.40}{\376\377\000A\000u\000t\000h\000o\000r\000'\000s\000\040\000C\000r\000i\000t\000i\000c\000a\000l\000\040\000S\000e\000l\000f\000-\000R\000e\000v\000i\000e\000w\000\040\000\050\000F\000e\000b\000r\000u\000a\000r\000y\000\040\0002\0000\0002\0006\000\051}{section.9}% 103
\BOOKMARK [3][-]{section*.41}{\376\377\000C\000a\000t\000e\000g\000o\000r\000y\000\040\000I\000:\000\040\000T\000h\000e\000o\000r\000e\000t\000i\000c\000a\000l\000\040\000R\000e\000f\000i\000n\000e\000m\000e\000n\000t\000s\000\040\000N\000e\000e\000d\000e\000d\000\040\000\050\000B\000e\000f\000o\000r\000e\000\040\000E\000x\000p\000e\000r\000i\000m\000e\000n\000t\000s\000\051}{section*.40}% 104
\BOOKMARK [3][-]{section*.42}{\376\377\000C\000a\000t\000e\000g\000o\000r\000y\000\040\000I\000I\000:\000\040\000E\000x\000p\000e\000r\000i\000m\000e\000n\000t\000a\000l\000\040\000P\000h\000a\000s\000e\000\040\000P\000l\000a\000n\000n\000i\000n\000g}{section*.40}% 105
\BOOKMARK [3][-]{section*.43}{\376\377\000C\000a\000t\000e\000g\000o\000r\000y\000\040\000I\000I\000I\000:\000\040\000M\000e\000t\000h\000o\000d\000o\000l\000o\000g\000i\000c\000a\000l\000\040\000R\000e\000f\000i\000n\000e\000m\000e\000n\000t\000s}{section*.40}% 106
\BOOKMARK [3][-]{section*.44}{\376\377\000C\000a\000t\000e\000g\000o\000r\000y\000\040\000I\000V\000:\000\040\000C\000o\000n\000t\000e\000n\000t\000\040\000t\000o\000\040\000S\000t\000r\000e\000n\000g\000t\000h\000e\000n}{section*.40}% 107
\BOOKMARK [3][-]{section*.45}{\376\377\000H\000o\000n\000e\000s\000t\000\040\000A\000s\000s\000e\000s\000s\000m\000e\000n\000t\000:\000\040\000P\000a\000p\000e\000r\000\040\000S\000t\000a\000t\000u\000s}{section*.40}% 108
\BOOKMARK [3][-]{section*.46}{\376\377\000P\000a\000t\000h\000\040\000F\000o\000r\000w\000a\000r\000d\000:\000\040\000R\000e\000s\000e\000a\000r\000c\000h\000\040\000P\000h\000a\000s\000e\000s}{section*.40}% 109
\BOOKMARK [1][-]{section*.47}{\376\377\000R\000e\000f\000e\000r\000e\000n\000c\000e\000s}{}% 110
