\BOOKMARK [1][-]{section.1}{\376\377\000E\000x\000e\000c\000u\000t\000i\000v\000e\000\040\000S\000u\000m\000m\000a\000r\000y\000:\000\040\000C\000r\000i\000t\000i\000c\000a\000l\000\040\000A\000s\000s\000e\000s\000s\000m\000e\000n\000t}{}% 1
\BOOKMARK [2][-]{subsection.1.1}{\376\377\000K\000e\000y\000\040\000P\000o\000i\000n\000t\000s\000\040\000f\000o\000r\000\040\000E\000x\000p\000e\000r\000i\000m\000e\000n\000t\000a\000l\000\040\000P\000h\000a\000s\000e}{section.1}% 2
\BOOKMARK [1][-]{section.2}{\376\377\000S\000e\000c\000t\000i\000o\000n\000-\000b\000y\000-\000S\000e\000c\000t\000i\000o\000n\000\040\000A\000n\000a\000l\000y\000s\000i\000s}{}% 3
\BOOKMARK [2][-]{subsection.2.1}{\376\377\000A\000b\000s\000t\000r\000a\000c\000t\000\040\000a\000n\000d\000\040\000I\000n\000t\000r\000o\000d\000u\000c\000t\000i\000o\000n\000\040\000\050\000L\000i\000n\000e\000s\000\040\0001\040\023\0007\0000\000\051}{section.2}% 4
\BOOKMARK [2][-]{subsection.2.2}{\376\377\000S\000e\000c\000t\000i\000o\000n\000\040\0001\000:\000\040\000F\000o\000u\000n\000d\000a\000t\000i\000o\000n\000a\000l\000\040\000W\000o\000r\000k\000s\000\040\000\050\000L\000i\000n\000e\000s\000\040\0007\0006\040\023\0001\0000\0000\000\051}{section.2}% 5
\BOOKMARK [2][-]{subsection.2.3}{\376\377\000S\000e\000c\000t\000i\000o\000n\000\040\0002\000:\000\040\000F\000o\000u\000n\000d\000a\000t\000i\000o\000n\000\040\000o\000f\000\040\000L\000e\000a\000r\000n\000i\000n\000g\000\040\000T\000h\000e\000o\000r\000y\000\040\000\050\000L\000i\000n\000e\000s\000\040\0001\0000\0000\040\023\0002\0005\0000\000\051}{section.2}% 6
\BOOKMARK [2][-]{subsection.2.4}{\376\377\000S\000e\000c\000t\000i\000o\000n\000\040\0003\000:\000\040\000B\000i\000a\000s\000-\000V\000a\000r\000i\000a\000n\000c\000e\000\040\000T\000r\000a\000d\000e\000o\000f\000f\000\040\000\050\000L\000i\000n\000e\000s\000\040\0002\0008\0000\040\023\0004\0000\0000\000\051}{section.2}% 7
\BOOKMARK [2][-]{subsection.2.5}{\376\377\000S\000e\000c\000t\000i\000o\000n\000\040\0004\000:\000\040\000D\000o\000u\000b\000l\000e\000\040\000D\000e\000s\000c\000e\000n\000t\000\040\000\050\000L\000i\000n\000e\000s\000\040\0004\0000\0000\040\023\0005\0004\0000\000\051}{section.2}% 8
\BOOKMARK [2][-]{subsection.2.6}{\376\377\000S\000e\000c\000t\000i\000o\000n\000\040\0005\000:\000\040\000F\000o\000u\000n\000d\000a\000t\000i\000o\000n\000a\000l\000\040\000D\000e\000f\000i\000n\000i\000t\000i\000o\000n\000s\000\040\000f\000o\000r\000\040\000S\000t\000a\000t\000i\000s\000t\000i\000c\000a\000l\000\040\000P\000h\000y\000s\000i\000c\000s\000\040\000\050\000L\000i\000n\000e\000s\000\040\0005\0004\0000\040\023\0009\0000\0000\000\051}{section.2}% 9
\BOOKMARK [2][-]{subsection.2.7}{\376\377\000S\000e\000c\000t\000i\000o\000n\000\040\0006\000:\000\040\000C\000l\000a\000s\000s\000i\000c\000a\000l\000\040\000E\000x\000p\000l\000a\000n\000a\000t\000i\000o\000n\000s\000\040\000\050\000L\000i\000n\000e\000s\000\040\0009\0000\0000\040\023\0001\0001\0000\0000\000\051}{section.2}% 10
\BOOKMARK [2][-]{subsection.2.8}{\376\377\000S\000e\000c\000t\000i\000o\000n\000\040\0007\000:\000\040\000C\000o\000n\000c\000e\000p\000t\000u\000a\000l\000\040\000B\000r\000i\000d\000g\000e\000s\000\040\000\050\000L\000i\000n\000e\000s\000\040\0001\0001\0000\0000\040\023\0001\0002\0000\0000\000\051}{section.2}% 11
\BOOKMARK [2][-]{subsection.2.9}{\376\377\000S\000e\000c\000t\000i\000o\000n\000\040\0007\000:\000\040\000N\000E\000S\000P\000\040\000F\000r\000a\000m\000e\000w\000o\000r\000k\000\040\000\050\000L\000i\000n\000e\000s\000\040\0001\0003\0000\0000\040\023\0001\0006\0000\0000\000\051}{section.2}% 12
\BOOKMARK [2][-]{subsection.2.10}{\376\377\000S\000e\000c\000t\000i\000o\000n\000\040\0007\000.\0004\000:\000\040\000T\000o\000y\000\040\000M\000o\000d\000e\000l\000\040\000\050\000L\000i\000n\000e\000s\000\040\0001\0006\0000\0000\040\023\0001\0009\0000\0000\000\051}{section.2}% 13
\BOOKMARK [2][-]{subsection.2.11}{\376\377\000S\000e\000c\000t\000i\000o\000n\000\040\0007\000.\0005\000:\000\040\000O\000p\000e\000n\000\040\000P\000r\000o\000b\000l\000e\000m\000s\000\040\000\050\000L\000i\000n\000e\000s\000\040\0001\0009\0000\0000\040\023\0002\0001\0000\0000\000\051}{section.2}% 14
\BOOKMARK [2][-]{subsection.2.12}{\376\377\000S\000e\000c\000t\000i\000o\000n\000\040\0007\000.\0006\000:\000\040\000E\000x\000p\000e\000r\000i\000m\000e\000n\000t\000a\000l\000\040\000A\000g\000e\000n\000d\000a\000\040\000\050\000L\000i\000n\000e\000s\000\040\0002\0001\0000\0000\040\023\0002\0002\0000\0000\000\051}{section.2}% 15
\BOOKMARK [2][-]{subsection.2.13}{\376\377\000S\000e\000c\000t\000i\000o\000n\000\040\0007\000.\0007\000:\000\040\000P\000h\000i\000l\000o\000s\000o\000p\000h\000i\000c\000a\000l\000\040\000R\000e\000f\000l\000e\000c\000t\000i\000o\000n\000s\000\040\000\050\000L\000i\000n\000e\000s\000\040\0002\0002\0000\0000\040\023\0002\0003\0005\0000\000\051}{section.2}% 16
\BOOKMARK [2][-]{subsection.2.14}{\376\377\000S\000e\000c\000t\000i\000o\000n\000\040\0007\000.\0007\000.\0008\000:\000\040\000F\000r\000i\000c\000t\000i\000o\000n\000\040\000L\000o\000g\000\040\000\050\000L\000i\000n\000e\000s\000\040\0002\0003\0005\0000\040\023\0002\0004\0005\0000\000\051}{section.2}% 17
\BOOKMARK [2][-]{subsection.2.15}{\376\377\000S\000e\000c\000t\000i\000o\000n\000\040\0007\000.\0007\000.\0009\000:\000\040\000R\000e\000s\000e\000a\000r\000c\000h\000\040\000R\000o\000a\000d\000m\000a\000p\000\040\000\050\000L\000i\000n\000e\000s\000\040\0002\0004\0005\0000\040\023\0002\0005\0004\0005\000\051}{section.2}% 18
\BOOKMARK [1][-]{section.3}{\376\377\000S\000y\000n\000t\000h\000e\000s\000i\000s\000:\000\040\000P\000r\000i\000o\000r\000i\000t\000i\000z\000e\000d\000\040\000A\000c\000t\000i\000o\000n\000\040\000I\000t\000e\000m\000s}{}% 19
\BOOKMARK [2][-]{subsection.3.1}{\376\377\000P\000h\000a\000s\000e\000\040\000A\000:\000\040\000T\000h\000e\000o\000r\000y\000\040\000F\000i\000n\000a\000l\000i\000z\000a\000t\000i\000o\000n\000\040\000\050\000C\000u\000r\000r\000e\000n\000t\000\051}{section.3}% 20
\BOOKMARK [2][-]{subsection.3.2}{\376\377\000P\000h\000a\000s\000e\000\040\000B\000:\000\040\000E\000x\000p\000e\000r\000i\000m\000e\000n\000t\000\040\000E\000x\000e\000c\000u\000t\000i\000o\000n\000\040\000\050\000N\000e\000x\000t\000\051}{section.3}% 21
\BOOKMARK [2][-]{subsection.3.3}{\376\377\000S\000h\000o\000u\000l\000d\000\040\000F\000i\000x\000\040\000\050\000F\000o\000r\000\040\000Q\000u\000a\000l\000i\000t\000y\000\051}{section.3}% 22
\BOOKMARK [2][-]{subsection.3.4}{\376\377\000C\000o\000u\000l\000d\000\040\000F\000i\000x\000\040\000\050\000S\000t\000r\000e\000t\000c\000h\000\040\000G\000o\000a\000l\000s\000\051}{section.3}% 23
\BOOKMARK [1][-]{section.4}{\376\377\000C\000o\000n\000c\000l\000u\000s\000i\000o\000n\000:\000\040\000T\000h\000e\000\040\000P\000a\000t\000h\000\040\000F\000o\000r\000w\000a\000r\000d}{}% 24
