\BOOKMARK [0][-]{section*.1}{\376\377\000C\000o\000n\000t\000e\000n\000t\000s}{}% 1
\BOOKMARK [0][-]{section*.2}{\376\377\000L\000i\000s\000t\000\040\000o\000f\000\040\000F\000i\000g\000u\000r\000e\000s}{}% 2
\BOOKMARK [0][-]{chapter*.3}{\376\377\000I\000n\000t\000r\000o\000d\000u\000c\000t\000i\000o\000n}{}% 3
\BOOKMARK [1][-]{section*.4}{\376\377\000B\000a\000c\000k\000g\000r\000o\000u\000n\000d\000\040\000a\000n\000d\000\040\000m\000o\000t\000i\000v\000a\000t\000i\000o\000n}{chapter*.3}% 4
\BOOKMARK [0][-]{chapter.1}{\376\377\000P\000r\000e\000l\000i\000m\000i\000n\000a\000r\000i\000e\000s}{}% 5
\BOOKMARK [1][-]{section.1.1}{\376\377\000C\000o\000n\000c\000e\000n\000t\000r\000a\000t\000i\000o\000n\000\040\000i\000n\000e\000q\000u\000a\000l\000i\000t\000i\000e\000s}{chapter.1}% 6
\BOOKMARK [2][-]{subsection.1.1.1}{\376\377\000W\000h\000a\000t\000\040\000a\000r\000e\000\040\000c\000o\000n\000c\000e\000n\000t\000r\000a\000t\000i\000o\000n\000\040\000i\000n\000e\000q\000u\000a\000l\000i\000t\000i\000e\000s\000?}{section.1.1}% 7
\BOOKMARK [2][-]{subsection.1.1.2}{\376\377\000R\000e\000l\000e\000v\000a\000n\000t\000\040\000t\000o\000o\000l\000s\000e\000t}{section.1.1}% 8
\BOOKMARK [2][-]{subsection.1.1.3}{\376\377\000M\000a\000r\000k\000o\000v\000'\000s\000\040\000i\000n\000e\000q\000u\000a\000l\000i\000t\000y}{section.1.1}% 9
\BOOKMARK [2][-]{subsection.1.1.4}{\376\377\000C\000h\000e\000b\000y\000s\000h\000e\000v\000'\000s\000\040\000i\000n\000e\000q\000u\000a\000l\000i\000t\000y}{section.1.1}% 10
\BOOKMARK [2][-]{subsection.1.1.5}{\376\377\000M\000c\000D\000i\000a\000r\000m\000i\000d\000'\000s\000\040\000i\000n\000e\000q\000u\000a\000l\000i\000t\000y}{section.1.1}% 11
\BOOKMARK [2][-]{subsection.1.1.6}{\376\377\000T\000h\000e\000\040\000C\000r\000a\000m\000e\000r\000-\000C\000h\000e\000r\000n\000o\000f\000f\000\040\000m\000e\000t\000h\000o\000d}{section.1.1}% 12
\BOOKMARK [0][-]{chapter.2}{\376\377\000C\000l\000a\000s\000s\000i\000c\000a\000l\000\040\000l\000e\000a\000r\000n\000i\000n\000g\000\040\000t\000h\000e\000o\000r\000y}{}% 13
\BOOKMARK [1][-]{section.2.1}{\376\377\000P\000r\000e\000c\000u\000r\000s\000o\000r\000s\000\040\000t\000o\000\040\000l\000e\000a\000r\000n\000i\000n\000g\000\040\000t\000h\000e\000o\000r\000e\000t\000i\000c}{chapter.2}% 14
\BOOKMARK [1][-]{section.2.2}{\376\377\000I\000n\000f\000e\000r\000e\000n\000c\000e\000\040\000l\000e\000a\000r\000n\000i\000n\000g}{chapter.2}% 15
\BOOKMARK [1][-]{section.2.3}{\376\377\000C\000l\000a\000s\000s\000i\000c\000a\000l\000\040\000s\000e\000t\000u\000p}{chapter.2}% 16
\BOOKMARK [1][-]{section.2.4}{\376\377\000O\000p\000t\000i\000m\000a\000l\000\040\000l\000e\000a\000r\000n\000i\000n\000g\000\040\000-\000\040\000P\000A\000C\000-\000l\000e\000a\000r\000n\000i\000n\000g}{chapter.2}% 17
\BOOKMARK [2][-]{subsection.2.4.1}{\376\377\000R\000e\000p\000r\000e\000s\000e\000n\000t\000a\000t\000i\000o\000n\000\040\000s\000i\000z\000e\000\040\000a\000n\000d\000\040\000P\000A\000C\000-\000c\000o\000n\000f\000i\000g\000u\000r\000a\000t\000i\000o\000n}{section.2.4}% 18
\BOOKMARK [2][-]{subsection.2.4.2}{\376\377\000G\000e\000n\000e\000r\000a\000l\000i\000z\000a\000t\000i\000o\000n\000\040\000b\000o\000u\000n\000d\000s}{section.2.4}% 19
\BOOKMARK [2][-]{subsection.2.4.3}{\376\377\000A\000g\000n\000o\000s\000t\000i\000c\000-\000g\000e\000n\000e\000r\000a\000l\000\040\000P\000A\000C\000-\000l\000e\000a\000r\000n\000i\000n\000g}{section.2.4}% 20
\BOOKMARK [1][-]{section.2.5}{\376\377\000S\000i\000m\000p\000l\000i\000s\000t\000i\000c\000\040\000l\000e\000a\000r\000n\000i\000n\000g\000\040\000-\000\040\000O\000c\000c\000a\000m\000'\000s\000\040\000R\000a\000z\000o\000r}{chapter.2}% 21
\BOOKMARK [2][-]{subsection.2.5.1}{\376\377\000O\000c\000c\000a\000m\000\040\000L\000e\000a\000r\000n\000i\000n\000g\000\040\000a\000n\000d\000\040\000S\000u\000c\000c\000i\000n\000c\000t\000n\000e\000s\000s}{section.2.5}% 22
\BOOKMARK [1][-]{section.2.6}{\376\377\000D\000i\000s\000c\000r\000e\000t\000e\000\040\000s\000p\000a\000c\000e\000\040\000e\000m\000p\000i\000r\000i\000c\000i\000s\000m\000\040\000-\000\040\000R\000a\000d\000e\000m\000a\000c\000h\000e\000r\000\040\000c\000o\000m\000p\000l\000e\000x\000i\000t\000y}{chapter.2}% 23
\BOOKMARK [2][-]{subsection.2.6.1}{\376\377\000R\000a\000d\000e\000m\000a\000c\000h\000e\000r\000\040\000d\000e\000s\000c\000r\000i\000p\000t\000i\000o\000n\000s}{section.2.6}% 24
\BOOKMARK [2][-]{subsection.2.6.2}{\376\377\000G\000r\000o\000w\000t\000h\000\040\000f\000u\000n\000c\000t\000i\000o\000n}{section.2.6}% 25
\BOOKMARK [1][-]{section.2.7}{\376\377\000E\000q\000u\000i\000v\000a\000l\000e\000n\000t\000\040\000s\000p\000a\000t\000i\000a\000l\000\040\000s\000e\000p\000a\000r\000a\000t\000i\000o\000n\000\040\000-\000\040\000V\000C\000-\000t\000h\000e\000o\000r\000y}{chapter.2}% 26
\BOOKMARK [1][-]{section.2.8}{\376\377\000S\000u\000m\000m\000a\000r\000y}{chapter.2}% 27
\BOOKMARK [0][-]{chapter.3}{\376\377\000I\000n\000t\000r\000o\000d\000u\000c\000t\000i\000o\000n\000\040\000t\000o\000\040\000D\000o\000u\000b\000l\000e\000\040\000D\000e\000s\000c\000e\000n\000t}{}% 28
\BOOKMARK [1][-]{section.3.1}{\376\377\000I\000n\000t\000r\000o\000d\000u\000c\000t\000i\000o\000n}{chapter.3}% 29
\BOOKMARK [2][-]{subsection.3.1.1}{\376\377\000O\000u\000t\000l\000i\000n\000e}{section.3.1}% 30
\BOOKMARK [2][-]{subsection.3.1.2}{\376\377\000R\000e\000l\000a\000t\000e\000d\000\040\000w\000o\000r\000k\000s}{section.3.1}% 31
\BOOKMARK [1][-]{section.3.2}{\376\377\000F\000o\000u\000n\000d\000a\000t\000i\000o\000n\000a\000l\000\040\000i\000n\000v\000e\000s\000t\000i\000g\000a\000t\000i\000o\000n}{chapter.3}% 32
\BOOKMARK [2][-]{subsection.3.2.1}{\376\377\000C\000l\000a\000s\000s\000i\000c\000a\000l\000\040\000n\000o\000t\000i\000o\000n\000\040\000o\000f\000\040\000l\000e\000a\000r\000n\000i\000n\000g}{section.3.2}% 33
\BOOKMARK [2][-]{subsection.3.2.2}{\376\377\000P\000h\000e\000n\000o\000m\000e\000n\000o\000l\000o\000g\000i\000c\000a\000l\000\040\000a\000b\000e\000r\000r\000a\000t\000i\000o\000n}{section.3.2}% 34
\BOOKMARK [2][-]{subsection.3.2.3}{\376\377\000S\000e\000t\000u\000p\000\040\000s\000p\000e\000c\000i\000a\000l\000i\000z\000a\000t\000i\000o\000n\000\040\000-\000\040\000P\000A\000C\000-\000l\000e\000a\000r\000n\000i\000n\000g}{section.3.2}% 35
\BOOKMARK [2][-]{subsection.3.2.4}{\376\377\000E\000m\000p\000i\000r\000i\000c\000a\000l\000\040\000a\000n\000d\000\040\000s\000t\000r\000u\000c\000t\000u\000r\000a\000l\000\040\000a\000l\000g\000o\000r\000i\000t\000h\000m\000s}{section.3.2}% 36
\BOOKMARK [2][-]{subsection.3.2.5}{\376\377\000T\000h\000e\000\040\000P\000A\000C\000-\000E\000R\000M\000\040\000n\000o\000t\000i\000o\000n}{section.3.2}% 37
\BOOKMARK [2][-]{subsection.3.2.6}{\376\377\000N\000o\000i\000s\000e\000,\000\040\0001\0000\000.\0005\0005\0005\0005\000/\0002\0003\0007\0001\0002\0003\0008}{section.3.2}% 38
\BOOKMARK [1][-]{section.3.3}{\376\377\000T\000h\000e\000\040\000b\000i\000a\000s\000-\000v\000a\000r\000i\000a\000n\000c\000e\000\040\000-\000\040\000d\000o\000u\000b\000l\000e\000\040\000d\000e\000s\000c\000e\000n\000t\000\040\000d\000i\000l\000e\000m\000m\000a}{chapter.3}% 39
\BOOKMARK [2][-]{subsection.3.3.1}{\376\377\000B\000i\000a\000s\000-\000v\000a\000r\000i\000a\000n\000c\000e\000\040\000t\000r\000a\000d\000e\000o\000f\000f}{section.3.3}% 40
\BOOKMARK [2][-]{subsection.3.3.2}{\376\377\000D\000o\000u\000b\000l\000e\000\040\000d\000e\000s\000c\000e\000n\000t}{section.3.3}% 41
\BOOKMARK [1][-]{section.3.4}{\376\377\000C\000u\000r\000r\000e\000n\000t\000\040\000r\000e\000s\000e\000a\000r\000c\000h\000e\000s}{chapter.3}% 42
\BOOKMARK [2][-]{subsection.3.4.1}{\376\377\000D\000i\000s\000c\000o\000v\000e\000r\000y\000\040\000o\000f\000\040\000d\000o\000u\000b\000l\000e\000\040\000d\000e\000s\000c\000e\000n\000t}{section.3.4}% 43
\BOOKMARK [2][-]{subsection.3.4.2}{\376\377\000T\000h\000e\000o\000r\000e\000t\000i\000c\000a\000l\000\040\000a\000t\000t\000a\000c\000k\000s}{section.3.4}% 44
\BOOKMARK [2][-]{subsection.3.4.3}{\376\377\000H\000i\000g\000h\000-\000d\000i\000m\000e\000n\000s\000i\000o\000n\000a\000l\000\040\000r\000i\000d\000g\000e\000l\000e\000s\000s\000\040\000i\000n\000t\000e\000r\000p\000o\000l\000a\000t\000i\000o\000n\000\040\000-\000\040\000h\000a\000s\000t\000i\000e\0002\0000\0001\0009\000s\000u\000r\000p\000r\000i\000s\000e\000s}{section.3.4}% 45
\BOOKMARK [2][-]{subsection.3.4.4}{\376\377\000S\000a\000m\000p\000l\000e\000-\000w\000i\000s\000e\000\040\000d\000o\000u\000b\000l\000e\000\040\000d\000e\000s\000c\000e\000n\000t\000\040\000-\000\040\000n\000a\000k\000k\000i\000r\000a\000n\0002\0000\0001\0009\000m\000o\000r\000e\000d\000a\000t\000a}{section.3.4}% 46
\BOOKMARK [2][-]{subsection.3.4.5}{\376\377\000M\000u\000l\000t\000i\000s\000c\000a\000l\000e\000\040\000f\000e\000a\000t\000u\000r\000e\000\040\000l\000e\000a\000r\000n\000i\000n\000g\000\040\000d\000y\000n\000a\000m\000i\000c\000s\000\040\000-\000\040\000p\000e\000z\000e\000s\000h\000k\000i\0002\0000\0002\0001\000m\000u\000l\000t\000i\000s\000c\000a\000l\000e\000f\000e\000a\000t\000u\000r\000e\000l\000e\000a\000r\000n\000i\000n\000g\000d\000y\000n\000a\000m\000i\000c\000s}{section.3.4}% 47
\BOOKMARK [2][-]{subsection.3.4.6}{\376\377\000R\000e\000i\000n\000f\000o\000r\000c\000e\000m\000e\000n\000t\000\040\000l\000e\000a\000r\000n\000i\000n\000g\000\040\000a\000n\000d\000\040\000d\000o\000u\000b\000l\000e\000\040\000d\000e\000s\000c\000e\000n\000t\000\040\000-\000\040\000b\000r\000e\000l\000l\000m\000a\000n\000n\0002\0000\0002\0004\000o\000n}{section.3.4}% 48
\BOOKMARK [2][-]{subsection.3.4.7}{\376\377\000O\000u\000t\000-\000o\000f\000-\000D\000i\000s\000t\000r\000i\000b\000u\000t\000i\000o\000n\000\040\000D\000e\000t\000e\000c\000t\000i\000o\000n\000\040\000-\000\040\000a\000m\000m\000a\000r\0002\0000\0002\0005\000d\000o\000u\000b\000l\000e\000d\000e\000s\000c\000e\000n\000t\000m\000e\000e\000t\000s\000o\000u\000t\000o\000f\000d\000i\000s\000t\000r\000i\000b\000u\000t\000i\000o\000n}{section.3.4}% 49
\BOOKMARK [2][-]{subsection.3.4.8}{\376\377\000G\000a\000u\000s\000s\000i\000a\000n\000\040\000p\000r\000o\000c\000e\000s\000s\000e\000s\000\040\000a\000n\000d\000\040\000n\000e\000u\000r\000a\000l\000\040\000n\000e\000t\000w\000o\000r\000k\000\040\000-\000\040\000h\000a\000r\000z\000l\000i\0002\0000\0002\0003\000d\000o\000u\000b\000l\000e\000d\000e\000s\000c\000e\000n\000t\000c\000u\000r\000v\000e\000s\000n\000e\000u\000r\000a\000l\000n\000e\000t\000w\000o\000r\000k\000s}{section.3.4}% 50
\BOOKMARK [2][-]{subsection.3.4.9}{\376\377\000D\000o\000u\000b\000l\000e\000\040\000d\000e\000s\000c\000e\000n\000t\000\040\000o\000n\000\040\000G\000N\000N\000\040\000-\000\040\000s\000h\000i\0002\0000\0002\0004\000h\000o\000m\000o\000p\000h\000i\000l\000y\000m\000o\000d\000u\000l\000a\000t\000e\000s\000d\000o\000u\000b\000l\000e\000d\000e\000s\000c\000e\000n\000t}{section.3.4}% 51
\BOOKMARK [2][-]{subsection.3.4.10}{\376\377\000W\000e\000a\000k\000\040\000f\000e\000a\000t\000u\000r\000e\000\040\000d\000o\000u\000b\000l\000e\000\040\000d\000e\000s\000c\000e\000n\000t\000\040\000-\000\040\000B\000e\000l\000k\000i\000n\0002\0000\0002\0000}{section.3.4}% 52
\BOOKMARK [2][-]{subsection.3.4.11}{\376\377\000G\000r\000o\000k\000k\000i\000n\000g\000,\000\040\000E\000m\000e\000r\000g\000e\000n\000c\000e\000,\000\040\000a\000n\000d\000\040\000D\000o\000u\000b\000l\000e\000\040\000D\000e\000s\000c\000e\000n\000t\000\040\000-\000\040\000\040\000h\000u\000a\000n\000g\0002\0000\0002\0005\000s\000a\000m\000p\000l\000e\000c\000o\000m\000p\000l\000e\000x\000i\000t\000y\000r\000e\000p\000r\000e\000s\000e\000n\000t\000a\000t\000i\000o\000n\000a\000b\000i\000l\000i\000t\000y}{section.3.4}% 53
\BOOKMARK [2][-]{subsection.3.4.12}{\376\377\000V\000a\000r\000i\000a\000t\000i\000o\000n\000s\000\040\000o\000n\000\040\000a\000n\000a\000l\000y\000s\000i\000s}{section.3.4}% 54
\BOOKMARK [1][-]{section.3.5}{\376\377\000P\000r\000o\000b\000l\000e\000m\000s}{chapter.3}% 55
\BOOKMARK [0][-]{chapter.4}{\376\377\000E\000x\000p\000e\000r\000i\000m\000e\000n\000t\000a\000l\000\040\000i\000n\000v\000e\000s\000t\000i\000g\000a\000t\000i\000o\000n\000s}{}% 56
\BOOKMARK [1][-]{section.4.1}{\376\377\000E\000x\000p\000e\000r\000i\000m\000e\000n\000t\000a\000l\000\040\000p\000l\000a\000n\000n\000i\000n\000g}{chapter.4}% 57
\BOOKMARK [2][-]{subsection.4.1.1}{\376\377\000S\000e\000t\000t\000i\000n\000g\000:\000\040\000g\000r\000a\000d\000i\000e\000n\000t\000-\000b\000a\000s\000e\000d\000\040\000o\000p\000t\000i\000m\000i\000z\000a\000t\000i\000o\000n}{section.4.1}% 58
\BOOKMARK [2][-]{subsection.4.1.2}{\376\377\000G\000r\000a\000d\000i\000e\000n\000t\000\040\000d\000e\000s\000c\000e\000n\000t\000\040\000a\000n\000d\000\040\000t\000h\000e\000\040\000i\000m\000p\000l\000i\000c\000i\000t\000\040\000e\000n\000c\000o\000d\000i\000n\000g\000\040\000s\000t\000r\000u\000c\000t\000u\000r\000e}{section.4.1}% 59
\BOOKMARK [2][-]{subsection.4.1.3}{\376\377\000E\000x\000p\000e\000r\000i\000m\000e\000n\000t\000s\000\040\000l\000i\000s\000t}{section.4.1}% 60
\BOOKMARK [2][-]{subsection.4.1.4}{\376\377\000P\000r\000e\000l\000i\000m\000i\000n\000a\000r\000i\000e\000s\000\040\000o\000n\000\040\000o\000b\000s\000e\000r\000v\000a\000t\000i\000o\000n\000s\000\040\000-\000\040\000s\000c\000h\000a\000e\000f\000f\000e\000r\000d\000o\000u\000b\000l\000e\0002\0000\0002\0003}{section.4.1}% 61
\BOOKMARK [2][-]{subsection.4.1.5}{\376\377\000L\000i\000n\000e\000a\000r\000\040\000f\000u\000n\000c\000t\000i\000o\000n\000\040\000c\000l\000a\000s\000s\000\040\000h\000\050\000u\000\051\000\040\000-\000\040\000l\000a\000f\000o\000n\000u\000n\000d\000e\000r\000s\000t\000a\000n\000d\000i\000n\000g\0002\0000\0002\0004}{section.4.1}% 62
\BOOKMARK [2][-]{subsection.4.1.6}{\376\377\000E\000x\000t\000e\000n\000s\000i\000o\000n}{section.4.1}% 63
\BOOKMARK [1][-]{section.4.2}{\376\377\000T\000h\000e\000\040\000p\000o\000l\000y\000n\000o\000m\000i\000a\000l\000\040\000t\000r\000a\000n\000s\000i\000t\000i\000o\000n\000\040\000p\000r\000o\000b\000l\000e\000m}{chapter.4}% 64
\BOOKMARK [2][-]{subsection.4.2.1}{\376\377\000S\000t\000r\000u\000c\000t\000u\000r\000e}{section.4.2}% 65
\BOOKMARK [2][-]{subsection.4.2.2}{\376\377\000S\000c\000e\000n\000a\000r\000i\000o\000\040\000s\000c\000h\000e\000m\000a}{section.4.2}% 66
\BOOKMARK [1][-]{section.4.3}{\376\377\000G\000r\000a\000p\000h\000\040\000N\000e\000u\000r\000a\000l\000\040\000N\000e\000t\000w\000o\000r\000k\000\040\000\050\000G\000N\000N\000\051\000\040\000-\000\040\000s\000h\000i\0002\0000\0002\0004\000h\000o\000m\000o\000p\000h\000i\000l\000y\000m\000o\000d\000u\000l\000a\000t\000e\000s\000d\000o\000u\000b\000l\000e\000d\000e\000s\000c\000e\000n\000t}{chapter.4}% 67
\BOOKMARK [2][-]{subsection.4.3.1}{\376\377\000M\000e\000t\000h\000o\000d\000o\000l\000o\000d\000y}{section.4.3}% 68
\BOOKMARK [2][-]{subsection.4.3.2}{\376\377\000D\000o\000u\000b\000l\000e\000\040\000d\000e\000s\000c\000e\000n\000t\000\040\000a\000n\000d\000\040\000G\000N\000N}{section.4.3}% 69
\BOOKMARK [0][-]{chapter.5}{\376\377\000I\000n\000t\000e\000r\000s\000e\000c\000t\000i\000o\000n\000a\000l\000\040\000i\000n\000s\000i\000g\000h\000t\000s}{}% 70
\BOOKMARK [1][-]{section.5.1}{\376\377\000I\000n\000t\000e\000r\000p\000r\000e\000t\000i\000n\000g\000\040\000t\000h\000e\000\040\000l\000e\000a\000r\000n\000i\000n\000g\000\040\000t\000h\000e\000o\000r\000y}{chapter.5}% 71
\BOOKMARK [2][-]{subsection.5.1.1}{\376\377\000D\000o\000m\000a\000i\000n\000\040\000a\000n\000d\000\040\000p\000r\000o\000c\000e\000s\000s}{section.5.1}% 72
\BOOKMARK [2][-]{subsection.5.1.2}{\376\377\000T\000h\000e\000\040\000l\000e\000a\000r\000n\000e\000r\000'\000s\000\040\000e\000n\000c\000o\000d\000e\000d\000\040\000s\000e\000t\000t\000i\000n\000g}{section.5.1}% 73
\BOOKMARK [2][-]{subsection.5.1.3}{\376\377\000O\000v\000e\000r\000f\000i\000t\000t\000i\000n\000g\000\040\000a\000n\000d\000\040\000u\000n\000d\000e\000r\000f\000i\000t\000t\000i\000n\000g}{section.5.1}% 74
\BOOKMARK [1][-]{section.5.2}{\376\377\000S\000y\000s\000t\000e\000m\000-\000w\000i\000d\000e\000\040\000s\000t\000r\000u\000c\000t\000u\000r\000a\000l\000i\000z\000a\000t\000i\000o\000n}{chapter.5}% 75
\BOOKMARK [2][-]{subsection.5.2.1}{\376\377\000T\000h\000e\000\040\000i\000d\000e\000a\000\040\000o\000f\000\040\000n\000e\000u\000r\000a\000l\000\040\000n\000e\000t\000w\000o\000r\000k\000\040\000f\000o\000r\000m\000a\000l\000i\000s\000m}{section.5.2}% 76
\BOOKMARK [1][-]{section.5.3}{\376\377\000C\000o\000m\000p\000l\000e\000x\000i\000t\000y\000\040\000n\000o\000t\000i\000o\000n}{chapter.5}% 77
\BOOKMARK [1][-]{section.5.4}{\376\377\000A\000t\000t\000r\000a\000c\000t\000o\000r\000-\000b\000a\000s\000e\000d\000\040\000i\000n\000s\000i\000g\000h\000t\000s}{chapter.5}% 78
\BOOKMARK [0][-]{chapter.6}{\376\377\000T\000h\000e\000o\000r\000e\000t\000i\000c\000a\000l\000\040\000r\000e\000f\000o\000r\000m\000u\000l\000a\000t\000e\000d\000\040\000f\000r\000a\000m\000e\000w\000o\000r\000k\000s}{}% 79
\BOOKMARK [1][-]{section.6.1}{\376\377\000M\000o\000t\000i\000v\000a\000t\000i\000o\000n}{chapter.6}% 80
\BOOKMARK [1][-]{section.6.2}{\376\377\000P\000r\000i\000n\000c\000i\000p\000l\000e}{chapter.6}% 81
\BOOKMARK [2][-]{subsection.6.2.1}{\376\377\000S\000t\000r\000u\000c\000t\000u\000r\000e\000s}{section.6.2}% 82
\BOOKMARK [1][-]{section.6.3}{\376\377\000P\000r\000e\000c\000u\000r\000s\000o\000r}{chapter.6}% 83
\BOOKMARK [2][-]{subsection.6.3.1}{\376\377\000G\000r\000o\000u\000n\000d\000w\000o\000r\000k\000\040\000o\000f\000\040\000s\000y\000s\000t\000e\000m\000s}{section.6.3}% 84
\BOOKMARK [2][-]{subsection.6.3.2}{\376\377\000C\000a\000r\000d\000i\000n\000a\000l\000i\000t\000y\000\040\000s\000p\000a\000c\000e}{section.6.3}% 85
\BOOKMARK [1][-]{section.6.4}{\376\377\000T\000h\000e\000\040\000c\000o\000n\000c\000e\000p\000t\000\040\000o\000f\000\040\000l\000e\000a\000r\000n\000i\000n\000g}{chapter.6}% 86
\BOOKMARK [1][-]{section.6.5}{\376\377\000N\000e\000u\000r\000o\000n\000s\000\040\000p\000e\000r\000s\000p\000e\000c\000t\000i\000v\000e}{chapter.6}% 87
\BOOKMARK [2][-]{subsection.6.5.1}{\376\377\000A\000n\000a\000l\000y\000s\000i\000s}{section.6.5}% 88
\BOOKMARK [2][-]{subsection.6.5.2}{\376\377\000W\000h\000y\000\040\000w\000e\000\040\000c\000a\000l\000l\000\040\000i\000t\000\040\000m\000i\000n\000i\000m\000a\000l}{section.6.5}% 89
\BOOKMARK [1][-]{section.6.6}{\376\377\000F\000o\000r\000m\000a\000l\000i\000z\000a\000t\000i\000o\000n}{chapter.6}% 90
\BOOKMARK [0][-]{chapter.7}{\376\377\000S\000t\000a\000t\000i\000s\000t\000i\000c\000a\000l\000\040\000p\000h\000y\000s\000i\000c\000s}{}% 91
\BOOKMARK [1][-]{section.7.1}{\376\377\000N\000o\000t\000e\000\040\000f\000o\000r\000\040\000t\000e\000a\000m\000\040\000w\000r\000i\000t\000i\000n\000g\000\040\000m\000e\000m\000b\000e\000r}{chapter.7}% 92
\BOOKMARK [2][-]{subsection.7.1.1}{\376\377\000M\000a\000i\000n\000\040\000s\000t\000r\000u\000c\000t\000u\000r\000e}{section.7.1}% 93
\BOOKMARK [2][-]{subsection.7.1.2}{\376\377\000N\000o\000t\000i\000c\000e\000s}{section.7.1}% 94
\BOOKMARK [2][-]{subsection.7.1.3}{\376\377\000I\000n\000\040\000d\000e\000t\000a\000i\000l\000\040\000s\000y\000s\000t\000e\000m\000a\000t\000i\000c\000\040\000p\000r\000o\000j\000e\000c\000t\000i\000o\000n}{section.7.1}% 95
\BOOKMARK [1][-]{section.7.2}{\376\377\000A\000p\000p\000r\000o\000a\000c\000h\000\040\000A\000\040\000-\000\040\000I\000s\000o\000m\000o\000r\000p\000h\000i\000s\000m}{chapter.7}% 96
\BOOKMARK [2][-]{subsection.7.2.1}{\376\377\000F\000r\000o\000m\000\040\000A\000n\000a\000l\000o\000g\000y\000\040\000t\000o\000\040\000I\000s\000o\000m\000o\000r\000p\000h\000i\000s\000m}{section.7.2}% 97
\BOOKMARK [2][-]{subsection.7.2.2}{\376\377\000L\000i\000m\000i\000t\000a\000t\000i\000o\000n\000s\000\040\000o\000f\000\040\000E\000q\000u\000i\000l\000i\000b\000r\000i\000u\000m\000\040\000T\000h\000e\000o\000r\000i\000e\000s}{section.7.2}% 98
\BOOKMARK [1][-]{section.7.3}{\376\377\000I\000d\000e\000n\000t\000i\000f\000i\000c\000a\000t\000i\000o\000n\000:\000\040\000T\000h\000e\000\040\000D\000y\000n\000a\000m\000i\000c\000-\000L\000a\000n\000d\000s\000c\000a\000p\000e\000\040\000I\000n\000t\000e\000r\000a\000c\000t\000i\000o\000n}{chapter.7}% 99
\BOOKMARK [2][-]{subsection.7.3.1}{\376\377\000E\000x\000p\000e\000r\000i\000m\000e\000n\000t\000a\000l\000\040\000V\000e\000r\000i\000f\000i\000c\000a\000t\000i\000o\000n\000:\000\040\000A\000\040\000T\000o\000y\000\040\000M\000o\000d\000e\000l\000\040\000P\000r\000o\000p\000o\000s\000a\000l}{section.7.3}% 100
\BOOKMARK [2][-]{subsection.7.3.2}{\376\377\000P\000h\000y\000s\000i\000c\000a\000l\000\040\000O\000b\000s\000e\000r\000v\000a\000b\000l\000e\000s\000:\000\040\000B\000e\000y\000o\000n\000d\000\040\000T\000e\000s\000t\000\040\000E\000r\000r\000o\000r}{section.7.3}% 101
\BOOKMARK [2][-]{subsection.7.3.3}{\376\377\000E\000x\000p\000e\000r\000i\000m\000e\000n\000t\000a\000l\000\040\000P\000r\000o\000t\000o\000c\000o\000l}{section.7.3}% 102
\BOOKMARK [2][-]{subsection.7.3.4}{\376\377\000E\000x\000t\000e\000n\000s\000i\000o\000n}{section.7.3}% 103
\BOOKMARK [0][-]{section*.80}{\376\377\000I\000n\000d\000e\000x}{}% 104
\BOOKMARK [1][-]{section*.81}{\376\377\000R\000e\000e\000v\000a\000l\000u\000a\000t\000i\000o\000n\000\040\000o\000f\000\040\000t\000h\000e\000o\000r\000e\000m\000\040\0004\000.\0001}{section*.80}% 105
\BOOKMARK [2][-]{subsection*.84}{\376\377\000R\000e\000m\000a\000r\000k}{section*.81}% 106
\BOOKMARK [1][-]{section*.85}{\376\377\000O\000b\000s\000e\000r\000v\000i\000n\000g\000\040\000g\000r\000a\000d\000i\000e\000n\000t\000\040\000d\000e\000s\000c\000e\000n\000t\000\040\000d\000e\000c\000o\000m\000p\000o\000s\000i\000t\000i\000o\000n}{section*.80}% 107
\BOOKMARK [1][-]{section*.87}{\376\377\000D\000e\000t\000a\000i\000l\000s\000\040\000o\000f\000\040\000s\000u\000p\000e\000r\000v\000i\000s\000e\000d\000\040\000l\000e\000a\000r\000n\000i\000n\000g\000\040\000s\000t\000r\000u\000c\000t\000u\000r\000e}{section*.80}% 108
\BOOKMARK [1][-]{section*.89}{\376\377\000P\000r\000a\000c\000t\000i\000c\000a\000l\000\040\000c\000o\000n\000s\000i\000d\000e\000r\000a\000t\000i\000o\000n}{section*.80}% 109
\BOOKMARK [2][-]{subsection*.90}{\376\377\000O\000b\000s\000e\000r\000v\000a\000t\000i\000o\000n\000a\000l\000\040\000s\000p\000a\000c\000e\000\040\000p\000a\000r\000t\000i\000t\000i\000o\000n\000i\000n\000g}{section*.89}% 110
\BOOKMARK [0][-]{appendix*.91}{\376\377\000B\000i\000b\000l\000i\000o\000g\000r\000a\000p\000h\000y}{}% 111
