\BOOKMARK [1][-]{section.1}{\376\377\000I\000n\000t\000r\000o\000d\000u\000c\000t\000i\000o\000n}{}% 1
\BOOKMARK [1][-]{section.2}{\376\377\000O\000u\000t\000l\000i\000n\000e}{}% 2
\BOOKMARK [1][-]{section.3}{\376\377\000R\000e\000l\000a\000t\000e\000d\000\040\000W\000o\000r\000k}{}% 3
\BOOKMARK [1][-]{section.4}{\376\377\000P\000r\000e\000l\000i\000m\000i\000n\000a\000r\000i\000e\000s}{}% 4
\BOOKMARK [2][-]{subsection.4.1}{\376\377\000C\000l\000a\000s\000s\000i\000c\000a\000l\000\040\000p\000r\000o\000b\000l\000e\000m\000\040\000s\000e\000t\000t\000i\000n\000g}{section.4}% 5
\BOOKMARK [3][-]{subsubsection.4.1.1}{\376\377\000U\000n\000i\000f\000o\000r\000m\000\040\000c\000o\000n\000v\000e\000r\000g\000e\000n\000c\000e}{subsection.4.1}% 6
\BOOKMARK [2][-]{subsection.4.2}{\376\377\000O\000v\000e\000r\000f\000i\000t\000t\000i\000n\000g\000\040\000a\000n\000d\000\040\000u\000n\000d\000e\000r\000f\000i\000t\000t\000i\000n\000g}{section.4}% 7
\BOOKMARK [3][-]{subsubsection.4.2.1}{\376\377\000P\000r\000a\000c\000t\000i\000c\000a\000l\000\040\000p\000r\000o\000x\000y}{subsection.4.2}% 8
\BOOKMARK [1][-]{section.5}{\376\377\000P\000r\000o\000b\000l\000e\000m\000\040\000s\000t\000a\000t\000e\000m\000e\000n\000t\000s}{}% 9
\BOOKMARK [2][-]{subsection.5.1}{\376\377\000B\000i\000a\000s\000-\000v\000a\000r\000i\000a\000n\000c\000e\000\040\000t\000r\000a\000d\000e\000o\000f\000f}{section.5}% 10
\BOOKMARK [3][-]{subsubsection.5.1.1}{\376\377\000P\000r\000e\000c\000u\000r\000s\000o\000r\000\040\000\050\000G\000e\000m\000a\000n\000\040\000e\000t\000\040\000a\000l\000.\000,\000\040\0001\0009\0009\0002\000\051}{subsection.5.1}% 11
\BOOKMARK [3][-]{subsubsection.5.1.2}{\376\377\000E\000x\000p\000a\000n\000s\000i\000o\000n\000\040\000a\000n\000d\000\040\000v\000a\000r\000i\000a\000t\000i\000o\000n\000s}{subsection.5.1}% 12
\BOOKMARK [3][-]{subsubsection.5.1.3}{\376\377\000G\000e\000n\000e\000r\000a\000l\000i\000z\000e\000d\000\040\000d\000e\000c\000o\000m\000p\000o\000s\000i\000t\000i\000o\000n}{subsection.5.1}% 13
\BOOKMARK [3][-]{subsubsection.5.1.4}{\376\377\000B\000i\000a\000s\000-\000v\000a\000r\000i\000a\000n\000c\000e\000\040\000a\000l\000g\000o\000r\000i\000t\000h\000m}{subsection.5.1}% 14
\BOOKMARK [3][-]{subsubsection.5.1.5}{\376\377\000F\000u\000n\000c\000t\000i\000o\000n\000a\000l\000\040\000a\000p\000p\000r\000o\000x\000i\000m\000a\000t\000i\000o\000n\000\040\000a\000l\000g\000o\000r\000i\000t\000h\000m}{subsection.5.1}% 15
\BOOKMARK [3][-]{subsubsection.5.1.6}{\376\377\000A\000p\000p\000r\000o\000x\000i\000m\000a\000t\000i\000o\000n\000-\000E\000s\000t\000i\000m\000a\000t\000i\000o\000n\000\040\000t\000r\000a\000d\000e\000o\000f\000f}{subsection.5.1}% 16
\BOOKMARK [2][-]{subsection.5.2}{\376\377\000D\000o\000u\000b\000l\000e\000\040\000d\000e\000s\000c\000e\000n\000t}{section.5}% 17
\BOOKMARK [1][-]{section.6}{\376\377\000P\000r\000e\000v\000i\000o\000u\000s\000\040\000a\000t\000t\000e\000m\000p\000t\000s}{}% 18
\BOOKMARK [2][-]{subsection.6.1}{\376\377\000D\000i\000s\000c\000o\000v\000e\000r\000y\000\040\000o\000f\000\040\000d\000o\000u\000b\000l\000e\000\040\000d\000e\000s\000c\000e\000n\000t}{section.6}% 19
\BOOKMARK [2][-]{subsection.6.2}{\376\377\000T\000h\000e\000o\000r\000e\000t\000i\000c\000a\000l\000\040\000a\000t\000t\000a\000c\000k\000s}{section.6}% 20
\BOOKMARK [2][-]{subsection.6.3}{\376\377\000P\000r\000o\000b\000l\000e\000m\000s}{section.6}% 21
\BOOKMARK [2][-]{subsection.6.4}{\376\377\000C\000l\000a\000s\000s\000i\000c\000a\000l\000\040\000a\000n\000a\000l\000y\000s\000i\000s}{section.6}% 22
\BOOKMARK [3][-]{subsubsection.6.4.1}{\376\377\000P\000A\000C\000-\000l\000e\000a\000r\000n\000i\000n\000g\000\040\000s\000e\000t\000u\000p}{subsection.6.4}% 23
\BOOKMARK [2][-]{subsection.6.5}{\376\377\000V\000C\000-\000t\000h\000e\000o\000r\000y}{section.6}% 24
\BOOKMARK [2][-]{subsection.6.6}{\376\377\000C\000o\000m\000p\000l\000e\000x\000i\000t\000y\000\040\000n\000o\000t\000i\000o\000n\000s}{section.6}% 25
\BOOKMARK [3][-]{subsubsection.6.6.1}{\376\377\000R\000e\000p\000r\000e\000s\000e\000n\000t\000a\000t\000i\000o\000n\000\040\000c\000o\000m\000p\000l\000e\000x\000i\000t\000y}{subsection.6.6}% 26
\BOOKMARK [3][-]{subsubsection.6.6.2}{\376\377\000O\000p\000t\000i\000m\000i\000z\000a\000t\000i\000o\000n\000\040\000c\000o\000m\000p\000l\000e\000x\000i\000t\000y}{subsection.6.6}% 27
\BOOKMARK [3][-]{subsubsection.6.6.3}{\376\377\000S\000a\000m\000p\000l\000e\000\040\000c\000o\000m\000p\000l\000e\000x\000i\000t\000y}{subsection.6.6}% 28
\BOOKMARK [2][-]{subsection.6.7}{\376\377\000H\000y\000p\000o\000t\000h\000e\000s\000i\000s}{section.6}% 29
\BOOKMARK [3][-]{subsubsection.6.7.1}{\376\377\000S\000t\000a\000b\000i\000l\000i\000t\000y\000\040\000o\000f\000\040\000b\000i\000a\000s\000-\000v\000a\000r\000i\000a\000n\000c\000e\000\040\000m\000e\000a\000s\000u\000r\000e}{subsection.6.7}% 30
\BOOKMARK [3][-]{subsubsection.6.7.2}{\376\377\000A\000l\000t\000e\000r\000n\000a\000t\000i\000v\000e\000\040\000m\000e\000a\000s\000u\000r\000e\000s}{subsection.6.7}% 31
\BOOKMARK [3][-]{subsubsection.6.7.3}{\376\377\000I\000n\000d\000u\000c\000t\000i\000v\000e\000\040\000b\000i\000a\000s}{subsection.6.7}% 32
\BOOKMARK [3][-]{subsubsection.6.7.4}{\376\377\000R\000a\000n\000d\000o\000m\000n\000e\000s\000s\000\040\000a\000n\000d\000\040\000p\000r\000o\000b\000a\000b\000i\000l\000i\000s\000t\000i\000c\000\040\000s\000e\000t\000t\000i\000n\000g}{subsection.6.7}% 33
\BOOKMARK [3][-]{subsubsection.6.7.5}{\376\377\000K\000n\000o\000w\000l\000e\000d\000g\000e\000\040\000m\000a\000s\000k\000i\000n\000g}{subsection.6.7}% 34
\BOOKMARK [3][-]{subsubsection.6.7.6}{\376\377\000I\000n\000t\000r\000i\000n\000s\000i\000c\000\040\000D\000a\000t\000a\000\040\000F\000a\000c\000t\000o\000r\000s}{subsection.6.7}% 35
\BOOKMARK [1][-]{section.7}{\376\377\000A\000n\000a\000l\000y\000s\000i\000s}{}% 36
\BOOKMARK [2][-]{subsection.7.1}{\376\377\000G\000r\000a\000d\000i\000e\000n\000t\000-\000b\000a\000s\000e\000d\000\040\000o\000p\000t\000i\000m\000i\000z\000a\000t\000i\000o\000n}{section.7}% 37
\BOOKMARK [2][-]{subsection.7.2}{\376\377\000L\000i\000n\000e\000a\000r\000\040\000f\000u\000n\000c\000t\000i\000o\000n\000\040\000c\000l\000a\000s\000s\000\040\000h\000\050\000u\000\051\000\040\000-\000\040\000l\000a\000f\000o\000n\000u\000n\000d\000e\000r\000s\000t\000a\000n\000d\000i\000n\000g\0002\0000\0002\0004}{section.7}% 38
\BOOKMARK [3][-]{subsubsection.7.2.1}{\376\377\000E\000x\000t\000e\000n\000d\000e\000d\000\040\000a\000n\000a\000l\000y\000s\000i\000s}{subsection.7.2}% 39
\BOOKMARK [2][-]{subsection.7.3}{\376\377\000H\000i\000g\000h\000-\000d\000i\000m\000e\000n\000s\000i\000o\000n\000a\000l\000\040\000r\000i\000d\000g\000e\000l\000e\000s\000s\000\040\000i\000n\000t\000e\000r\000p\000o\000l\000a\000t\000i\000o\000n\000\040\000-\000\040\000h\000a\000s\000t\000i\000e\0002\0000\0001\0009\000s\000u\000r\000p\000r\000i\000s\000e\000s}{section.7}% 40
\BOOKMARK [2][-]{subsection.7.4}{\376\377\000K\000e\000r\000n\000e\000l\000\040\000r\000e\000g\000r\000e\000s\000s\000i\000o\000n\000\040\000d\000y\000n\000a\000m\000i\000c\000s\000\040\000-\000\040\000l\000i\000u\0002\0000\0002\0001\000k\000e\000r\000n\000e\000l\000r\000e\000g\000r\000e\000s\000s\000i\000o\000n\000h\000i\000g\000h\000d\000i\000m\000e\000n\000s\000i\000o\000n\000s}{section.7}% 41
\BOOKMARK [2][-]{subsection.7.5}{\376\377\000S\000a\000m\000p\000l\000e\000-\000w\000i\000s\000e\000\040\000d\000o\000u\000b\000l\000e\000\040\000d\000e\000s\000c\000e\000n\000t\000\040\000-\000\040\000n\000a\000k\000k\000i\000r\000a\000n\0002\0000\0001\0009\000m\000o\000r\000e\000d\000a\000t\000a}{section.7}% 42
\BOOKMARK [2][-]{subsection.7.6}{\376\377\000M\000u\000l\000t\000i\000s\000c\000a\000l\000e\000\040\000f\000e\000a\000t\000u\000r\000e\000\040\000l\000e\000a\000r\000n\000i\000n\000g\000\040\000d\000y\000n\000a\000m\000i\000c\000s\000\040\000-\000\040\000p\000e\000z\000e\000s\000h\000k\000i\0002\0000\0002\0001\000m\000u\000l\000t\000i\000s\000c\000a\000l\000e\000f\000e\000a\000t\000u\000r\000e\000l\000e\000a\000r\000n\000i\000n\000g\000d\000y\000n\000a\000m\000i\000c\000s}{section.7}% 43
\BOOKMARK [2][-]{subsection.7.7}{\376\377\000R\000e\000i\000n\000f\000o\000r\000c\000e\000m\000e\000n\000t\000\040\000l\000e\000a\000r\000n\000i\000n\000g\000\040\000a\000n\000d\000\040\000d\000o\000u\000b\000l\000e\000\040\000d\000e\000s\000c\000e\000n\000t\000\040\000-\000\040\000b\000r\000e\000l\000l\000m\000a\000n\000n\0002\0000\0002\0004\000o\000n}{section.7}% 44
\BOOKMARK [2][-]{subsection.7.8}{\376\377\000O\000u\000t\000-\000o\000f\000-\000D\000i\000s\000t\000r\000i\000b\000u\000t\000i\000o\000n\000\040\000D\000e\000t\000e\000c\000t\000i\000o\000n\000\040\000-\000\040\000a\000m\000m\000a\000r\0002\0000\0002\0005\000d\000o\000u\000b\000l\000e\000d\000e\000s\000c\000e\000n\000t\000m\000e\000e\000t\000s\000o\000u\000t\000o\000f\000d\000i\000s\000t\000r\000i\000b\000u\000t\000i\000o\000n}{section.7}% 45
\BOOKMARK [2][-]{subsection.7.9}{\376\377\000G\000a\000u\000s\000s\000i\000a\000n\000\040\000p\000r\000o\000c\000e\000s\000s\000e\000s\000\040\000a\000n\000d\000\040\000n\000e\000u\000r\000a\000l\000\040\000n\000e\000t\000w\000o\000r\000k\000\040\000-\000\040\000h\000a\000r\000z\000l\000i\0002\0000\0002\0003\000d\000o\000u\000b\000l\000e\000d\000e\000s\000c\000e\000n\000t\000c\000u\000r\000v\000e\000s\000n\000e\000u\000r\000a\000l\000n\000e\000t\000w\000o\000r\000k\000s}{section.7}% 46
\BOOKMARK [2][-]{subsection.7.10}{\376\377\000D\000o\000u\000b\000l\000e\000\040\000d\000e\000s\000c\000e\000n\000t\000\040\000o\000n\000\040\000G\000N\000N\000\040\000-\000\040\000s\000h\000i\0002\0000\0002\0004\000h\000o\000m\000o\000p\000h\000i\000l\000y\000m\000o\000d\000u\000l\000a\000t\000e\000s\000d\000o\000u\000b\000l\000e\000d\000e\000s\000c\000e\000n\000t}{section.7}% 47
\BOOKMARK [2][-]{subsection.7.11}{\376\377\000W\000e\000a\000k\000\040\000f\000e\000a\000t\000u\000r\000e\000\040\000d\000o\000u\000b\000l\000e\000\040\000d\000e\000s\000c\000e\000n\000t\000\040\000-\000\040\000B\000e\000l\000k\000i\000n\0002\0000\0002\0000}{section.7}% 48
\BOOKMARK [2][-]{subsection.7.12}{\376\377\000G\000r\000o\000k\000k\000i\000n\000g\000,\000\040\000E\000m\000e\000r\000g\000e\000n\000c\000e\000,\000\040\000a\000n\000d\000\040\000D\000o\000u\000b\000l\000e\000\040\000D\000e\000s\000c\000e\000n\000t\000\040\000-\000\040\000\040\000h\000u\000a\000n\000g\0002\0000\0002\0005\000s\000a\000m\000p\000l\000e\000c\000o\000m\000p\000l\000e\000x\000i\000t\000y\000r\000e\000p\000r\000e\000s\000e\000n\000t\000a\000t\000i\000o\000n\000a\000b\000i\000l\000i\000t\000y}{section.7}% 49
\BOOKMARK [2][-]{subsection.7.13}{\376\377\000V\000a\000r\000i\000a\000t\000i\000o\000n\000s\000\040\000o\000n\000\040\000a\000n\000a\000l\000y\000s\000i\000s}{section.7}% 50
\BOOKMARK [3][-]{subsubsection.7.13.1}{\376\377\000D\000r\000o\000p\000o\000u\000t\000\040\000a\000n\000d\000\040\000d\000o\000u\000b\000l\000e\000\040\000d\000e\000s\000c\000e\000n\000t\000\040\000-\000\040\000Y\000a\000n\000g\0002\0000\0002\0004}{subsection.7.13}% 51
\BOOKMARK [3][-]{subsubsection.Alph0.0.2}{\376\377\000R\000e\000m\000a\000r\000k}{subsection.7.13}% 52
