This is pdfTeX, Version 3.141592653-2.6-1.40.27 (MiKTeX 25.4) (preloaded format=pdflatex 2025.11.13)  29 MAR 2026 11:57
entering extended mode
 restricted \write18 enabled.
 file:line:error style messages enabled.
 %&-line parsing enabled.
**"e:/Core/Main Directory/Paper Series/Publish_Core/main.tex"
(e:/Core/Main Directory/Paper Series/Publish_Core/main.tex
LaTeX2e <2025-06-01>
L3 programming layer <2025-05-26>
(D:\MikTek\tex/latex/base\article.cls
Document Class: article 2025/01/22 v1.4n Standard LaTeX document class
(D:\MikTek\tex/latex/base\size11.clo
File: size11.clo 2025/01/22 v1.4n Standard LaTeX file (size option)
)
\c@part=\count275
\c@section=\count276
\c@subsection=\count277
\c@subsubsection=\count278
\c@paragraph=\count279
\c@subparagraph=\count280
\c@figure=\count281
\c@table=\count282
\abovecaptionskip=\skip49
\belowcaptionskip=\skip50
\bibindent=\dimen148
) (D:\MikTek\tex/latex/blindtext\blindtext.sty
Package: blindtext 2012/01/06 V2.0 blindtext-Package
 (D:\MikTek\tex/latex/tools\xspace.sty
Package: xspace 2014/10/28 v1.13 Space after command names (DPC,MH)
)
\c@blindtext=\count283
\c@Blindtext=\count284
\c@blind@countparstart=\count285
\blind@countxx=\count286
\blindtext@numBlindtext=\count287
\blind@countyy=\count288
\c@blindlist=\count289
\c@blindlistlevel=\count290
\c@blindlist@level=\count291
\blind@listitem=\count292
\c@blind@listcount=\count293
\c@blind@levelcount=\count294
\blind@mathformula=\count295
\blind@Mathformula=\count296
\c@blind@randomcount=\count297
\c@blind@randommax=\count298
\c@blind@pangramcount=\count299
\c@blind@pangrammax=\count300
) (D:\MikTek\tex/latex/amsmath\amsmath.sty
Package: amsmath 2025/05/18 v2.17x AMS math features
\@mathmargin=\skip51

For additional information on amsmath, use the `?' option.
(D:\MikTek\tex/latex/amsmath\amstext.sty
Package: amstext 2024/11/17 v2.01 AMS text
 (D:\MikTek\tex/latex/amsmath\amsgen.sty
File: amsgen.sty 1999/11/30 v2.0 generic functions
\@emptytoks=\toks17
\ex@=\dimen149
)) (D:\MikTek\tex/latex/amsmath\amsbsy.sty
Package: amsbsy 1999/11/29 v1.2d Bold Symbols
\pmbraise@=\dimen150
) (D:\MikTek\tex/latex/amsmath\amsopn.sty
Package: amsopn 2022/04/08 v2.04 operator names
)
\inf@bad=\count301
LaTeX Info: Redefining \frac on input line 233.
\uproot@=\count302
\leftroot@=\count303
LaTeX Info: Redefining \overline on input line 398.
LaTeX Info: Redefining \colon on input line 409.
\classnum@=\count304
\DOTSCASE@=\count305
LaTeX Info: Redefining \ldots on input line 495.
LaTeX Info: Redefining \dots on input line 498.
LaTeX Info: Redefining \cdots on input line 619.
\Mathstrutbox@=\box53
\strutbox@=\box54
LaTeX Info: Redefining \big on input line 721.
LaTeX Info: Redefining \Big on input line 722.
LaTeX Info: Redefining \bigg on input line 723.
LaTeX Info: Redefining \Bigg on input line 724.
\big@size=\dimen151
LaTeX Font Info:    Redeclaring font encoding OML on input line 742.
LaTeX Font Info:    Redeclaring font encoding OMS on input line 743.
\macc@depth=\count306
LaTeX Info: Redefining \bmod on input line 904.
LaTeX Info: Redefining \pmod on input line 909.
LaTeX Info: Redefining \smash on input line 939.
LaTeX Info: Redefining \relbar on input line 969.
LaTeX Info: Redefining \Relbar on input line 970.
\c@MaxMatrixCols=\count307
\dotsspace@=\muskip17
\c@parentequation=\count308
\dspbrk@lvl=\count309
\tag@help=\toks18
\row@=\count310
\column@=\count311
\maxfields@=\count312
\andhelp@=\toks19
\eqnshift@=\dimen152
\alignsep@=\dimen153
\tagshift@=\dimen154
\tagwidth@=\dimen155
\totwidth@=\dimen156
\lineht@=\dimen157
\@envbody=\toks20
\multlinegap=\skip52
\multlinetaggap=\skip53
\mathdisplay@stack=\toks21
LaTeX Info: Redefining \[ on input line 2949.
LaTeX Info: Redefining \] on input line 2950.
) (D:\MikTek\tex/latex/amsfonts\amssymb.sty
Package: amssymb 2013/01/14 v3.01 AMS font symbols
 (D:\MikTek\tex/latex/amsfonts\amsfonts.sty
Package: amsfonts 2013/01/14 v3.01 Basic AMSFonts support
\symAMSa=\mathgroup4
\symAMSb=\mathgroup5
LaTeX Font Info:    Redeclaring math symbol \hbar on input line 98.
LaTeX Font Info:    Overwriting math alphabet `\mathfrak' in version `bold'
(Font)                  U/euf/m/n --> U/euf/b/n on input line 106.
)) (D:\MikTek\tex/latex/amscls\amsthm.sty
Package: amsthm 2020/05/29 v2.20.6
\thm@style=\toks22
\thm@bodyfont=\toks23
\thm@headfont=\toks24
\thm@notefont=\toks25
\thm@headpunct=\toks26
\thm@preskip=\skip54
\thm@postskip=\skip55
\thm@headsep=\skip56
\dth@everypar=\toks27
) (jmlr2e.sty
Document Style `jmlr'.
(D:\MikTek\tex/latex/graphics\epsfig.sty
Package: epsfig 2024/01/14 v1.7b (e)psfig emulation (SPQR)
 (D:\MikTek\tex/latex/graphics\graphicx.sty
Package: graphicx 2024/12/31 v1.2e Enhanced LaTeX Graphics (DPC,SPQR)
 (D:\MikTek\tex/latex/graphics\keyval.sty
Package: keyval 2022/05/29 v1.15 key=value parser (DPC)
\KV@toks@=\toks28
) (D:\MikTek\tex/latex/graphics\graphics.sty
Package: graphics 2024/08/06 v1.4g Standard LaTeX Graphics (DPC,SPQR)
 (D:\MikTek\tex/latex/graphics\trig.sty
Package: trig 2023/12/02 v1.11 sin cos tan (DPC)
) (D:\MikTek\tex/latex/graphics-cfg\graphics.cfg
File: graphics.cfg 2016/06/04 v1.11 sample graphics configuration
)
Package graphics Info: Driver file: pdftex.def on input line 106.
 (D:\MikTek\tex/latex/graphics-def\pdftex.def
File: pdftex.def 2024/04/13 v1.2c Graphics/color driver for pdftex
))
\Gin@req@height=\dimen158
\Gin@req@width=\dimen159
)
\epsfxsize=\dimen160
\epsfysize=\dimen161
) (D:\MikTek\tex/latex/natbib\natbib.sty
Package: natbib 2010/09/13 8.31b (PWD, AO)
\bibhang=\skip57
\bibsep=\skip58
LaTeX Info: Redefining \cite on input line 694.
\c@NAT@ctr=\count313
) (D:\MikTek\tex/latex/hyperref\hyperref.sty
Package: hyperref 2025-05-20 v7.01m Hypertext links for LaTeX
 (D:\MikTek\tex/generic/iftex\iftex.sty
Package: iftex 2024/12/12 v1.0g TeX engine tests
) (D:\MikTek\tex/latex/kvsetkeys\kvsetkeys.sty
Package: kvsetkeys 2022-10-05 v1.19 Key value parser (HO)
) (D:\MikTek\tex/generic/kvdefinekeys\kvdefinekeys.sty
Package: kvdefinekeys 2019-12-19 v1.6 Define keys (HO)
) (D:\MikTek\tex/generic/pdfescape\pdfescape.sty
Package: pdfescape 2019/12/09 v1.15 Implements pdfTeX's escape features (HO)
 (D:\MikTek\tex/generic/ltxcmds\ltxcmds.sty
Package: ltxcmds 2023-12-04 v1.26 LaTeX kernel commands for general use (HO)
) (D:\MikTek\tex/generic/pdftexcmds\pdftexcmds.sty
Package: pdftexcmds 2020-06-27 v0.33 Utility functions of pdfTeX for LuaTeX (HO)
 (D:\MikTek\tex/generic/infwarerr\infwarerr.sty
Package: infwarerr 2019/12/03 v1.5 Providing info/warning/error messages (HO)
)
Package pdftexcmds Info: \pdf@primitive is available.
Package pdftexcmds Info: \pdf@ifprimitive is available.
Package pdftexcmds Info: \pdfdraftmode found.
)) (D:\MikTek\tex/latex/hycolor\hycolor.sty
Package: hycolor 2020-01-27 v1.10 Color options for hyperref/bookmark (HO)
) (D:\MikTek\tex/latex/hyperref\nameref.sty
Package: nameref 2023-11-26 v2.56 Cross-referencing by name of section
 (D:\MikTek\tex/latex/refcount\refcount.sty
Package: refcount 2019/12/15 v3.6 Data extraction from label references (HO)
) (D:\MikTek\tex/generic/gettitlestring\gettitlestring.sty
Package: gettitlestring 2019/12/15 v1.6 Cleanup title references (HO)
 (D:\MikTek\tex/latex/kvoptions\kvoptions.sty
Package: kvoptions 2022-06-15 v3.15 Key value format for package options (HO)
))
\c@section@level=\count314
) (D:\MikTek\tex/latex/etoolbox\etoolbox.sty
Package: etoolbox 2025/02/11 v2.5l e-TeX tools for LaTeX (JAW)
\etb@tempcnta=\count315
) (D:\MikTek\tex/generic/stringenc\stringenc.sty
Package: stringenc 2019/11/29 v1.12 Convert strings between diff. encodings (HO)
)
\@linkdim=\dimen162
\Hy@linkcounter=\count316
\Hy@pagecounter=\count317
 (D:\MikTek\tex/latex/hyperref\pd1enc.def
File: pd1enc.def 2025-05-20 v7.01m Hyperref: PDFDocEncoding definition (HO)
Now handling font encoding PD1 ...
... no UTF-8 mapping file for font encoding PD1
) (D:\MikTek\tex/generic/intcalc\intcalc.sty
Package: intcalc 2019/12/15 v1.3 Expandable calculations with integers (HO)
)
\Hy@SavedSpaceFactor=\count318
 (D:\MikTek\tex/latex/hyperref\puenc.def
File: puenc.def 2025-05-20 v7.01m Hyperref: PDF Unicode definition (HO)
Now handling font encoding PU ...
... no UTF-8 mapping file for font encoding PU
)
Package hyperref Info: Option `colorlinks' set `false' on input line 4040.
Package hyperref Info: Hyper figures OFF on input line 4157.
Package hyperref Info: Link nesting OFF on input line 4162.
Package hyperref Info: Hyper index ON on input line 4165.
Package hyperref Info: Plain pages OFF on input line 4172.
Package hyperref Info: Backreferencing OFF on input line 4177.
Package hyperref Info: Implicit mode ON; LaTeX internals redefined.
Package hyperref Info: Bookmarks ON on input line 4424.
\c@Hy@tempcnt=\count319
 (D:\MikTek\tex/latex/url\url.sty
\Urlmuskip=\muskip18
Package: url 2013/09/16  ver 3.4  Verb mode for urls, etc.
)
LaTeX Info: Redefining \url on input line 4763.
\XeTeXLinkMargin=\dimen163
 (D:\MikTek\tex/generic/bitset\bitset.sty
Package: bitset 2019/12/09 v1.3 Handle bit-vector datatype (HO)
 (D:\MikTek\tex/generic/bigintcalc\bigintcalc.sty
Package: bigintcalc 2019/12/15 v1.5 Expandable calculations on big integers (HO)
))
\Fld@menulength=\count320
\Field@Width=\dimen164
\Fld@charsize=\dimen165
Package hyperref Info: Hyper figures OFF on input line 6042.
Package hyperref Info: Link nesting OFF on input line 6047.
Package hyperref Info: Hyper index ON on input line 6050.
Package hyperref Info: backreferencing OFF on input line 6057.
Package hyperref Info: Link coloring OFF on input line 6062.
Package hyperref Info: Link coloring with OCG OFF on input line 6067.
Package hyperref Info: PDF/A mode OFF on input line 6072.
 (D:\MikTek\tex/latex/base\atbegshi-ltx.sty
Package: atbegshi-ltx 2021/01/10 v1.0c Emulation of the original atbegshi
package with kernel methods
)
\Hy@abspage=\count321
\c@Item=\count322
\c@Hfootnote=\count323
)
Package hyperref Info: Driver (autodetected): hpdftex.
 (D:\MikTek\tex/latex/hyperref\hpdftex.def
File: hpdftex.def 2025-05-20 v7.01m Hyperref driver for pdfTeX
\Fld@listcount=\count324
\c@bookmark@seq@number=\count325
 (D:\MikTek\tex/latex/rerunfilecheck\rerunfilecheck.sty
Package: rerunfilecheck 2022-07-10 v1.10 Rerun checks for auxiliary files (HO)
 (D:\MikTek\tex/latex/base\atveryend-ltx.sty
Package: atveryend-ltx 2020/08/19 v1.0a Emulation of the original atveryend package
with kernel methods
) (D:\MikTek\tex/generic/uniquecounter\uniquecounter.sty
Package: uniquecounter 2019/12/15 v1.4 Provide unlimited unique counter (HO)
)
Package uniquecounter Info: New unique counter `rerunfilecheck' on input line 285.
)
\Hy@SectionHShift=\skip59
)
\aftertitskip=\skip60
\beforetitskip=\skip61
\interauthorskip=\skip62
\aftermaketitskip=\skip63
\c@example=\count326
\c@theorem=\count327
) (setting/package.tex (D:\MikTek\tex/latex/tikz-cd\tikz-cd.sty
Package: tikz-cd 2021/05/04 v1.0 Commutative diagrams with TikZ
 (D:\MikTek\tex/latex/pgf/frontendlayer\tikz.sty (D:\MikTek\tex/latex/pgf/basiclayer\pgf.sty (D:\MikTek\tex/latex/pgf/utilities\pgfrcs.sty (D:\MikTek\tex/generic/pgf/utilities\pgfutil-common.tex
\pgfutil@everybye=\toks29
\pgfutil@tempdima=\dimen166
\pgfutil@tempdimb=\dimen167
) (D:\MikTek\tex/generic/pgf/utilities\pgfutil-latex.def
\pgfutil@abb=\box55
) (D:\MikTek\tex/generic/pgf/utilities\pgfrcs.code.tex (D:\MikTek\tex/generic/pgf\pgf.revision.tex)
Package: pgfrcs 2023-01-15 v3.1.10 (3.1.10)
))
Package: pgf 2023-01-15 v3.1.10 (3.1.10)
 (D:\MikTek\tex/latex/pgf/basiclayer\pgfcore.sty (D:\MikTek\tex/latex/pgf/systemlayer\pgfsys.sty (D:\MikTek\tex/generic/pgf/systemlayer\pgfsys.code.tex
Package: pgfsys 2023-01-15 v3.1.10 (3.1.10)
 (D:\MikTek\tex/generic/pgf/utilities\pgfkeys.code.tex
\pgfkeys@pathtoks=\toks30
\pgfkeys@temptoks=\toks31
 (D:\MikTek\tex/generic/pgf/utilities\pgfkeyslibraryfiltered.code.tex
\pgfkeys@tmptoks=\toks32
))
\pgf@x=\dimen168
\pgf@y=\dimen169
\pgf@xa=\dimen170
\pgf@ya=\dimen171
\pgf@xb=\dimen172
\pgf@yb=\dimen173
\pgf@xc=\dimen174
\pgf@yc=\dimen175
\pgf@xd=\dimen176
\pgf@yd=\dimen177
\w@pgf@writea=\write3
\r@pgf@reada=\read2
\c@pgf@counta=\count328
\c@pgf@countb=\count329
\c@pgf@countc=\count330
\c@pgf@countd=\count331
\t@pgf@toka=\toks33
\t@pgf@tokb=\toks34
\t@pgf@tokc=\toks35
\pgf@sys@id@count=\count332
 (D:\MikTek\tex/generic/pgf/systemlayer\pgf.cfg
File: pgf.cfg 2023-01-15 v3.1.10 (3.1.10)
)
Driver file for pgf: pgfsys-pdftex.def
 (D:\MikTek\tex/generic/pgf/systemlayer\pgfsys-pdftex.def
File: pgfsys-pdftex.def 2023-01-15 v3.1.10 (3.1.10)
 (D:\MikTek\tex/generic/pgf/systemlayer\pgfsys-common-pdf.def
File: pgfsys-common-pdf.def 2023-01-15 v3.1.10 (3.1.10)
))) (D:\MikTek\tex/generic/pgf/systemlayer\pgfsyssoftpath.code.tex
File: pgfsyssoftpath.code.tex 2023-01-15 v3.1.10 (3.1.10)
\pgfsyssoftpath@smallbuffer@items=\count333
\pgfsyssoftpath@bigbuffer@items=\count334
) (D:\MikTek\tex/generic/pgf/systemlayer\pgfsysprotocol.code.tex
File: pgfsysprotocol.code.tex 2023-01-15 v3.1.10 (3.1.10)
)) (D:\MikTek\tex/latex/xcolor\xcolor.sty
Package: xcolor 2024/09/29 v3.02 LaTeX color extensions (UK)
 (D:\MikTek\tex/latex/graphics-cfg\color.cfg
File: color.cfg 2016/01/02 v1.6 sample color configuration
)
Package xcolor Info: Driver file: pdftex.def on input line 274.
 (D:\MikTek\tex/latex/graphics\mathcolor.ltx)
Package xcolor Info: Model `cmy' substituted by `cmy0' on input line 1349.
Package xcolor Info: Model `hsb' substituted by `rgb' on input line 1353.
Package xcolor Info: Model `RGB' extended on input line 1365.
Package xcolor Info: Model `HTML' substituted by `rgb' on input line 1367.
Package xcolor Info: Model `Hsb' substituted by `hsb' on input line 1368.
Package xcolor Info: Model `tHsb' substituted by `hsb' on input line 1369.
Package xcolor Info: Model `HSB' substituted by `hsb' on input line 1370.
Package xcolor Info: Model `Gray' substituted by `gray' on input line 1371.
Package xcolor Info: Model `wave' substituted by `hsb' on input line 1372.
) (D:\MikTek\tex/generic/pgf/basiclayer\pgfcore.code.tex
Package: pgfcore 2023-01-15 v3.1.10 (3.1.10)
 (D:\MikTek\tex/generic/pgf/math\pgfmath.code.tex (D:\MikTek\tex/generic/pgf/math\pgfmathutil.code.tex) (D:\MikTek\tex/generic/pgf/math\pgfmathparser.code.tex
\pgfmath@dimen=\dimen178
\pgfmath@count=\count335
\pgfmath@box=\box56
\pgfmath@toks=\toks36
\pgfmath@stack@operand=\toks37
\pgfmath@stack@operation=\toks38
) (D:\MikTek\tex/generic/pgf/math\pgfmathfunctions.code.tex) (D:\MikTek\tex/generic/pgf/math\pgfmathfunctions.basic.code.tex) (D:\MikTek\tex/generic/pgf/math\pgfmathfunctions.trigonometric.code.tex) (D:\MikTek\tex/generic/pgf/math\pgfmathfunctions.random.code.tex) (D:\MikTek\tex/generic/pgf/math\pgfmathfunctions.comparison.code.tex) (D:\MikTek\tex/generic/pgf/math\pgfmathfunctions.base.code.tex) (D:\MikTek\tex/generic/pgf/math\pgfmathfunctions.round.code.tex) (D:\MikTek\tex/generic/pgf/math\pgfmathfunctions.misc.code.tex) (D:\MikTek\tex/generic/pgf/math\pgfmathfunctions.integerarithmetics.code.tex) (D:\MikTek\tex/generic/pgf/math\pgfmathcalc.code.tex) (D:\MikTek\tex/generic/pgf/math\pgfmathfloat.code.tex
\c@pgfmathroundto@lastzeros=\count336
)) (D:\MikTek\tex/generic/pgf/math\pgfint.code.tex) (D:\MikTek\tex/generic/pgf/basiclayer\pgfcorepoints.code.tex
File: pgfcorepoints.code.tex 2023-01-15 v3.1.10 (3.1.10)
\pgf@picminx=\dimen179
\pgf@picmaxx=\dimen180
\pgf@picminy=\dimen181
\pgf@picmaxy=\dimen182
\pgf@pathminx=\dimen183
\pgf@pathmaxx=\dimen184
\pgf@pathminy=\dimen185
\pgf@pathmaxy=\dimen186
\pgf@xx=\dimen187
\pgf@xy=\dimen188
\pgf@yx=\dimen189
\pgf@yy=\dimen190
\pgf@zx=\dimen191
\pgf@zy=\dimen192
) (D:\MikTek\tex/generic/pgf/basiclayer\pgfcorepathconstruct.code.tex
File: pgfcorepathconstruct.code.tex 2023-01-15 v3.1.10 (3.1.10)
\pgf@path@lastx=\dimen193
\pgf@path@lasty=\dimen194
) (D:\MikTek\tex/generic/pgf/basiclayer\pgfcorepathusage.code.tex
File: pgfcorepathusage.code.tex 2023-01-15 v3.1.10 (3.1.10)
\pgf@shorten@end@additional=\dimen195
\pgf@shorten@start@additional=\dimen196
) (D:\MikTek\tex/generic/pgf/basiclayer\pgfcorescopes.code.tex
File: pgfcorescopes.code.tex 2023-01-15 v3.1.10 (3.1.10)
\pgfpic=\box57
\pgf@hbox=\box58
\pgf@layerbox@main=\box59
\pgf@picture@serial@count=\count337
) (D:\MikTek\tex/generic/pgf/basiclayer\pgfcoregraphicstate.code.tex
File: pgfcoregraphicstate.code.tex 2023-01-15 v3.1.10 (3.1.10)
\pgflinewidth=\dimen197
) (D:\MikTek\tex/generic/pgf/basiclayer\pgfcoretransformations.code.tex
File: pgfcoretransformations.code.tex 2023-01-15 v3.1.10 (3.1.10)
\pgf@pt@x=\dimen198
\pgf@pt@y=\dimen199
\pgf@pt@temp=\dimen256
) (D:\MikTek\tex/generic/pgf/basiclayer\pgfcorequick.code.tex
File: pgfcorequick.code.tex 2023-01-15 v3.1.10 (3.1.10)
) (D:\MikTek\tex/generic/pgf/basiclayer\pgfcoreobjects.code.tex
File: pgfcoreobjects.code.tex 2023-01-15 v3.1.10 (3.1.10)
) (D:\MikTek\tex/generic/pgf/basiclayer\pgfcorepathprocessing.code.tex
File: pgfcorepathprocessing.code.tex 2023-01-15 v3.1.10 (3.1.10)
) (D:\MikTek\tex/generic/pgf/basiclayer\pgfcorearrows.code.tex
File: pgfcorearrows.code.tex 2023-01-15 v3.1.10 (3.1.10)
\pgfarrowsep=\dimen257
) (D:\MikTek\tex/generic/pgf/basiclayer\pgfcoreshade.code.tex
File: pgfcoreshade.code.tex 2023-01-15 v3.1.10 (3.1.10)
\pgf@max=\dimen258
\pgf@sys@shading@range@num=\count338
\pgf@shadingcount=\count339
) (D:\MikTek\tex/generic/pgf/basiclayer\pgfcoreimage.code.tex
File: pgfcoreimage.code.tex 2023-01-15 v3.1.10 (3.1.10)
) (D:\MikTek\tex/generic/pgf/basiclayer\pgfcoreexternal.code.tex
File: pgfcoreexternal.code.tex 2023-01-15 v3.1.10 (3.1.10)
\pgfexternal@startupbox=\box60
) (D:\MikTek\tex/generic/pgf/basiclayer\pgfcorelayers.code.tex
File: pgfcorelayers.code.tex 2023-01-15 v3.1.10 (3.1.10)
) (D:\MikTek\tex/generic/pgf/basiclayer\pgfcoretransparency.code.tex
File: pgfcoretransparency.code.tex 2023-01-15 v3.1.10 (3.1.10)
) (D:\MikTek\tex/generic/pgf/basiclayer\pgfcorepatterns.code.tex
File: pgfcorepatterns.code.tex 2023-01-15 v3.1.10 (3.1.10)
) (D:\MikTek\tex/generic/pgf/basiclayer\pgfcorerdf.code.tex
File: pgfcorerdf.code.tex 2023-01-15 v3.1.10 (3.1.10)
))) (D:\MikTek\tex/generic/pgf/modules\pgfmoduleshapes.code.tex
File: pgfmoduleshapes.code.tex 2023-01-15 v3.1.10 (3.1.10)
\pgfnodeparttextbox=\box61
) (D:\MikTek\tex/generic/pgf/modules\pgfmoduleplot.code.tex
File: pgfmoduleplot.code.tex 2023-01-15 v3.1.10 (3.1.10)
) (D:\MikTek\tex/latex/pgf/compatibility\pgfcomp-version-0-65.sty
Package: pgfcomp-version-0-65 2023-01-15 v3.1.10 (3.1.10)
\pgf@nodesepstart=\dimen259
\pgf@nodesepend=\dimen260
) (D:\MikTek\tex/latex/pgf/compatibility\pgfcomp-version-1-18.sty
Package: pgfcomp-version-1-18 2023-01-15 v3.1.10 (3.1.10)
)) (D:\MikTek\tex/latex/pgf/utilities\pgffor.sty (D:\MikTek\tex/latex/pgf/utilities\pgfkeys.sty (D:\MikTek\tex/generic/pgf/utilities\pgfkeys.code.tex)) (D:\MikTek\tex/latex/pgf/math\pgfmath.sty (D:\MikTek\tex/generic/pgf/math\pgfmath.code.tex)) (D:\MikTek\tex/generic/pgf/utilities\pgffor.code.tex
Package: pgffor 2023-01-15 v3.1.10 (3.1.10)
\pgffor@iter=\dimen261
\pgffor@skip=\dimen262
\pgffor@stack=\toks39
\pgffor@toks=\toks40
)) (D:\MikTek\tex/generic/pgf/frontendlayer/tikz\tikz.code.tex
Package: tikz 2023-01-15 v3.1.10 (3.1.10)
 (D:\MikTek\tex/generic/pgf/libraries\pgflibraryplothandlers.code.tex
File: pgflibraryplothandlers.code.tex 2023-01-15 v3.1.10 (3.1.10)
\pgf@plot@mark@count=\count340
\pgfplotmarksize=\dimen263
)
\tikz@lastx=\dimen264
\tikz@lasty=\dimen265
\tikz@lastxsaved=\dimen266
\tikz@lastysaved=\dimen267
\tikz@lastmovetox=\dimen268
\tikz@lastmovetoy=\dimen269
\tikzleveldistance=\dimen270
\tikzsiblingdistance=\dimen271
\tikz@figbox=\box62
\tikz@figbox@bg=\box63
\tikz@tempbox=\box64
\tikz@tempbox@bg=\box65
\tikztreelevel=\count341
\tikznumberofchildren=\count342
\tikznumberofcurrentchild=\count343
\tikz@fig@count=\count344
 (D:\MikTek\tex/generic/pgf/modules\pgfmodulematrix.code.tex
File: pgfmodulematrix.code.tex 2023-01-15 v3.1.10 (3.1.10)
\pgfmatrixcurrentrow=\count345
\pgfmatrixcurrentcolumn=\count346
\pgf@matrix@numberofcolumns=\count347
)
\tikz@expandcount=\count348
 (D:\MikTek\tex/generic/pgf/frontendlayer/tikz/libraries\tikzlibrarytopaths.code.tex
File: tikzlibrarytopaths.code.tex 2023-01-15 v3.1.10 (3.1.10)
))) (D:\MikTek\tex/latex/tikz-cd\tikzlibrarycd.code.tex (D:\MikTek\tex/generic/pgf/frontendlayer/tikz/libraries\tikzlibrarymatrix.code.tex
File: tikzlibrarymatrix.code.tex 2023-01-15 v3.1.10 (3.1.10)
) (D:\MikTek\tex/generic/pgf/frontendlayer/tikz/libraries\tikzlibraryquotes.code.tex
File: tikzlibraryquotes.code.tex 2023-01-15 v3.1.10 (3.1.10)
) (D:\MikTek\tex/generic/pgf/libraries\pgflibraryarrows.meta.code.tex
File: pgflibraryarrows.meta.code.tex 2023-01-15 v3.1.10 (3.1.10)
\pgfarrowinset=\dimen272
\pgfarrowlength=\dimen273
\pgfarrowwidth=\dimen274
\pgfarrowlinewidth=\dimen275
))) (D:\MikTek\tex/latex/tikz-3dplot\tikz-3dplot.sty (D:\MikTek\tex/latex/base\ifthen.sty
Package: ifthen 2024/03/16 v1.1e Standard LaTeX ifthen package (DPC)
) (D:\MikTek\tex/generic/pgf/frontendlayer/tikz/libraries\tikzlibrarycalc.code.tex
File: tikzlibrarycalc.code.tex 2023-01-15 v3.1.10 (3.1.10)
) (D:\MikTek\tex/generic/pgf/frontendlayer/tikz/libraries\tikzlibrary3d.code.tex
File: tikzlibrary3d.code.tex 2023-01-15 v3.1.10 (3.1.10)
) (D:\MikTek\tex/generic/pgf/frontendlayer/tikz/libraries\tikzlibraryarrows.code.tex
File: tikzlibraryarrows.code.tex 2023-01-15 v3.1.10 (3.1.10)
 (D:\MikTek\tex/generic/pgf/libraries\pgflibraryarrows.code.tex
File: pgflibraryarrows.code.tex 2023-01-15 v3.1.10 (3.1.10)
\arrowsize=\dimen276
))) (D:\MikTek\tex/latex/circuitikz\circuitikz.sty
Package: circuitikz 2025/05/25{} The CircuiTikz circuit drawing package version 1.8.0
 (D:\MikTek\tex/generic/pgf/frontendlayer/tikz/libraries\tikzlibrarybending.code.tex
File: tikzlibrarybending.code.tex 2023-01-15 v3.1.10 (3.1.10)
 (D:\MikTek\tex/generic/pgf/modules\pgfmodulebending.code.tex
File: pgfmodulebending.code.tex 2023-01-15 v3.1.10 (3.1.10)
 (D:\MikTek\tex/generic/pgf/modules\pgfmodulenonlineartransformations.code.tex
File: pgfmodulenonlineartransformations.code.tex 2023-01-15 v3.1.10 (3.1.10)
\pgftransformnonlinearflatness=\dimen277
) (D:\MikTek\tex/generic/pgf/libraries\pgflibrarycurvilinear.code.tex
File: pgflibrarycurvilinear.code.tex 2023-01-15 v3.1.10 (3.1.10)
\pgf@curvilinear@time@a=\dimen278
\pgf@curvilinear@length@a=\dimen279
\pgf@curvilinear@length@b=\dimen280
\pgf@curvilinear@length@c=\dimen281
\pgf@curvilinear@length@d=\dimen282
)
\pgf@arrows@the@rigidity=\dimen283
)) (D:\MikTek\tex/generic/pgf/frontendlayer/tikz/libraries\tikzlibraryfpu.code.tex (D:\MikTek\tex/generic/pgf/libraries\pgflibraryfpu.code.tex)) (D:\MikTek\tex/generic/circuitikz\pgfcirc.defines.tex
\pgf@circ@count@a=\count349
\pgf@circ@count@b=\count350
\pgf@circ@count@c=\count351
\pgf@circ@res@up=\dimen284
\pgf@circ@res@down=\dimen285
\pgf@circ@res@zero=\dimen286
\pgf@circ@res@left=\dimen287
\pgf@circ@res@right=\dimen288
\pgf@circ@res@other=\dimen289
\pgf@circ@res@step=\dimen290
\pgf@circ@res@temp=\dimen291
\pgf@circ@Rlen=\dimen292
\pgf@circ@scaled@Rlen=\dimen293
\pgfstartlinewidth=\dimen294
) (D:\MikTek\tex/generic/circuitikz\pgfcircutils.tex
\ctikz@scratchbox=\box66
) (D:\MikTek\tex/generic/circuitikz\pgfcircpath.tex) (D:\MikTek\tex/generic/circuitikz\pgfcircshapes.tex) (D:\MikTek\tex/generic/circuitikz\pgfcircmonopoles.tex) (D:\MikTek\tex/generic/circuitikz\pgfcircbipoles.tex) (D:\MikTek\tex/generic/circuitikz\pgfcirctripoles.tex
\pgf@circ@res@count=\count352
) (D:\MikTek\tex/generic/circuitikz\pgfcircquadpoles.tex) (D:\MikTek\tex/generic/circuitikz\pgfcircmultipoles.tex) (D:\MikTek\tex/generic/circuitikz\pgfcirclabel.tex) (D:\MikTek\tex/generic/circuitikz\pgfcircvoltage.tex
\pgfcirc@labelshift=\dimen295
) (D:\MikTek\tex/generic/circuitikz\pgfcirccurrent.tex) (D:\MikTek\tex/generic/circuitikz\pgfcircflow.tex)) (D:\MikTek\tex/latex/geometry\geometry.sty
Package: geometry 2020/01/02 v5.9 Page Geometry
 (D:\MikTek\tex/generic/iftex\ifvtex.sty
Package: ifvtex 2019/10/25 v1.7 ifvtex legacy package. Use iftex instead.
)
\Gm@cnth=\count353
\Gm@cntv=\count354
\c@Gm@tempcnt=\count355
\Gm@bindingoffset=\dimen296
\Gm@wd@mp=\dimen297
\Gm@odd@mp=\dimen298
\Gm@even@mp=\dimen299
\Gm@layoutwidth=\dimen300
\Gm@layoutheight=\dimen301
\Gm@layouthoffset=\dimen302
\Gm@layoutvoffset=\dimen303
\Gm@dimlist=\toks41
 (D:\MikTek\tex/latex/geometry\geometry.cfg)) (D:\MikTek\tex/latex/bbm\bbm.sty
Package: bbm 1999/03/15 V 1.2 provides fonts for set symbols - TH
LaTeX Font Info:    Overwriting math alphabet `\mathbbm' in version `bold'
(Font)                  U/bbm/m/n --> U/bbm/bx/n on input line 33.
LaTeX Font Info:    Overwriting math alphabet `\mathbbmss' in version `bold'
(Font)                  U/bbmss/m/n --> U/bbmss/bx/n on input line 35.
) (D:\MikTek\tex/latex/tools\bm.sty
Package: bm 2023/12/19 v1.2f Bold Symbol Support (DPC/FMi)
\symboldoperators=\mathgroup6
\symboldletters=\mathgroup7
\symboldsymbols=\mathgroup8
Package bm Info: No bold for \OMX/cmex/m/n, using \pmb.
Package bm Info: No bold for \U/msa/m/n, using \pmb.
Package bm Info: No bold for \U/msb/m/n, using \pmb.
LaTeX Font Info:    Redeclaring math alphabet \mathbf on input line 149.
) (D:\MikTek\tex/latex/tkz-tab\tkz-tab.sty
Package: tkz-tab 2020/04/29 v2.12c variations (ctan version)
 (D:\MikTek\tex/latex/xkeyval\xkeyval.sty
Package: xkeyval 2022/06/16 v2.9 package option processing (HA)
 (D:\MikTek\tex/generic/xkeyval\xkeyval.tex (D:\MikTek\tex/generic/xkeyval\xkvutils.tex
\XKV@toks=\toks42
\XKV@tempa@toks=\toks43
)
\XKV@depth=\count356
File: xkeyval.tex 2014/12/03 v2.7a key=value parser (HA)
)) (D:\MikTek\tex/generic/pgf/frontendlayer/tikz/libraries\tikzlibrarypatterns.code.tex
File: tikzlibrarypatterns.code.tex 2023-01-15 v3.1.10 (3.1.10)
 (D:\MikTek\tex/generic/pgf/libraries\pgflibrarypatterns.code.tex
File: pgflibrarypatterns.code.tex 2023-01-15 v3.1.10 (3.1.10)
))
\tkz@XF=\dimen304
\tkz@YF=\dimen305
\c@tkz@cnt@line=\count357
\c@tkz@cnt@lg=\count358
\c@tkz@cnt@cl=\count359
\c@tkz@cnt@pred=\count360
\c@tkz@cnt@temp=\count361
\c@tkz@cnt@arrow=\count362
\c@tkz@cnt@zone=\count363
\c@tkz@cnt@lgnext=\count364
\c@tkz@cnt@clnext=\count365
\c@tkz@cnt@pair=\count366
\c@tkz@cnt@impair=\count367
\c@tkz@cnt@aw=\count368
) (D:\MikTek\tex/latex/enumitem\enumitem.sty
Package: enumitem 2025/02/06 v3.11 Customized lists
\labelindent=\skip64
\enit@outerparindent=\dimen306
\enit@toks=\toks44
\enit@inbox=\box67
\enit@count@id=\count369
\enitdp@description=\count370
) (D:\MikTek\tex/latex/fancyhdr\fancyhdr.sty
Package: fancyhdr 2025/02/07 v5.2 Extensive control of page headers and footers
\f@nch@headwidth=\skip65
\f@nch@offset@elh=\skip66
\f@nch@offset@erh=\skip67
\f@nch@offset@olh=\skip68
\f@nch@offset@orh=\skip69
\f@nch@offset@elf=\skip70
\f@nch@offset@erf=\skip71
\f@nch@offset@olf=\skip72
\f@nch@offset@orf=\skip73
\f@nch@height=\skip74
\f@nch@footalignment=\skip75
\f@nch@widthL=\skip76
\f@nch@widthC=\skip77
\f@nch@widthR=\skip78
\@temptokenb=\toks45
) (D:\MikTek\tex/latex/parskip\parskip.sty
Package: parskip 2021-03-14 v2.0h non-zero parskip adjustments
) (D:\MikTek\tex/latex/adjustbox\adjustbox.sty
Package: adjustbox 2025/02/26 v1.3c Adjusting TeX boxes (trim, clip, ...)
 (D:\MikTek\tex/latex/adjustbox\adjcalc.sty
Package: adjcalc 2012/05/16 v1.1 Provides advanced setlength with multiple back-ends (calc, etex, pgfmath)
) (D:\MikTek\tex/latex/adjustbox\trimclip.sty
Package: trimclip 2025/02/21 v1.2a Trim and clip general TeX material
 (D:\MikTek\tex/latex/collectbox\collectbox.sty
Package: collectbox 2022/10/17 v0.4c Collect macro arguments as boxes
\collectedbox=\box68
)
\tc@llx=\dimen307
\tc@lly=\dimen308
\tc@urx=\dimen309
\tc@ury=\dimen310
Package trimclip Info: Using driver 'tc-pdftex.def'.
 (D:\MikTek\tex/latex/adjustbox\tc-pdftex.def
File: tc-pdftex.def 2025/02/26 v2.3 Clipping driver for pdftex
))
\adjbox@Width=\dimen311
\adjbox@Height=\dimen312
\adjbox@Depth=\dimen313
\adjbox@Totalheight=\dimen314
\adjbox@pwidth=\dimen315
\adjbox@pheight=\dimen316
\adjbox@pdepth=\dimen317
\adjbox@ptotalheight=\dimen318
 (D:\MikTek\tex/latex/ifoddpage\ifoddpage.sty
Package: ifoddpage 2022/10/18 v1.2 Conditionals for odd/even page detection
\c@checkoddpage=\count371
) (D:\MikTek\tex/latex/varwidth\varwidth.sty
Package: varwidth 2009/03/30 ver 0.92;  Variable-width minipages
\@vwid@box=\box69
\sift@deathcycles=\count372
\@vwid@loff=\dimen319
\@vwid@roff=\dimen320
)
==> First Aid for varwidth.sty applied!
) (D:\MikTek\tex/latex/caption\caption.sty
Package: caption 2023/08/05 v3.6o Customizing captions (AR)
 (D:\MikTek\tex/latex/caption\caption3.sty
Package: caption3 2023/07/31 v2.4d caption3 kernel (AR)
\caption@tempdima=\dimen321
\captionmargin=\dimen322
\caption@leftmargin=\dimen323
\caption@rightmargin=\dimen324
\caption@width=\dimen325
\caption@indent=\dimen326
\caption@parindent=\dimen327
\caption@hangindent=\dimen328
Package caption Info: Unknown document class (or package),
(caption)             standard defaults will be used.
Package caption Info: \@makecaption = \long macro:#1#2-> \vskip 10pt \setbox \@tempboxa \hbox {#1: #2} \ifdim \wd \@tempboxa >\hsize \begin {list}{#1:}{ \settowidth {\labelwidth }{#1:} \setlength {\leftmargin }{\labelwidth } \addtolength {\leftmargin }{\labelsep } }\item #2 \end {list}\par \else \hbox to\hsize {\hfil \box \@tempboxa \hfil } \fi  on input line 1175.
)

Package caption Warning: Unknown document class (or package),
(caption)                standard defaults will be used.
See the caption package documentation for explanation.

\c@caption@flags=\count373
\c@continuedfloat=\count374
Package caption Info: hyperref package is loaded.
) (D:\MikTek\tex/latex/mathtools\mathtools.sty
Package: mathtools 2024/10/04 v1.31 mathematical typesetting tools
 (D:\MikTek\tex/latex/tools\calc.sty
Package: calc 2025/03/01 v4.3b Infix arithmetic (KKT,FJ)
\calc@Acount=\count375
\calc@Bcount=\count376
\calc@Adimen=\dimen329
\calc@Bdimen=\dimen330
\calc@Askip=\skip79
\calc@Bskip=\skip80
LaTeX Info: Redefining \setlength on input line 86.
LaTeX Info: Redefining \addtolength on input line 87.
\calc@Ccount=\count377
\calc@Cskip=\skip81
) (D:\MikTek\tex/latex/mathtools\mhsetup.sty
Package: mhsetup 2021/03/18 v1.4 programming setup (MH)
)
\g_MT_multlinerow_int=\count378
\l_MT_multwidth_dim=\dimen331
\origjot=\skip82
\l_MT_shortvdotswithinadjustabove_dim=\dimen332
\l_MT_shortvdotswithinadjustbelow_dim=\dimen333
\l_MT_above_intertext_sep=\dimen334
\l_MT_below_intertext_sep=\dimen335
\l_MT_above_shortintertext_sep=\dimen336
\l_MT_below_shortintertext_sep=\dimen337
\xmathstrut@box=\box70
\xmathstrut@dim=\dimen338
) (D:\MikTek\tex/latex/parnotes\parnotes.sty
Package: parnotes 2024/06/12 rev. 3c Notes after every paragraph, or elsewhere
\c@parnotemark=\count379
) (D:\MikTek\tex/latex/braket\braket.sty) (D:\MikTek\tex/latex/float\float.sty
Package: float 2001/11/08 v1.3d Float enhancements (AL)
\c@float@type=\count380
\float@exts=\toks46
\float@box=\box71
\@float@everytoks=\toks47
\@floatcapt=\box72
) (D:\MikTek\tex/latex/graphics\dvipsnam.def
File: dvipsnam.def 2016/06/17 v3.0m Driver-dependent file (DPC,SPQR)
) (D:\MikTek\tex/latex/xcolor\svgnam.def
File: svgnam.def 2024/09/29 v3.02 Predefined colors according to SVG 1.1 (UK)
) (D:\MikTek\tex/latex/xcolor\x11nam.def
File: x11nam.def 2024/09/29 v3.02 Predefined colors according to Unix/X11 (UK)
) (D:\MikTek\tex/latex/thmtools\thmtools.sty
Package: thmtools 2023/05/04 v0.76
\thmt@toks=\toks48
\c@thmt@dummyctr=\count381
 (D:\MikTek\tex/latex/thmtools\thm-patch.sty
Package: thm-patch 2023/05/04 v0.76
 (D:\MikTek\tex/latex/thmtools\parseargs.sty
Package: parseargs 2023/05/04 v0.76
\@parsespec=\toks49
)) (D:\MikTek\tex/latex/thmtools\thm-kv.sty
Package: thm-kv 2023/05/04 v0.76
Package thm-kv Info: Theorem names will be uppercased on input line 42.
Package thm-kv Info: kvsetkeys patch (v1.16 or later) on input line 158.
) (D:\MikTek\tex/latex/thmtools\thm-autoref.sty
Package: thm-autoref 2023/05/04 v0.76
 (D:\MikTek\tex/latex/thmtools\aliasctr.sty
Package: aliasctr 2023/05/04 v0.76
)) (D:\MikTek\tex/latex/thmtools\thm-listof.sty
Package: thm-listof 2023/05/04 v0.76
) (D:\MikTek\tex/latex/thmtools\thm-restate.sty
Package: thm-restate 2023/05/04 v0.76
) (D:\MikTek\tex/latex/thmtools\thm-amsthm.sty
Package: thm-amsthm 2023/05/04 v0.76
\thmt@style@headstyle=\toks50
)) (D:\MikTek\tex/latex/esvect\esvect.sty
Package: esvect 
\symesvector=\mathgroup9
) (D:\MikTek\tex/latex/nicematrix\nicematrix.sty
Package: nicematrix 2025/04/28 v7.1c Enhanced arrays with the help of PGF/TikZ
 (D:\MikTek\tex/latex/tools\array.sty
Package: array 2025/05/19 v2.6i Tabular extension package (FMi)
\col@sep=\dimen339
\ar@mcellbox=\box73
\extrarowheight=\dimen340
\NC@list=\toks51
\extratabsurround=\skip83
\backup@length=\skip84
\ar@cellbox=\box74
)
\l__nicematrix_tmpc_dim=\dimen341
\l__nicematrix_tmpd_dim=\dimen342
\l__nicematrix_tmpe_dim=\dimen343
\l__nicematrix_tmpf_dim=\dimen344
\l__nicematrix_tmpc_int=\count382
\g__nicematrix_env_int=\count383
\g__nicematrix_NiceMatrixBlock_int=\count384
\g__nicematrix_notes_caption_int=\count385
\l__nicematrix_columns_width_dim=\dimen345
\l__nicematrix_col_width_dim=\dimen346
\g__nicematrix_row_total_int=\count386
\g__nicematrix_col_total_int=\count387
\g__nicematrix_last_row_node_int=\count388
\l__nicematrix_key_nb_rows_int=\count389
\g__nicematrix_blocks_wd_dim=\dimen347
\g__nicematrix_blocks_ht_dim=\dimen348
\g__nicematrix_blocks_dp_dim=\dimen349
\l__nicematrix_width_dim=\dimen350
\l__nicematrix_tabular_width_dim=\dimen351
\l__nicematrix_rule_width_dim=\dimen352
\l__nicematrix_old_iRow_int=\count390
\l__nicematrix_old_jCol_int=\count391
\l__nicematrix_X_columns_dim=\dimen353
\l__nicematrix_x_initial_dim=\dimen354
\l__nicematrix_y_initial_dim=\dimen355
\l__nicematrix_x_final_dim=\dimen356
\l__nicematrix_y_final_dim=\dimen357
\g__nicematrix_dp_row_zero_dim=\dimen358
\g__nicematrix_ht_row_zero_dim=\dimen359
\g__nicematrix_ht_row_one_dim=\dimen360
\g__nicematrix_dp_ante_last_row_dim=\dimen361
\g__nicematrix_ht_last_row_dim=\dimen362
\g__nicematrix_dp_last_row_dim=\dimen363
\g__nicematrix_width_last_col_dim=\dimen364
\g__nicematrix_width_first_col_dim=\dimen365
\g__nicematrix_ddots_int=\count392
\g__nicematrix_iddots_int=\count393
\g__nicematrix_delta_x_one_dim=\dimen366
\g__nicematrix_delta_y_one_dim=\dimen367
\g__nicematrix_delta_x_two_dim=\dimen368
\g__nicematrix_delta_y_two_dim=\dimen369
\l__nicematrix_row_min_int=\count394
\l__nicematrix_row_max_int=\count395
\l__nicematrix_col_min_int=\count396
\l__nicematrix_col_max_int=\count397
\l__nicematrix_initial_i_int=\count398
\l__nicematrix_initial_j_int=\count399
\l__nicematrix_final_i_int=\count400
\l__nicematrix_final_j_int=\count401
\l__nicematrix_start_int=\count402
\l__nicematrix_end_int=\count403
\l__nicematrix_local_start_int=\count404
\l__nicematrix_local_end_int=\count405
\g__nicematrix_static_num_of_col_int=\count406
\l__nicematrix_rounded_corners_dim=\dimen370
\l__nicematrix_tab_rounded_corners_dim=\dimen371
\l__nicematrix_offset_dim=\dimen372
\l__nicematrix_line_width_dim=\dimen373
\g__nicematrix_block_box_int=\count407
\l__nicematrix_submatrix_extra_height_dim=\dimen374
\l__nicematrix_submatrix_left_xshift_dim=\dimen375
\l__nicematrix_submatrix_right_xshift_dim=\dimen376
\l__nicematrix_first_row_int=\count408
\l__nicematrix_first_col_int=\count409
\l__nicematrix_last_row_int=\count410
\l__nicematrix_last_col_int=\count411
\c@tabularnote=\count412
\g__nicematrix_tabularnote_int=\count413
\c@nicematrix_draft=\count414
\l__nicematrix_cell_space_top_limit_dim=\dimen377
\l__nicematrix_cell_space_bottom_limit_dim=\dimen378
\l__nicematrix_xdots_inter_dim=\dimen379
\l__nicematrix_xdots_shorten_start_dim=\dimen380
\l__nicematrix_xdots_shorten_end_dim=\dimen381
\l__nicematrix_xdots_radius_dim=\dimen382
\l__nicematrix_left_margin_dim=\dimen383
\l__nicematrix_right_margin_dim=\dimen384
\l__nicematrix_extra_left_margin_dim=\dimen385
\l__nicematrix_extra_right_margin_dim=\dimen386
\c__nicematrix_max_l_dim=\dimen387
\l__nicematrix_position_int=\count415
\l__nicematrix_multiplicity_int=\count416
\l__nicematrix_brace_yshift_dim=\dimen388
) (D:\MikTek\tex/latex/caption\subcaption.sty
Package: subcaption 2023/07/28 v1.6b Sub-captions (AR)
Package caption Info: New subtype `subfigure' on input line 238.
\c@subfigure=\count417
Package caption Info: New subtype `subtable' on input line 238.
\c@subtable=\count418
) (D:\MikTek\tex/latex/todonotes\todonotes.sty
Package: todonotes 2024/01/05 v1.1.7 Todonotes source and documentation.
Package: todonotes 2024/01/05
 (D:\MikTek\tex/generic/pgf/frontendlayer/tikz/libraries\tikzlibrarypositioning.code.tex
File: tikzlibrarypositioning.code.tex 2023-01-15 v3.1.10 (3.1.10)
)
\c@@todonotes@numberoftodonotes=\count419
) (D:\MikTek\tex/latex/csquotes\csquotes.sty
Package: csquotes 2024-04-04 v5.2o context-sensitive quotations (JAW)
\csq@reset=\count420
\csq@gtype=\count421
\csq@glevel=\count422
\csq@qlevel=\count423
\csq@maxlvl=\count424
\csq@tshold=\count425
\csq@ltx@everypar=\toks52
 (D:\MikTek\tex/latex/csquotes\csquotes.def
File: csquotes.def 2024-04-04 v5.2o csquotes generic definitions (JAW)
)
Package csquotes Info: Trying to load configuration file 'csquotes.cfg'...
Package csquotes Info: ... configuration file loaded successfully.
 (D:\MikTek\tex/latex/csquotes\csquotes.cfg
File: csquotes.cfg 
)) (D:\MikTek\tex/latex/quiver\quiver.sty
Package: quiver 2025/06/24 quiver
 (D:\MikTek\tex/generic/pgf/frontendlayer/tikz/libraries\tikzlibrarydecorations.pathmorphing.code.tex (D:\MikTek\tex/generic/pgf/frontendlayer/tikz/libraries\tikzlibrarydecorations.code.tex (D:\MikTek\tex/generic/pgf/modules\pgfmoduledecorations.code.tex
\pgfdecoratedcompleteddistance=\dimen389
\pgfdecoratedremainingdistance=\dimen390
\pgfdecoratedinputsegmentcompleteddistance=\dimen391
\pgfdecoratedinputsegmentremainingdistance=\dimen392
\pgf@decorate@distancetomove=\dimen393
\pgf@decorate@repeatstate=\count426
\pgfdecorationsegmentamplitude=\dimen394
\pgfdecorationsegmentlength=\dimen395
)
\tikz@lib@dec@box=\box75
) (D:\MikTek\tex/generic/pgf/libraries/decorations\pgflibrarydecorations.pathmorphing.code.tex)) (D:\MikTek\tex/latex/spath3\tikzlibraryspath3.code.tex (D:\MikTek\tex/latex/spath3\spath3.sty (D:\MikTek\tex/latex/l3kernel\expl3.sty
Package: expl3 2025-05-26 L3 programming layer (loader) 
 (D:\MikTek\tex/latex/l3backend\l3backend-pdftex.def
File: l3backend-pdftex.def 2025-04-14 L3 backend support: PDF output (pdfTeX)
\l__color_backend_stack_int=\count427
))
Package: spath3 2024/05/31 v2.8 Functions for manipulating PGF soft paths
 (D:\MikTek\tex/latex/l3packages/xparse\xparse.sty
Package: xparse 2024-08-16 L3 Experimental document command parser
)
\g__spath_output_int=\count428
\l__spath_tmpa_dim=\dimen396
\l__spath_tmpb_dim=\dimen397
\l__spath_tmpa_int=\count429
\l__spath_tmpb_int=\count430
\l__spath_move_x_dim=\dimen398
\l__spath_move_y_dim=\dimen399
\l__spath_rectx_dim=\dimen400
\l__spath_recty_dim=\dimen401
\g__spath_anon_int=\count431
)
\l__tikzspath_tmpa_int=\count432
)) (D:\MikTek\tex/latex/pgfplots\pgfplots.sty (D:\MikTek\tex/generic/pgfplots\pgfplots.revision.tex)
Package: pgfplots 2021/05/15 v1.18.1 Data Visualization (1.18.1)
 (D:\MikTek\tex/generic/pgfplots\pgfplots.code.tex (D:\MikTek\tex/generic/pgfplots\pgfplotscore.code.tex
\t@pgfplots@toka=\toks53
\t@pgfplots@tokb=\toks54
\t@pgfplots@tokc=\toks55
\pgfplots@tmpa=\dimen402
\c@pgfplots@coordindex=\count433
\c@pgfplots@scanlineindex=\count434
 (D:\MikTek\tex/generic/pgfplots/sys\pgfplotssysgeneric.code.tex)) (D:\MikTek\tex/generic/pgfplots/libs\pgfplotslibrary.code.tex) (D:\MikTek\tex/generic/pgfplots/oldpgfcompatib\pgfplotsoldpgfsupp_loader.code.tex
Package pgfplots: loading complementary utilities for your pgf version...
\t@pgf@toka=\toks56
\t@pgf@tokb=\toks57
\t@pgf@tokc=\toks58
(D:\MikTek\tex/generic/pgfplots/oldpgfcompatib\pgfplotsoldpgfsupp_pgfutil-common-lists.tex)) (D:\MikTek\tex/generic/pgfplots/util\pgfplotsutil.code.tex (D:\MikTek\tex/generic/pgfplots/liststructure\pgfplotsliststructure.code.tex) (D:\MikTek\tex/generic/pgfplots/liststructure\pgfplotsliststructureext.code.tex) (D:\MikTek\tex/generic/pgfplots/liststructure\pgfplotsarray.code.tex
\c@pgfplotsarray@tmp=\count435
) (D:\MikTek\tex/generic/pgfplots/liststructure\pgfplotsmatrix.code.tex) (D:\MikTek\tex/generic/pgfplots/numtable\pgfplotstableshared.code.tex
\c@pgfplotstable@counta=\count436
\t@pgfplotstable@a=\toks59
) (D:\MikTek\tex/generic/pgfplots/liststructure\pgfplotsdeque.code.tex) (D:\MikTek\tex/generic/pgfplots/util\pgfplotsbinary.code.tex (D:\MikTek\tex/generic/pgfplots/util\pgfplotsbinary.data.code.tex)) (D:\MikTek\tex/generic/pgfplots/util\pgfplotsutil.verb.code.tex) (D:\MikTek\tex/generic/pgfplots/libs\pgflibrarypgfplots.surfshading.code.tex
\c@pgfplotslibrarysurf@no=\count437
 (D:\MikTek\tex/generic/pgfplots/sys\pgflibrarypgfplots.surfshading.pgfsys-pdftex.def))) (D:\MikTek\tex/generic/pgfplots/util\pgfplotscolormap.code.tex (D:\MikTek\tex/generic/pgfplots/util\pgfplotscolor.code.tex)) (D:\MikTek\tex/generic/pgfplots\pgfplotsstackedplots.code.tex) (D:\MikTek\tex/generic/pgfplots\pgfplotsplothandlers.code.tex (D:\MikTek\tex/generic/pgfplots\pgfplotsmeshplothandler.code.tex (D:\MikTek\tex/generic/pgfplots\pgfplotsmeshplotimage.code.tex))) (D:\MikTek\tex/generic/pgfplots\pgfplots.scaling.code.tex) (D:\MikTek\tex/generic/pgfplots\pgfplotscoordprocessing.code.tex) (D:\MikTek\tex/generic/pgfplots\pgfplots.errorbars.code.tex) (D:\MikTek\tex/generic/pgfplots\pgfplots.markers.code.tex) (D:\MikTek\tex/generic/pgfplots\pgfplotsticks.code.tex) (D:\MikTek\tex/generic/pgfplots\pgfplots.paths.code.tex) (D:\MikTek\tex/generic/pgf/frontendlayer/tikz/libraries\tikzlibrarydecorations.pathreplacing.code.tex (D:\MikTek\tex/generic/pgf/libraries/decorations\pgflibrarydecorations.pathreplacing.code.tex)) (D:\MikTek\tex/generic/pgfplots/libs\tikzlibrarypgfplots.contourlua.code.tex)
\pgfplots@numplots=\count438
\pgfplots@xmin@reg=\dimen403
\pgfplots@xmax@reg=\dimen404
\pgfplots@ymin@reg=\dimen405
\pgfplots@ymax@reg=\dimen406
\pgfplots@zmin@reg=\dimen407
\pgfplots@zmax@reg=\dimen408
) (D:\MikTek\tex/generic/pgf/frontendlayer/tikz/libraries\tikzlibraryplotmarks.code.tex
File: tikzlibraryplotmarks.code.tex 2023-01-15 v3.1.10 (3.1.10)
 (D:\MikTek\tex/generic/pgf/libraries\pgflibraryplotmarks.code.tex
File: pgflibraryplotmarks.code.tex 2023-01-15 v3.1.10 (3.1.10)
))) (D:\MikTek\tex/latex/tcolorbox\tcolorbox.sty
Package: tcolorbox 2025/06/04 version 6.6.0 text color boxes
 (D:\MikTek\tex/latex/tools\verbatim.sty
Package: verbatim 2024-01-22 v1.5x LaTeX2e package for verbatim enhancements
\every@verbatim=\toks60
\verbatim@line=\toks61
\verbatim@in@stream=\read3
) (D:\MikTek\tex/latex/environ\environ.sty
Package: environ 2014/05/04 v0.3 A new way to define environments
 (D:\MikTek\tex/latex/trimspaces\trimspaces.sty
Package: trimspaces 2009/09/17 v1.1 Trim spaces around a token list
))
\tcb@titlebox=\box76
\tcb@upperbox=\box77
\tcb@lowerbox=\box78
\tcb@phantombox=\box79
\c@tcbbreakpart=\count439
\c@tcblayer=\count440
\c@tcolorbox@number=\count441
\l__tcobox_tmpa_box=\box80
\l__tcobox_tmpa_dim=\dimen409
\tcb@temp=\box81
\tcb@temp=\box82
\tcb@temp=\box83
\tcb@temp=\box84
 (D:\MikTek\tex/latex/tcolorbox\tcbbreakable.code.tex
Library (tcolorbox): 'tcbbreakable.code.tex' version '6.6.0'
(D:\MikTek\tex/latex/pdfcol\pdfcol.sty
Package: pdfcol 2022-09-21 v1.7 Handle new color stacks for pdfTeX (HO)
)
Package pdfcol Info: New color stack `tcb@breakable' = 1 on input line 23.
\tcb@testbox=\box85
\tcb@totalupperbox=\box86
\tcb@totallowerbox=\box87
) (D:\MikTek\tex/latex/tcolorbox\tcbtheorems.code.tex
Library (tcolorbox): 'tcbtheorems.code.tex' version '6.6.0'
) (D:\MikTek\tex/latex/tcolorbox\tcbskins.code.tex
Library (tcolorbox): 'tcbskins.code.tex' version '6.6.0'
(D:\MikTek\tex/latex/tikzfill\tikzfill.image.sty
Package: tikzfill.image 2023/08/08 v1.0.1 Image filling library for TikZ
 (D:\MikTek\tex/latex/tikzfill\tikzfill-common.sty
Package: tikzfill-common 2023/08/08 v1.0.1 Auxiliary code for tikzfill
) (D:\MikTek\tex/latex/tikzfill\tikzlibraryfill.image.code.tex
File: tikzlibraryfill.image.code.tex 2023/08/08 v1.0.1 Image filling library
\l__tikzfill_img_box=\box88
)) (D:\MikTek\tex/latex/tcolorbox\tcbskinsjigsaw.code.tex
Library (tcolorbox): 'tcbskinsjigsaw.code.tex' version '6.6.0'
))) (D:\MikTek\tex/latex/epigraph\epigraph.sty
Package: epigraph 2020/01/02 v1.5e typesetting epigraphs
 (D:\MikTek\tex/latex/nextpage\nextpage.sty
Package: nextpage 2009/09/03 v1.1a additional page commands
)
\beforeepigraphskip=\skip85
\afterepigraphskip=\skip86
\epigraphwidth=\skip87
\epigraphrule=\skip88
) (D:\MikTek\tex/latex/algorithm2e\algorithm2e.sty
Package: algorithm2e 2017/07/18 v5.2 algorithms environments
\c@AlgoLine=\count442
\algocf@hangindent=\skip89
 (D:\MikTek\tex/latex/relsize\relsize.sty
Package: relsize 2013/03/29 ver 4.1
)
\skiptotal=\skip90
\skiplinenumber=\skip91
\skiprule=\skip92
\skiphlne=\skip93
\skiptext=\skip94
\skiplength=\skip95
\algomargin=\skip96
\skipalgocfslide=\skip97
\algowidth=\dimen410
\inoutsize=\dimen411
\inoutindent=\dimen412
\interspacetitleruled=\dimen413
\interspacealgoruled=\dimen414
\interspacetitleboxruled=\dimen415
\algocf@ruledwidth=\skip98
\algocf@inoutbox=\box89
\algocf@inputbox=\box90
\AlCapSkip=\skip99
\AlCapHSkip=\skip100
\algoskipindent=\skip101
\algocf@nlbox=\box91
\algocf@hangingbox=\box92
\algocf@untilbox=\box93
\algocf@skipuntil=\skip102
\algocf@capbox=\box94
\algocf@lcaptionbox=\skip103
\algoheightruledefault=\skip104
\algoheightrule=\skip105
\algotitleheightruledefault=\skip106
\algotitleheightrule=\skip107
\c@algocfline=\count443
\c@algocfproc=\count444
\c@algocf=\count445
\algocf@algoframe=\box95
\algocf@algobox=\box96
) (D:\MikTek\tex/latex/algorithmicx\algorithmicx.sty
Package: algorithmicx 2005/04/27 v1.2 Algorithmicx

Document Style algorithmicx 1.2 - a greatly improved `algorithmic' style
\c@ALG@line=\count446
\c@ALG@rem=\count447
\c@ALG@nested=\count448
\ALG@tlm=\skip108
\ALG@thistlm=\skip109
\c@ALG@Lnr=\count449
\c@ALG@blocknr=\count450
\c@ALG@storecount=\count451
\c@ALG@tmpcounter=\count452
\ALG@tmplength=\skip110
) (D:\MikTek\tex/latex/stmaryrd\stmaryrd.sty
Package: stmaryrd 1994/03/03 St Mary's Road symbol package
\symstmry=\mathgroup10
LaTeX Font Info:    Overwriting symbol font `stmry' in version `bold'
(Font)                  U/stmry/m/n --> U/stmry/b/n on input line 89.
) (D:\MikTek\tex/latex/threeparttable\threeparttable.sty
Package: threeparttable 2003/06/13  v 3.0
\@tempboxb=\box97
) (D:\MikTek\tex/latex/ragged2e\ragged2e.sty
Package: ragged2e 2023/06/22 v3.6 ragged2e Package
\CenteringLeftskip=\skip111
\RaggedLeftLeftskip=\skip112
\RaggedRightLeftskip=\skip113
\CenteringRightskip=\skip114
\RaggedLeftRightskip=\skip115
\RaggedRightRightskip=\skip116
\CenteringParfillskip=\skip117
\RaggedLeftParfillskip=\skip118
\RaggedRightParfillskip=\skip119
\JustifyingParfillskip=\skip120
\CenteringParindent=\skip121
\RaggedLeftParindent=\skip122
\RaggedRightParindent=\skip123
\JustifyingParindent=\skip124
) (D:\MikTek\tex/latex/wrapfig\wrapfig.sty
\wrapoverhang=\dimen416
\WF@size=\dimen417
\c@WF@wrappedlines=\count453
\WF@box=\box98
\WF@everypar=\toks62
Package: wrapfig 2003/01/31  v 3.6
) (D:\MikTek\tex/latex/sidecap\sidecap.sty
Package: sidecap 2023/01/24 v1.7a SideCap Package (RN/HjG)
\SC@BOXWD=\dimen418
\SC@CAPWD=\dimen419
\SC@tempdima=\dimen420
\SC@tempdimb=\dimen421
\c@SC@C=\count454
\SC@BOX=\box99
)) (setting/config.tex (D:\MikTek\tex/generic/pgf/frontendlayer/tikz/libraries\tikzlibraryshadings.code.tex
File: tikzlibraryshadings.code.tex 2023-01-15 v3.1.10 (3.1.10)
 (D:\MikTek\tex/generic/pgf/libraries\pgflibraryshadings.code.tex
File: pgflibraryshadings.code.tex 2023-01-15 v3.1.10 (3.1.10)
)) (D:\MikTek\tex/generic/pgf/frontendlayer/tikz/libraries\tikzlibraryshapes.geometric.code.tex
File: tikzlibraryshapes.geometric.code.tex 2023-01-15 v3.1.10 (3.1.10)
 (D:\MikTek\tex/generic/pgf/libraries/shapes\pgflibraryshapes.geometric.code.tex
File: pgflibraryshapes.geometric.code.tex 2023-01-15 v3.1.10 (3.1.10)
)) (D:\MikTek\tex/generic/pgf/frontendlayer/tikz/libraries\tikzlibraryfit.code.tex
File: tikzlibraryfit.code.tex 2023-01-15 v3.1.10 (3.1.10)
)) (setting/document_config.tex) (setting/theorem.tex
\c@col=\count455
\c@claim=\count456
\c@hypothesis=\count457
\c@assume=\count458
\c@setting=\count459
\c@construction=\count460
\c@question=\count461
) (setting/mathcommand.tex
LaTeX Font Info:    Overwriting math alphabet `\mathsfit' in version `bold'
(Font)                  OT1/cmss/m/sl --> OT1/cmss/bx/n on input line 318.
) (D:\MikTek\tex/latex/lastpage\lastpage.sty
Package: lastpage 2025/06/06 v2.1g lastpage: 2.09 or 2e? (HMM)
 (D:\MikTek\tex/latex/lastpage\lastpage2e.sty
Package: lastpage2e 2025/06/06 v2.1g Decide which 2e lastpage version to use (HMM)
 (D:\MikTek\tex/latex/lastpage\lastpagemodern.sty
Package: lastpagemodern 2025-06-06 v2.1g Refers to last page's name (HMM; JPG)
\c@lastpagecount=\count462
) 
))
Package csquotes Info: Checking for multilingual support...
Package csquotes Info: ... none found.
 (main.aux)
\openout1 = `main.aux'.

LaTeX Font Info:    Checking defaults for OML/cmm/m/it on input line 50.
LaTeX Font Info:    ... okay on input line 50.
LaTeX Font Info:    Checking defaults for OMS/cmsy/m/n on input line 50.
LaTeX Font Info:    ... okay on input line 50.
LaTeX Font Info:    Checking defaults for OT1/cmr/m/n on input line 50.
LaTeX Font Info:    ... okay on input line 50.
LaTeX Font Info:    Checking defaults for T1/cmr/m/n on input line 50.
LaTeX Font Info:    ... okay on input line 50.
LaTeX Font Info:    Checking defaults for TS1/cmr/m/n on input line 50.
LaTeX Font Info:    ... okay on input line 50.
LaTeX Font Info:    Checking defaults for OMX/cmex/m/n on input line 50.
LaTeX Font Info:    ... okay on input line 50.
LaTeX Font Info:    Checking defaults for U/cmr/m/n on input line 50.
LaTeX Font Info:    ... okay on input line 50.
LaTeX Font Info:    Checking defaults for PD1/pdf/m/n on input line 50.
LaTeX Font Info:    ... okay on input line 50.
LaTeX Font Info:    Checking defaults for PU/pdf/m/n on input line 50.
LaTeX Font Info:    ... okay on input line 50.
 (D:\MikTek\tex/context/base/mkii\supp-pdf.mkii
[Loading MPS to PDF converter (version 2006.09.02).]
\scratchcounter=\count463
\scratchdimen=\dimen422
\scratchbox=\box100
\nofMPsegments=\count464
\nofMParguments=\count465
\everyMPshowfont=\toks63
\MPscratchCnt=\count466
\MPscratchDim=\dimen423
\MPnumerator=\count467
\makeMPintoPDFobject=\count468
\everyMPtoPDFconversion=\toks64
) (D:\MikTek\tex/latex/epstopdf-pkg\epstopdf-base.sty
Package: epstopdf-base 2020-01-24 v2.11 Base part for package epstopdf
Package epstopdf-base Info: Redefining graphics rule for `.eps' on input line 485.
 (D:\MikTek\tex/latex/00miktex\epstopdf-sys.cfg
File: epstopdf-sys.cfg 2021/03/18 v2.0 Configuration of epstopdf for MiKTeX
))
Package hyperref Info: Link coloring OFF on input line 50.
 (main.out) (main.out)
\@outlinefile=\write4
\openout4 = `main.out'.


*geometry* driver: auto-detecting
*geometry* detected driver: pdftex
*geometry* verbose mode - [ preamble ] result:
* driver: pdftex
* paper: <default>
* layout: <same size as paper>
* layoutoffset:(h,v)=(0.0pt,0.0pt)
* modes: twoside 
* h-part:(L,W,R)=(73.71613pt, 430.00462pt, 110.57425pt)
* v-part:(T,H,B)=(95.39737pt, 556.47656pt, 143.09605pt)
* \paperwidth=614.295pt
* \paperheight=794.96999pt
* \textwidth=430.00462pt
* \textheight=556.47656pt
* \oddsidemargin=1.44614pt
* \evensidemargin=38.30426pt
* \topmargin=-31.94011pt
* \headheight=12.0pt
* \headsep=43.06749pt
* \topskip=11.0pt
* \footskip=30.0pt
* \marginparwidth=5.05942pt
* \marginparsep=10.0pt
* \columnsep=10.0pt
* \skip\footins=10.0pt plus 4.0pt minus 2.0pt
* \hoffset=0.0pt
* \voffset=0.0pt
* \mag=1000
* \@twocolumnfalse
* \@twosidetrue
* \@mparswitchtrue
* \@reversemarginfalse
* (1in=72.27pt=25.4mm, 1cm=28.453pt)

Couldn't patch \deferred@thm@head!
Package caption Info: Begin \AtBeginDocument code.
Package caption Info: float package is loaded.
Package caption Info: sidecap package is loaded.
Package caption Info: threeparttable package is loaded.
Package caption Info: wrapfig package is loaded.
Package caption Info: End \AtBeginDocument code.
\c__nicematrix_shift_Ldots_last_row_dim=\dimen424
\c__nicematrix_shift_exterior_Vdots_dim=\dimen425
\c__nicematrix_innersep_middle_dim=\dimen426
\c@tabularnotesi=\count469
\enitdp@tabularnotes=\count470
\c@tabularnotes*i=\count471
\enitdp@tabularnotes*=\count472

Package todonotes Warning: The length marginparwidth is less than 2cm and will most likely cause issues with the appearance of inserted todonotes. The issue can be solved by adding a line like \setlength {\marginparwidth }{2cm} prior to loading the todonotes package. on input line 50.


Package pgfplots Warning: running in backwards compatibility mode (unsuitable tick labels; missing features). Consider writing \pgfplotsset{compat=1.18} into your preamble.
 on input line 50.



LaTeX Font Info:    Trying to load font information for U+msa on input line 86.
(D:\MikTek\tex/latex/amsfonts\umsa.fd
File: umsa.fd 2013/01/14 v3.01 AMS symbols A
)
LaTeX Font Info:    Trying to load font information for U+msb on input line 86.
 (D:\MikTek\tex/latex/amsfonts\umsb.fd
File: umsb.fd 2013/01/14 v3.01 AMS symbols B
)
LaTeX Font Info:    Trying to load font information for U+esvect on input line 86.
 (D:\MikTek\tex/latex/esvect\uesvect.fd
File: uesvect.fd 
)
LaTeX Font Info:    Trying to load font information for U+stmry on input line 86.
 (D:\MikTek\tex/latex/stmaryrd\ustmry.fd) [1{C:/Users/Admin/AppData/Local/MiKTeX/fonts/map/pdftex/pdftex.map}

{D:/MikTek/fonts/enc/dvips/cm-super/cm-super-ts1.enc}]

[2]

[3] (main.bbl)

[4] 
enddocument/afterlastpage (AED): lastpage setting LastPage.
(main.aux)
 ***********
LaTeX2e <2025-06-01>
L3 programming layer <2025-05-26>
 ***********
Package rerunfilecheck Info: File `main.out' has not changed.
(rerunfilecheck)             Checksum: 95CF658E96DB706E00AAE09BFD3DAFCA;139.
 ) 
Here is how much of TeX's memory you used:
 67825 strings out of 468187
 1692584 string characters out of 5448666
 2525579 words of memory out of 5000000
 95459 multiletter control sequences out of 15000+600000
 639976 words of font info for 91 fonts, out of 8000000 for 9000
 1141 hyphenation exceptions out of 8191
 103i,10n,120p,1018b,609s stack positions out of 10000i,1000n,20000p,200000b,200000s
<D:/MikTek/fonts/type1/public/amsfonts/cm/cmbx10.pfb><D:/MikTek/fonts/type1/public/amsfonts/cm/cmbx12.pfb><D:/MikTek/fonts/type1/public/amsfonts/cm/cmcsc10.pfb><D:/MikTek/fonts/type1/public/amsfonts/cm/cmex10.pfb><D:/MikTek/fonts/type1/public/amsfonts/cm/cmmi10.pfb><D:/MikTek/fonts/type1/public/amsfonts/cm/cmmi8.pfb><D:/MikTek/fonts/type1/public/amsfonts/cm/cmr10.pfb><D:/MikTek/fonts/type1/public/amsfonts/cm/cmr6.pfb><D:/MikTek/fonts/type1/public/amsfonts/cm/cmr8.pfb><D:/MikTek/fonts/type1/public/amsfonts/cm/cmsy10.pfb><D:/MikTek/fonts/type1/public/amsfonts/cm/cmsy8.pfb><D:/MikTek/fonts/type1/public/amsfonts/cm/cmti10.pfb><D:/MikTek/fonts/type1/public/amsfonts/cm/cmtt8.pfb><D:/MikTek/fonts/type1/public/cm-super/sfrm0800.pfb>
Output written on main.pdf (4 pages, 183299 bytes).
PDF statistics:
 115 PDF objects out of 1000 (max. 8388607)
 9 named destinations out of 1000 (max. 500000)
 29 words of extra memory for PDF output out of 10000 (max. 10000000)

